Component: ARM Compiler 5.05 update 2 (build 169) Tool: armlink [4d0f33]

==============================================================================

Section Cross References

    main.o(i.IWDG_Config) refers to stm32f10x_iwdg.o(i.IWDG_WriteAccessCmd) for IWDG_WriteAccessCmd
    main.o(i.IWDG_Config) refers to stm32f10x_iwdg.o(i.IWDG_SetPrescaler) for IWDG_SetPrescaler
    main.o(i.IWDG_Config) refers to stm32f10x_iwdg.o(i.IWDG_SetReload) for IWDG_SetReload
    main.o(i.IWDG_Config) refers to stm32f10x_iwdg.o(i.IWDG_ReloadCounter) for IWDG_ReloadCounter
    main.o(i.IWDG_Config) refers to stm32f10x_iwdg.o(i.IWDG_Enable) for IWDG_Enable
    main.o(i.gpio_init) refers to stm32f10x_rcc.o(i.RCC_APB2PeriphClockCmd) for RCC_APB2PeriphClockCmd
    main.o(i.gpio_init) refers to stm32f10x_gpio.o(i.GPIO_PinRemapConfig) for GPIO_PinRemapConfig
    main.o(i.gpio_init) refers to stm32f10x_gpio.o(i.GPIO_Init) for GPIO_Init
    main.o(i.gpio_init) refers to delay.o(i.delay_ms) for delay_ms
    main.o(i.main) refers to misc.o(i.NVIC_PriorityGroupConfig) for NVIC_PriorityGroupConfig
    main.o(i.main) refers to delay.o(i.delay_init) for delay_init
    main.o(i.main) refers to main.o(i.gpio_init) for gpio_init
    main.o(i.main) refers to usart.o(i.usart1_init) for usart1_init
    main.o(i.main) refers to tlc5620.o(i.tlc5620_init) for tlc5620_init
    main.o(i.main) refers to flash.o(i.load_para) for load_para
    main.o(i.main) refers to rtc.o(i.RTC_Init) for RTC_Init
    main.o(i.main) refers to adc.o(i.adc_init) for adc_init
    main.o(i.main) refers to delay.o(i.delay_ms) for delay_ms
    main.o(i.main) refers to ina.o(i.INA220_Init) for INA220_Init
    main.o(i.main) refers to timer.o(i.timer_init) for timer_init
    main.o(i.main) refers to exti.o(i.exti_init) for exti_init
    main.o(i.main) refers to rtc.o(i.power_on_lock_action) for power_on_lock_action
    main.o(i.main) refers to flash.o(i.Read_Flash_Word) for Read_Flash_Word
    main.o(i.main) refers to stm32f10x_tim.o(i.TIM_ITConfig) for TIM_ITConfig
    tlc5620.o(i.TLC5620SendAddr) refers to tlc5620.o(i.TLC5620SendBit) for TLC5620SendBit
    tlc5620.o(i.TLC5620SendByte) refers to tlc5620.o(i.TLC5620SendBit) for TLC5620SendBit
    tlc5620.o(i.TLC5620_Set_DA) refers to f2d.o(.text) for __aeabi_f2d
    tlc5620.o(i.TLC5620_Set_DA) refers to ddiv.o(.text) for __aeabi_ddiv
    tlc5620.o(i.TLC5620_Set_DA) refers to dmul.o(.text) for __aeabi_dmul
    tlc5620.o(i.TLC5620_Set_DA) refers to dadd.o(.text) for __aeabi_dsub
    tlc5620.o(i.TLC5620_Set_DA) refers to dfixui.o(.text) for __aeabi_d2uiz
    tlc5620.o(i.TLC5620_Set_DA) refers to tlc5620.o(i.TLC5620SendAddr) for TLC5620SendAddr
    tlc5620.o(i.TLC5620_Set_DA) refers to tlc5620.o(i.TLC5620SendByte) for TLC5620SendByte
    tlc5620.o(i.tlc5620_init) refers to stm32f10x_rcc.o(i.RCC_APB2PeriphClockCmd) for RCC_APB2PeriphClockCmd
    tlc5620.o(i.tlc5620_init) refers to stm32f10x_gpio.o(i.GPIO_Init) for GPIO_Init
    adc.o(i.Get_adc) refers to dfltui.o(.text) for __aeabi_ui2d
    adc.o(i.Get_adc) refers to dmul.o(.text) for __aeabi_dmul
    adc.o(i.Get_adc) refers to ddiv.o(.text) for __aeabi_ddiv
    adc.o(i.Get_adc) refers to dfixui.o(.text) for __aeabi_d2uiz
    adc.o(i.Get_adc) refers to d2f.o(.text) for __aeabi_d2f
    adc.o(i.Get_adc) refers to adc.o(i.temp_calcuate) for temp_calcuate
    adc.o(i.Get_adc) refers to adc.o(.bss) for AD_Value
    adc.o(i.Get_adc) refers to main.o(.bss) for info_1
    adc.o(i.Get_adc) refers to main.o(.data) for WorkMode
    adc.o(i.adc_init) refers to stm32f10x_rcc.o(i.RCC_APB2PeriphClockCmd) for RCC_APB2PeriphClockCmd
    adc.o(i.adc_init) refers to stm32f10x_rcc.o(i.RCC_AHBPeriphClockCmd) for RCC_AHBPeriphClockCmd
    adc.o(i.adc_init) refers to stm32f10x_rcc.o(i.RCC_ADCCLKConfig) for RCC_ADCCLKConfig
    adc.o(i.adc_init) refers to stm32f10x_gpio.o(i.GPIO_Init) for GPIO_Init
    adc.o(i.adc_init) refers to stm32f10x_dma.o(i.DMA_DeInit) for DMA_DeInit
    adc.o(i.adc_init) refers to stm32f10x_dma.o(i.DMA_Init) for DMA_Init
    adc.o(i.adc_init) refers to stm32f10x_dma.o(i.DMA_Cmd) for DMA_Cmd
    adc.o(i.adc_init) refers to stm32f10x_adc.o(i.ADC_DeInit) for ADC_DeInit
    adc.o(i.adc_init) refers to stm32f10x_adc.o(i.ADC_Init) for ADC_Init
    adc.o(i.adc_init) refers to stm32f10x_adc.o(i.ADC_RegularChannelConfig) for ADC_RegularChannelConfig
    adc.o(i.adc_init) refers to stm32f10x_adc.o(i.ADC_DMACmd) for ADC_DMACmd
    adc.o(i.adc_init) refers to stm32f10x_adc.o(i.ADC_Cmd) for ADC_Cmd
    adc.o(i.adc_init) refers to stm32f10x_adc.o(i.ADC_ResetCalibration) for ADC_ResetCalibration
    adc.o(i.adc_init) refers to stm32f10x_adc.o(i.ADC_GetResetCalibrationStatus) for ADC_GetResetCalibrationStatus
    adc.o(i.adc_init) refers to stm32f10x_adc.o(i.ADC_StartCalibration) for ADC_StartCalibration
    adc.o(i.adc_init) refers to stm32f10x_adc.o(i.ADC_GetCalibrationStatus) for ADC_GetCalibrationStatus
[...]
    FWlib\src\stm32f10x_tim.c                0x00000000   Number         0  stm32f10x_tim.o ABSOLUTE
    FWlib\src\stm32f10x_usart.c              0x00000000   Number         0  stm32f10x_usart.o ABSOLUTE
    HARDWARE\adc.c                           0x00000000   Number         0  adc.o ABSOLUTE
    HARDWARE\comyun.c                        0x00000000   Number         0  comyun.o ABSOLUTE
    HARDWARE\delay.c                         0x00000000   Number         0  delay.o ABSOLUTE
    HARDWARE\exti.c                          0x00000000   Number         0  exti.o ABSOLUTE
    HARDWARE\flash.c                         0x00000000   Number         0  flash.o ABSOLUTE
    HARDWARE\ina.c                           0x00000000   Number         0  ina.o ABSOLUTE
    HARDWARE\power_convert.c                 0x00000000   Number         0  power_convert.o ABSOLUTE
    HARDWARE\pvd.c                           0x00000000   Number         0  pvd.o ABSOLUTE
    HARDWARE\rtc.c                           0x00000000   Number         0  rtc.o ABSOLUTE
    HARDWARE\timer.c                         0x00000000   Number         0  timer.o ABSOLUTE
    HARDWARE\tlc5620.c                       0x00000000   Number         0  tlc5620.o ABSOLUTE
    HARDWARE\usart.c                         0x00000000   Number         0  usart.o ABSOLUTE
    HARDWARE\usart2.c                        0x00000000   Number         0  usart2.o ABSOLUTE
    USER\main.c                              0x00000000   Number         0  main.o ABSOLUTE
    USER\stm32f10x_it.c                      0x00000000   Number         0  stm32f10x_it.o ABSOLUTE
    cdcmple.s                                0x00000000   Number         0  cdcmple.o ABSOLUTE
    cdrcmple.s                               0x00000000   Number         0  cdrcmple.o ABSOLUTE
    cfrcmple.s                               0x00000000   Number         0  cfrcmple.o ABSOLUTE
    dc.s                                     0x00000000   Number         0  dc.o ABSOLUTE
    handlers.s                               0x00000000   Number         0  handlers.o ABSOLUTE
    init.s                                   0x00000000   Number         0  init.o ABSOLUTE
    RESET                                    0x08000000   Section      304  startup_stm32f10x_hd.o(RESET)
    .ARM.Collect$$$$00000000                 0x08000130   Section        0  entry.o(.ARM.Collect$$$$00000000)
    .ARM.Collect$$$$00000001                 0x08000130   Section        4  entry2.o(.ARM.Collect$$$$00000001)
    .ARM.Collect$$$$00000004                 0x08000134   Section        4  entry5.o(.ARM.Collect$$$$00000004)
    .ARM.Collect$$$$00000008                 0x08000138   Section        0  entry7b.o(.ARM.Collect$$$$00000008)
    .ARM.Collect$$$$0000000A                 0x08000138   Section        0  entry8b.o(.ARM.Collect$$$$0000000A)
    .ARM.Collect$$$$0000000B                 0x08000138   Section        8  entry9a.o(.ARM.Collect$$$$0000000B)
    .ARM.Collect$$$$0000000D                 0x08000140   Section        0  entry10a.o(.ARM.Collect$$$$0000000D)
    .ARM.Collect$$$$0000000F                 0x08000140   Section        0  entry11a.o(.ARM.Collect$$$$0000000F)
    .ARM.Collect$$$$00002712                 0x08000140   Section        4  entry2.o(.ARM.Collect$$$$00002712)
    __lit__00000000                          0x08000140   Data           4  entry2.o(.ARM.Collect$$$$00002712)
    .text                                    0x08000144   Section       36  startup_stm32f10x_hd.o(.text)
    .text                                    0x08000168   Section        0  fadd.o(.text)
    .text                                    0x08000218   Section        0  fmul.o(.text)
    .text                                    0x0800027c   Section        0  dadd.o(.text)
    .text                                    0x080003ca   Section        0  dmul.o(.text)
    .text                                    0x080004ae   Section        0  ddiv.o(.text)
    .text                                    0x0800058c   Section        0  dflti.o(.text)
    .text                                    0x080005ae   Section        0  dfltui.o(.text)
    .text                                    0x080005c8   Section        0  ffixui.o(.text)
    .text                                    0x080005f0   Section        0  dfixui.o(.text)
    .text                                    0x08000622   Section        0  f2d.o(.text)
    .text                                    0x08000648   Section       48  cdcmple.o(.text)
    .text                                    0x08000678   Section       48  cdrcmple.o(.text)
    .text                                    0x080006a8   Section        0  d2f.o(.text)
    .text                                    0x080006e0   Section       20  cfrcmple.o(.text)
    .text                                    0x080006f4   Section        0  llshl.o(.text)
    .text                                    0x08000712   Section        0  llushr.o(.text)
    .text                                    0x08000732   Section        0  llsshr.o(.text)
    .text                                    0x08000756   Section        0  iusefp.o(.text)
    .text                                    0x08000756   Section        0  fepilogue.o(.text)
    .text                                    0x080007c4   Section        0  depilogue.o(.text)
    .text                                    0x08000880   Section       36  init.o(.text)
    .text                                    0x080008a4   Section        0  __dczerorl2.o(.text)
    i.ADC_Cmd                                0x080008fa   Section        0  stm32f10x_adc.o(i.ADC_Cmd)
    i.ADC_DMACmd                             0x08000910   Section        0  stm32f10x_adc.o(i.ADC_DMACmd)
    i.ADC_DeInit                             0x08000928   Section        0  stm32f10x_adc.o(i.ADC_DeInit)
    i.ADC_GetCalibrationStatus               0x08000984   Section        0  stm32f10x_adc.o(i.ADC_GetCalibrationStatus)
    i.ADC_GetResetCalibrationStatus          0x08000998   Section        0  stm32f10x_adc.o(i.ADC_GetResetCalibrationStatus)
    i.ADC_Init                               0x080009ac   Section        0  stm32f10x_adc.o(i.ADC_Init)
    i.ADC_RegularChannelConfig               0x080009fc   Section        0  stm32f10x_adc.o(i.ADC_RegularChannelConfig)
    i.ADC_ResetCalibration                   0x08000ab4   Section        0  stm32f10x_adc.o(i.ADC_ResetCalibration)
    i.ADC_SoftwareStartConvCmd               0x08000abe   Section        0  stm32f10x_adc.o(i.ADC_SoftwareStartConvCmd)
    i.ADC_StartCalibration                   0x08000ad4   Section        0  stm32f10x_adc.o(i.ADC_StartCalibration)
    i.Alarm_ON                               0x08000ae0   Section        0  timer.o(i.Alarm_ON)
    Alarm_ON                                 0x08000ae1   Thumb Code   108  timer.o(i.Alarm_ON)
    i.Alarm_ON1                              0x08000b70   Section        0  pvd.o(i.Alarm_ON1)
    Alarm_ON1                                0x08000b71   Thumb Code    88  pvd.o(i.Alarm_ON1)
    i.Alarm_ON2                              0x08000be0   Section        0  flash.o(i.Alarm_ON2)
    i.Average_Current                        0x08000c5c   Section        0  ina.o(i.Average_Current)
    i.BKP_DeInit                             0x08000d78   Section        0  stm32f10x_bkp.o(i.BKP_DeInit)
    i.BKP_ReadBackupRegister                 0x08000d88   Section        0  stm32f10x_bkp.o(i.BKP_ReadBackupRegister)
    i.BKP_WriteBackupRegister                0x08000da4   Section        0  stm32f10x_bkp.o(i.BKP_WriteBackupRegister)
    i.BusFault_Handler                       0x08000dc0   Section        0  stm32f10x_it.o(i.BusFault_Handler)
    i.Check_Alarm                            0x08000dc4   Section        0  timer.o(i.Check_Alarm)
    Check_Alarm                              0x08000dc5   Thumb Code    72  timer.o(i.Check_Alarm)
    i.Current_Check                          0x08000e0c   Section        0  timer.o(i.Current_Check)
    Current_Check                            0x08000e0d   Thumb Code   508  timer.o(i.Current_Check)
    i.DMA_ClearFlag                          0x08001028   Section        0  stm32f10x_dma.o(i.DMA_ClearFlag)
    i.DMA_ClearITPendingBit                  0x08001044   Section        0  stm32f10x_dma.o(i.DMA_ClearITPendingBit)
    i.DMA_Cmd                                0x08001060   Section        0  stm32f10x_dma.o(i.DMA_Cmd)
    i.DMA_DeInit                             0x08001078   Section        0  stm32f10x_dma.o(i.DMA_DeInit)
    i.DMA_GetCurrDataCounter                 0x080011c4   Section        0  stm32f10x_dma.o(i.DMA_GetCurrDataCounter)
    i.DMA_GetITStatus                        0x080011cc   Section        0  stm32f10x_dma.o(i.DMA_GetITStatus)
    i.DMA_ITConfig                           0x080011f8   Section        0  stm32f10x_dma.o(i.DMA_ITConfig)
    i.DMA_Init                               0x0800120a   Section        0  stm32f10x_dma.o(i.DMA_Init)
    i.DMA_usart1_Send                        0x08001248   Section        0  usart.o(i.DMA_usart1_Send)
    i.DebugMon_Handler                       0x08001298   Section        0  stm32f10x_it.o(i.DebugMon_Handler)
    i.EXTI3_IRQHandler                       0x0800129c   Section        0  exti.o(i.EXTI3_IRQHandler)
    i.EXTI4_IRQHandler                       0x080012ec   Section        0  exti.o(i.EXTI4_IRQHandler)
    i.EXTI9_5_IRQHandler                     0x0800137c   Section        0  exti.o(i.EXTI9_5_IRQHandler)
    i.EXTI_ClearITPendingBit                 0x08001390   Section        0  stm32f10x_exti.o(i.EXTI_ClearITPendingBit)
    i.EXTI_GetITStatus                       0x0800139c   Section        0  stm32f10x_exti.o(i.EXTI_GetITStatus)
    i.EXTI_Init                              0x080013c4   Section        0  stm32f10x_exti.o(i.EXTI_Init)
    i.ExtMode_Update                         0x08001458   Section        0  timer.o(i.ExtMode_Update)
    ExtMode_Update                           0x08001459   Thumb Code   128  timer.o(i.ExtMode_Update)
    i.FLASH_ErasePage                        0x080014e0   Section        0  stm32f10x_flash.o(i.FLASH_ErasePage)
    i.FLASH_GetBank1Status                   0x0800152c   Section        0  stm32f10x_flash.o(i.FLASH_GetBank1Status)
    i.FLASH_Lock                             0x08001560   Section        0  stm32f10x_flash.o(i.FLASH_Lock)
    i.FLASH_ProgramHalfWord                  0x08001574   Section        0  stm32f10x_flash.o(i.FLASH_ProgramHalfWord)
    i.FLASH_Unlock                           0x080015b4   Section        0  stm32f10x_flash.o(i.FLASH_Unlock)
    i.FLASH_WaitForLastOperation             0x080015cc   Section        0  stm32f10x_flash.o(i.FLASH_WaitForLastOperation)
    i.File_Lock_down                         0x080015f4   Section        0  flash.o(i.File_Lock_down)
    i.File_Lock_up                           0x0800172c   Section        0  flash.o(i.File_Lock_up)
    i.Flow_Check                             0x08001834   Section        0  timer.o(i.Flow_Check)
    Flow_Check                               0x08001835   Thumb Code   126  timer.o(i.Flow_Check)
    i.GPIO_EXTILineConfig                    0x080018c4   Section        0  stm32f10x_gpio.o(i.GPIO_EXTILineConfig)
    i.GPIO_Init                              0x08001904   Section        0  stm32f10x_gpio.o(i.GPIO_Init)
    i.GPIO_PinRemapConfig                    0x08001a1c   Section        0  stm32f10x_gpio.o(i.GPIO_PinRemapConfig)
    i.GetInfo                                0x08001aac   Section        0  timer.o(i.GetInfo)
    GetInfo                                  0x08001aad   Thumb Code    16  timer.o(i.GetInfo)
    i.Get_Current                            0x08001abc   Section        0  ina.o(i.Get_Current)
    i.Get_adc                                0x08001aec   Section        0  adc.o(i.Get_adc)
    i.HardFault_Handler                      0x08001cf8   Section        0  stm32f10x_it.o(i.HardFault_Handler)
    i.IIC_Ack                                0x08001cfc   Section        0  ina.o(i.IIC_Ack)
    IIC_Ack                                  0x08001cfd   Thumb Code    44  ina.o(i.IIC_Ack)
    i.IIC_Delay                              0x08001d30   Section        0  ina.o(i.IIC_Delay)
    IIC_Delay                                0x08001d31   Thumb Code    12  ina.o(i.IIC_Delay)
    i.IIC_NAck                               0x08001d3c   Section        0  ina.o(i.IIC_NAck)
    IIC_NAck                                 0x08001d3d   Thumb Code    44  ina.o(i.IIC_NAck)
    i.IIC_Read_Byte                          0x08001d70   Section        0  ina.o(i.IIC_Read_Byte)
    IIC_Read_Byte                            0x08001d71   Thumb Code    76  ina.o(i.IIC_Read_Byte)
    i.IIC_Send_Byte                          0x08001dc4   Section        0  ina.o(i.IIC_Send_Byte)
    IIC_Send_Byte                            0x08001dc5   Thumb Code    66  ina.o(i.IIC_Send_Byte)
    i.IIC_Start                              0x08001e10   Section        0  ina.o(i.IIC_Start)
    IIC_Start                                0x08001e11   Thumb Code    42  ina.o(i.IIC_Start)
    i.IIC_Stop                               0x08001e44   Section        0  ina.o(i.IIC_Stop)
    IIC_Stop                                 0x08001e45   Thumb Code    40  ina.o(i.IIC_Stop)
    i.IIC_Wait_Ack                           0x08001e74   Section        0  ina.o(i.IIC_Wait_Ack)
    IIC_Wait_Ack                             0x08001e75   Thumb Code    68  ina.o(i.IIC_Wait_Ack)
    i.INA220_Init                            0x08001ec0   Section        0  ina.o(i.INA220_Init)
    i.INA220_ReadOneWord                     0x08001f7c   Section        0  ina.o(i.INA220_ReadOneWord)
    i.INA220_WriteOneWord                    0x08001fc8   Section        0  ina.o(i.INA220_WriteOneWord)
    i.INA_ReadCurrent                        0x08002004   Section        0  ina.o(i.INA_ReadCurrent)
    i.Is_Leap_Year                           0x08002040   Section        0  rtc.o(i.Is_Leap_Year)
    Is_Leap_Year                             0x08002041   Thumb Code    58  rtc.o(i.Is_Leap_Year)
    i.MemManage_Handler                      0x0800207a   Section        0  stm32f10x_it.o(i.MemManage_Handler)
    i.NMI_Handler                            0x0800207e   Section        0  stm32f10x_it.o(i.NMI_Handler)
    i.NVIC_Init                              0x08002080   Section        0  misc.o(i.NVIC_Init)
    i.NVIC_PriorityGroupConfig               0x080020f0   Section        0  misc.o(i.NVIC_PriorityGroupConfig)
    i.PD_Check                               0x08002104   Section        0  timer.o(i.PD_Check)
    i.PVD_IRQHandler                         0x080022a8   Section        0  pvd.o(i.PVD_IRQHandler)
    i.PWR_BackupAccessCmd                    0x080022e4   Section        0  stm32f10x_pwr.o(i.PWR_BackupAccessCmd)
    i.Parameters                             0x080022f0   Section        0  usart.o(i.Parameters)
    i.PendSV_Handler                         0x08002420   Section        0  stm32f10x_it.o(i.PendSV_Handler)
    i.QBH_Check                              0x08002424   Section        0  timer.o(i.QBH_Check)
    QBH_Check                                0x08002425   Thumb Code    96  timer.o(i.QBH_Check)
    i.RCC_ADCCLKConfig                       0x08002494   Section        0  stm32f10x_rcc.o(i.RCC_ADCCLKConfig)
    i.RCC_AHBPeriphClockCmd                  0x080024ac   Section        0  stm32f10x_rcc.o(i.RCC_AHBPeriphClockCmd)
    i.RCC_APB1PeriphClockCmd                 0x080024cc   Section        0  stm32f10x_rcc.o(i.RCC_APB1PeriphClockCmd)
    i.RCC_APB2PeriphClockCmd                 0x080024ec   Section        0  stm32f10x_rcc.o(i.RCC_APB2PeriphClockCmd)
    i.RCC_APB2PeriphResetCmd                 0x0800250c   Section        0  stm32f10x_rcc.o(i.RCC_APB2PeriphResetCmd)
    i.RCC_BackupResetCmd                     0x0800252c   Section        0  stm32f10x_rcc.o(i.RCC_BackupResetCmd)
    i.RCC_GetClocksFreq                      0x08002538   Section        0  stm32f10x_rcc.o(i.RCC_GetClocksFreq)
    i.RCC_GetFlagStatus                      0x0800260c   Section        0  stm32f10x_rcc.o(i.RCC_GetFlagStatus)
    i.RCC_LSEConfig                          0x08002648   Section        0  stm32f10x_rcc.o(i.RCC_LSEConfig)
    i.RCC_RTCCLKCmd                          0x0800267c   Section        0  stm32f10x_rcc.o(i.RCC_RTCCLKCmd)
    i.RCC_RTCCLKConfig                       0x08002688   Section        0  stm32f10x_rcc.o(i.RCC_RTCCLKConfig)
    i.RTC_ClearITPendingBit                  0x08002698   Section        0  stm32f10x_rtc.o(i.RTC_ClearITPendingBit)
    i.RTC_EnterConfigMode                    0x080026a8   Section        0  stm32f10x_rtc.o(i.RTC_EnterConfigMode)
    i.RTC_ExitConfigMode                     0x080026bc   Section        0  stm32f10x_rtc.o(i.RTC_ExitConfigMode)
    i.RTC_Get                                0x080026d0   Section        0  rtc.o(i.RTC_Get)
    i.RTC_GetCounter                         0x080027d8   Section        0  stm32f10x_rtc.o(i.RTC_GetCounter)
    i.RTC_GetITStatus                        0x080027ec   Section        0  stm32f10x_rtc.o(i.RTC_GetITStatus)
    i.RTC_Get_Week                           0x08002810   Section        0  rtc.o(i.RTC_Get_Week)
    i.RTC_IRQHandler                         0x08002888   Section        0  rtc.o(i.RTC_IRQHandler)
    i.RTC_ITConfig                           0x080028b4   Section        0  stm32f10x_rtc.o(i.RTC_ITConfig)
    i.RTC_Init                               0x080028d4   Section        0  rtc.o(i.RTC_Init)
    i.RTC_Set                                0x080029bc   Section        0  rtc.o(i.RTC_Set)
    i.RTC_SetAlarm                           0x08002a88   Section        0  stm32f10x_rtc.o(i.RTC_SetAlarm)
    i.RTC_SetCounter                         0x08002aa4   Section        0  stm32f10x_rtc.o(i.RTC_SetCounter)
    i.RTC_SetPrescaler                       0x08002ac0   Section        0  stm32f10x_rtc.o(i.RTC_SetPrescaler)
    i.RTC_WaitForLastTask                    0x08002ae0   Section        0  stm32f10x_rtc.o(i.RTC_WaitForLastTask)
    i.RTC_WaitForSynchro                     0x08002af4   Section        0  stm32f10x_rtc.o(i.RTC_WaitForSynchro)
    i.Read_Err_History                       0x08002b18   Section        0  usart.o(i.Read_Err_History)
    i.Read_Flash_Word                        0x08002b60   Section        0  flash.o(i.Read_Flash_Word)
    i.SDA_IN                                 0x08002b74   Section        0  ina.o(i.SDA_IN)
    i.SDA_OUT                                0x08002b94   Section        0  ina.o(i.SDA_OUT)
    i.STMFLASH_Read                          0x08002bb4   Section        0  flash.o(i.STMFLASH_Read)
    i.STMFLASH_ReadHalfWord                  0x08002bd6   Section        0  flash.o(i.STMFLASH_ReadHalfWord)
    i.STMFLASH_Write                         0x08002bdc   Section        0  flash.o(i.STMFLASH_Write)
    i.STMFLASH_Write_NoCheck                 0x08002cc4   Section        0  flash.o(i.STMFLASH_Write_NoCheck)
    i.SVC_Handler                            0x08002cea   Section        0  stm32f10x_it.o(i.SVC_Handler)
    i.Send_Err                               0x08002cec   Section        0  usart.o(i.Send_Err)
    i.Send_ErrSave                           0x08002d1c   Section        0  usart.o(i.Send_ErrSave)
    i.Send_PC_Err_History                    0x08002e0c   Section        0  usart.o(i.Send_PC_Err_History)
    i.Send_Status                            0x08002f1c   Section        0  usart.o(i.Send_Status)
    i.SetSysClock                            0x08003108   Section        0  system_stm32f10x.o(i.SetSysClock)
    SetSysClock                              0x08003109   Thumb Code     8  system_stm32f10x.o(i.SetSysClock)
    i.SetSysClockTo72                        0x08003110   Section        0  system_stm32f10x.o(i.SetSysClockTo72)
    SetSysClockTo72                          0x08003111   Thumb Code   214  system_stm32f10x.o(i.SetSysClockTo72)
    i.Set_LD_Volt                            0x080031f0   Section        0  power_convert.o(i.Set_LD_Volt)
    i.Set_PWM                                0x080032dc   Section        0  timer.o(i.Set_PWM)
    i.Stop_Check                             0x08003328   Section        0  timer.o(i.Stop_Check)
    Stop_Check                               0x08003329   Thumb Code    36  timer.o(i.Stop_Check)
    i.SysTick_CLKSourceConfig                0x08003350   Section        0  misc.o(i.SysTick_CLKSourceConfig)
    i.SysTick_Handler                        0x08003378   Section        0  stm32f10x_it.o(i.SysTick_Handler)
    i.SystemInit                             0x0800337c   Section        0  system_stm32f10x.o(i.SystemInit)
    i.TIM2_IRQHandler                        0x080033dc   Section        0  timer.o(i.TIM2_IRQHandler)
    i.TIM3_IRQHandler                        0x080034c4   Section        0  timer.o(i.TIM3_IRQHandler)
    i.TIM4_IRQHandler                        0x08003588   Section        0  timer.o(i.TIM4_IRQHandler)
    i.TIM5_IRQHandler                        0x0800361c   Section        0  timer.o(i.TIM5_IRQHandler)
    i.TIM_ARRPreloadConfig                   0x080036e0   Section        0  stm32f10x_tim.o(i.TIM_ARRPreloadConfig)
    i.TIM_ClearITPendingBit                  0x080036f8   Section        0  stm32f10x_tim.o(i.TIM_ClearITPendingBit)
    i.TIM_Cmd                                0x080036fe   Section        0  stm32f10x_tim.o(i.TIM_Cmd)
    i.TIM_CtrlPWMOutputs                     0x08003716   Section        0  stm32f10x_tim.o(i.TIM_CtrlPWMOutputs)
    i.TIM_GetITStatus                        0x08003734   Section        0  stm32f10x_tim.o(i.TIM_GetITStatus)
    i.TIM_ITConfig                           0x08003756   Section        0  stm32f10x_tim.o(i.TIM_ITConfig)
    i.TIM_OC4Init                            0x08003768   Section        0  stm32f10x_tim.o(i.TIM_OC4Init)
    i.TIM_OC4PreloadConfig                   0x080037e4   Section        0  stm32f10x_tim.o(i.TIM_OC4PreloadConfig)
    i.TIM_TimeBaseInit                       0x08003800   Section        0  stm32f10x_tim.o(i.TIM_TimeBaseInit)
    i.TLC5620SendAddr                        0x080038a4   Section        0  tlc5620.o(i.TLC5620SendAddr)
    TLC5620SendAddr                          0x080038a5   Thumb Code    40  tlc5620.o(i.TLC5620SendAddr)
    i.TLC5620SendBit                         0x080038cc   Section        0  tlc5620.o(i.TLC5620SendBit)
    TLC5620SendBit                           0x080038cd   Thumb Code    32  tlc5620.o(i.TLC5620SendBit)
    i.TLC5620SendByte                        0x080038f8   Section        0  tlc5620.o(i.TLC5620SendByte)
    TLC5620SendByte                          0x080038f9   Thumb Code    30  tlc5620.o(i.TLC5620SendByte)
    i.TLC5620_Set_DA                         0x08003918   Section        0  tlc5620.o(i.TLC5620_Set_DA)
    i.Temp_Check                             0x0800399c   Section        0  timer.o(i.Temp_Check)
    Temp_Check                               0x0800399d   Thumb Code   300  timer.o(i.Temp_Check)
    i.USART1_IRQHandler                      0x08003adc   Section        0  usart.o(i.USART1_IRQHandler)
    i.USART2_IRQHandler                      0x08003b48   Section        0  usart2.o(i.USART2_IRQHandler)
    i.USART_ClearFlag                        0x08003c34   Section        0  stm32f10x_usart.o(i.USART_ClearFlag)
    i.USART_ClearITPendingBit                0x08003c46   Section        0  stm32f10x_usart.o(i.USART_ClearITPendingBit)
    i.USART_Cmd                              0x08003c64   Section        0  stm32f10x_usart.o(i.USART_Cmd)
    i.USART_DMACmd                           0x08003c7c   Section        0  stm32f10x_usart.o(i.USART_DMACmd)
    i.USART_GetFlagStatus                    0x08003c8e   Section        0  stm32f10x_usart.o(i.USART_GetFlagStatus)
    i.USART_GetITStatus                      0x08003ca8   Section        0  stm32f10x_usart.o(i.USART_GetITStatus)
    i.USART_ITConfig                         0x08003cfc   Section        0  stm32f10x_usart.o(i.USART_ITConfig)
    i.USART_Init                             0x08003d48   Section        0  stm32f10x_usart.o(i.USART_Init)
    i.USART_ReceiveData                      0x08003e20   Section        0  stm32f10x_usart.o(i.USART_ReceiveData)
    i.UsageFault_Handler                     0x08003e2a   Section        0  stm32f10x_it.o(i.UsageFault_Handler)
    i.Write_Err_eeprom                       0x08003e30   Section        0  usart.o(i.Write_Err_eeprom)
    i.Write_Flash_Word                       0x08003ea0   Section        0  flash.o(i.Write_Flash_Word)
    i.__scatterload_copy                     0x08003eb0   Section       14  handlers.o(i.__scatterload_copy)
    i.__scatterload_null                     0x08003ebe   Section        2  handlers.o(i.__scatterload_null)
    i.__scatterload_zeroinit                 0x08003ec0   Section       14  handlers.o(i.__scatterload_zeroinit)
    i.adc_init                               0x08003ed0   Section        0  adc.o(i.adc_init)
    i.clean_Err_eeprom                       0x08004068   Section        0  usart.o(i.clean_Err_eeprom)
    i.com_app                                0x080040a4   Section        0  usart.o(i.com_app)
    i.crc16                                  0x0800487c   Section        0  flash.o(i.crc16)
    i.delay_init                             0x080048b4   Section        0  delay.o(i.delay_init)
    i.delay_ms                               0x080048f8   Section        0  delay.o(i.delay_ms)
    i.delay_us                               0x08004944   Section        0  delay.o(i.delay_us)
    i.exti_init                              0x08004990   Section        0  exti.o(i.exti_init)
    i.get_crc                                0x08004a5c   Section        0  usart.o(i.get_crc)
    i.get_secod_count                        0x08004a94   Section        0  rtc.o(i.get_secod_count)
    i.gpio_init                              0x08004b40   Section        0  main.o(i.gpio_init)
    gpio_init                                0x08004b41   Thumb Code   250  main.o(i.gpio_init)
    i.load_para                              0x08004c6c   Section        0  flash.o(i.load_para)
    i.lock_action                            0x080050e8   Section        0  rtc.o(i.lock_action)
    i.main                                   0x08005164   Section        0  main.o(i.main)
    i.power_on_lock_action                   0x080051cc   Section        0  rtc.o(i.power_on_lock_action)
    i.temp_calcuate                          0x08005378   Section        0  adc.o(i.temp_calcuate)
    temp_calcuate                            0x08005379   Thumb Code   208  adc.o(i.temp_calcuate)
    i.timer_init                             0x0800545c   Section        0  timer.o(i.timer_init)
    i.tlc5620_init                           0x08005654   Section        0  tlc5620.o(i.tlc5620_init)
    i.usart1_init                            0x08005694   Section        0  usart.o(i.usart1_init)
    .constdata                               0x0800581c   Section      142  adc.o(.constdata)
    .constdata                               0x080058ac   Section       10  usart.o(.constdata)
    .constdata                               0x080058b8   Section       60  rtc.o(.constdata)
    time_now                                 0x080058b8   Data          12  rtc.o(.constdata)
    table_week                               0x080058c4   Data          12  rtc.o(.constdata)
    mon_table                                0x080058d0   Data          12  rtc.o(.constdata)
    LockTime_Tab                             0x080058dc   Data          24  rtc.o(.constdata)
    .constdata                               0x080058f4   Section      512  flash.o(.constdata)
    .data                                    0x20000000   Section        2  main.o(.data)
    .data                                    0x20000002   Section      266  usart.o(.data)
    cmdStatus_1                              0x20000106   Data           1  usart.o(.data)
    prev                                     0x20000109   Data           1  usart.o(.data)
    temp                                     0x2000010a   Data           1  usart.o(.data)
    Login_key                                0x2000010b   Data           1  usart.o(.data)
    .data                                    0x2000010c   Section       26  rtc.o(.data)
    daycnt                                   0x2000010c   Data           2  rtc.o(.data)
    i                                        0x2000010e   Data           1  rtc.o(.data)
    im                                       0x2000010f   Data           1  rtc.o(.data)
    time_now_count                           0x20000110   Data           4  rtc.o(.data)
    lockttimeall                             0x20000114   Data           4  rtc.o(.data)
    lock_type                                0x20000118   Data           2  rtc.o(.data)
    lock_year                                0x2000011a   Data           2  rtc.o(.data)
    lock_month                               0x2000011c   Data           2  rtc.o(.data)
    lock_day                                 0x2000011e   Data           2  rtc.o(.data)
    lock_hour                                0x20000120   Data           2  rtc.o(.data)
    lock_min                                 0x20000122   Data           2  rtc.o(.data)
    lock_sec                                 0x20000124   Data           2  rtc.o(.data)
    .data                                    0x20000126   Section        1  exti.o(.data)
    .data                                    0x20000128   Section       35  timer.o(.data)
    PD1_Code                                 0x2000012c   Data           2  timer.o(.data)
    PD2_Code                                 0x2000012e   Data           2  timer.o(.data)
    times                                    0x20000130   Data           1  timer.o(.data)
    QBH_50time                               0x20000131   Data           1  timer.o(.data)
    times                                    0x20000132   Data           2  timer.o(.data)
    WatterFLAG                               0x20000134   Data           2  timer.o(.data)
    T1_Code                                  0x20000136   Data           1  timer.o(.data)
    T2_Code                                  0x20000137   Data           1  timer.o(.data)
    T3_Code                                  0x20000138   Data           1  timer.o(.data)
    T4_Code                                  0x20000139   Data           1  timer.o(.data)
    Cover1Code                               0x2000013a   Data           1  timer.o(.data)
    Cover2Code                               0x2000013b   Data           1  timer.o(.data)
    Cover3Code                               0x2000013c   Data           1  timer.o(.data)
    Cover4Code                               0x2000013d   Data           1  timer.o(.data)
    Cover5Code                               0x2000013e   Data           1  timer.o(.data)
    Cover6Code                               0x2000013f   Data           1  timer.o(.data)
    flag_0                                   0x20000140   Data           1  timer.o(.data)
    flag                                     0x20000141   Data           1  timer.o(.data)
    isAlarm                                  0x20000142   Data           1  timer.o(.data)
    time_count                               0x20000143   Data           1  timer.o(.data)
    Use_time_L                               0x20000144   Data           2  timer.o(.data)
    time_and                                 0x20000146   Data           2  timer.o(.data)
    times                                    0x20000148   Data           1  timer.o(.data)
    Arm_times                                0x20000149   Data           1  timer.o(.data)
    Lock_times                               0x2000014a   Data           1  timer.o(.data)
    .data                                    0x2000014c   Section        4  delay.o(.data)
    fac_us                                   0x2000014c   Data           1  delay.o(.data)
    fac_ms                                   0x2000014e   Data           2  delay.o(.data)
    .data                                    0x20000150   Section       21  ina.o(.data)
    GPIO_InitStructure_IIC                   0x20000150   Data           4  ina.o(.data)
    .data                                    0x20000166   Section      581  usart2.o(.data)
    Res                                      0x200003a6   Data           1  usart2.o(.data)
    err_flag_1                               0x200003a7   Data           1  usart2.o(.data)
    Surplus_days_1                           0x200003a8   Data           2  usart2.o(.data)
    times1                                   0x200003aa   Data           1  usart2.o(.data)
    .data                                    0x200003ac   Section        4  pvd.o(.data)
    .data                                    0x200003b0   Section       20  system_stm32f10x.o(.data)
    .data                                    0x200003c4   Section       20  stm32f10x_rcc.o(.data)
    APBAHBPrescTable                         0x200003c4   Data          16  stm32f10x_rcc.o(.data)
    ADCPrescTable                            0x200003d4   Data           4  stm32f10x_rcc.o(.data)
    .bss                                     0x200003d8   Section      380  main.o(.bss)
    .bss                                     0x20000554   Section     2400  adc.o(.bss)
    AD_Value                                 0x20000554   Data        2400  adc.o(.bss)
    .bss                                     0x20000eb4   Section      255  usart.o(.bss)
    Rx_Buf                                   0x20000eb4   Data         255  usart.o(.bss)
    .bss                                     0x20000fb4   Section       14  rtc.o(.bss)
    .bss                                     0x20000fc2   Section      832  ina.o(.bss)
    Currents                                 0x20000fe2   Data         800  ina.o(.bss)
    .bss                                     0x20001302   Section     2048  flash.o(.bss)
    .bss                                     0x20001b02   Section       10  usart2.o(.bss)
    STACK                                    0x20001b10   Section     1024  startup_stm32f10x_hd.o(STACK)

    Global Symbols

    Symbol Name                              Value     Ov Type        Size  Object(Section)

    BuildAttributes$$THM_ISAv4$P$D$K$B$S$PE$A:L22UL41UL21$X:L11$S22US41US21$IEEE1$IW$USESV6$~STKCKD$USESV7$~SHL$OTIME$ROPI$EBA8$MICROLIB$REQ8$PRES8$EABIv2 0x00000000   Number         0  anon$$obj.o ABSOLUTE
    __ARM_use_no_argv                        0x00000000   Number         0  main.o ABSOLUTE
    __cpp_initialize__aeabi_                  - Undefined Weak Reference
    __cxa_finalize                            - Undefined Weak Reference
    _clock_init                               - Undefined Weak Reference
    _microlib_exit                            - Undefined Weak Reference
    __Vectors_Size                           0x00000130   Number         0  startup_stm32f10x_hd.o ABSOLUTE
    __Vectors                                0x08000000   Data           4  startup_stm32f10x_hd.o(RESET)
    __Vectors_End                            0x08000130   Data           0  startup_stm32f10x_hd.o(RESET)
    __main                                   0x08000131   Thumb Code     0  entry.o(.ARM.Collect$$$$00000000)
    _main_stk                                0x08000131   Thumb Code     0  entry2.o(.ARM.Collect$$$$00000001)
    _main_scatterload                        0x08000135   Thumb Code     0  entry5.o(.ARM.Collect$$$$00000004)
    __main_after_scatterload                 0x08000139   Thumb Code     0  entry5.o(.ARM.Collect$$$$00000004)
    _main_clock                              0x08000139   Thumb Code     0  entry7b.o(.ARM.Collect$$$$00000008)
    _main_cpp_init                           0x08000139   Thumb Code     0  entry8b.o(.ARM.Collect$$$$0000000A)
    _main_init                               0x08000139   Thumb Code     0  entry9a.o(.ARM.Collect$$$$0000000B)
    __rt_final_cpp                           0x08000141   Thumb Code     0  entry10a.o(.ARM.Collect$$$$0000000D)
    __rt_final_exit                          0x08000141   Thumb Code     0  entry11a.o(.ARM.Collect$$$$0000000F)
    Reset_Handler                            0x08000145   Thumb Code     8  startup_stm32f10x_hd.o(.text)
    ADC1_2_IRQHandler                        0x0800015f   Thumb Code     0  startup_stm32f10x_hd.o(.text)
    ADC3_IRQHandler                          0x0800015f   Thumb Code     0  startup_stm32f10x_hd.o(.text)
    CAN1_RX1_IRQHandler                      0x0800015f   Thumb Code     0  startup_stm32f10x_hd.o(.text)
    CAN1_SCE_IRQHandler                      0x0800015f   Thumb Code     0  startup_stm32f10x_hd.o(.text)
    DMA1_Channel1_IRQHandler                 0x0800015f   Thumb Code     0  startup_stm32f10x_hd.o(.text)
    DMA1_Channel2_IRQHandler                 0x0800015f   Thumb Code     0  startup_stm32f10x_hd.o(.text)
    DMA1_Channel3_IRQHandler                 0x0800015f   Thumb Code     0  startup_stm32f10x_hd.o(.text)
    DMA1_Channel4_IRQHandler                 0x0800015f   Thumb Code     0  startup_stm32f10x_hd.o(.text)
    DMA1_Channel5_IRQHandler                 0x0800015f   Thumb Code     0  startup_stm32f10x_hd.o(.text)
    DMA1_Channel6_IRQHandler                 0x0800015f   Thumb Code     0  startup_stm32f10x_hd.o(.text)
    DMA1_Channel7_IRQHandler                 0x0800015f   Thumb Code     0  startup_stm32f10x_hd.o(.text)
    DMA2_Channel1_IRQHandler                 0x0800015f   Thumb Code     0  startup_stm32f10x_hd.o(.text)
    DMA2_Channel2_IRQHandler                 0x0800015f   Thumb Code     0  startup_stm32f10x_hd.o(.text)
    DMA2_Channel3_IRQHandler                 0x0800015f   Thumb Code     0  startup_stm32f10x_hd.o(.text)
    DMA2_Channel4_5_IRQHandler               0x0800015f   Thumb Code     0  startup_stm32f10x_hd.o(.text)
    EXTI0_IRQHandler                         0x0800015f   Thumb Code     0  startup_stm32f10x_hd.o(.text)
    EXTI15_10_IRQHandler                     0x0800015f   Thumb Code     0  startup_stm32f10x_hd.o(.text)
    EXTI1_IRQHandler                         0x0800015f   Thumb Code     0  startup_stm32f10x_hd.o(.text)
    EXTI2_IRQHandler                         0x0800015f   Thumb Code     0  startup_stm32f10x_hd.o(.text)
    FLASH_IRQHandler                         0x0800015f   Thumb Code     0  startup_stm32f10x_hd.o(.text)
    FSMC_IRQHandler                          0x0800015f   Thumb Code     0  startup_stm32f10x_hd.o(.text)
    I2C1_ER_IRQHandler                       0x0800015f   Thumb Code     0  startup_stm32f10x_hd.o(.text)
    I2C1_EV_IRQHandler                       0x0800015f   Thumb Code     0  startup_stm32f10x_hd.o(.text)
    I2C2_ER_IRQHandler                       0x0800015f   Thumb Code     0  startup_stm32f10x_hd.o(.text)
    I2C2_EV_IRQHandler                       0x0800015f   Thumb Code     0  startup_stm32f10x_hd.o(.text)
    RCC_IRQHandler                           0x0800015f   Thumb Code     0  startup_stm32f10x_hd.o(.text)
    RTCAlarm_IRQHandler                      0x0800015f   Thumb Code     0  startup_stm32f10x_hd.o(.text)
    SDIO_IRQHandler                          0x0800015f   Thumb Code     0  startup_stm32f10x_hd.o(.text)
    SPI1_IRQHandler                          0x0800015f   Thumb Code     0  startup_stm32f10x_hd.o(.text)
    SPI2_IRQHandler                          0x0800015f   Thumb Code     0  startup_stm32f10x_hd.o(.text)
    SPI3_IRQHandler                          0x0800015f   Thumb Code     0  startup_stm32f10x_hd.o(.text)
    TAMPER_IRQHandler                        0x0800015f   Thumb Code     0  startup_stm32f10x_hd.o(.text)
    TIM1_BRK_IRQHandler                      0x0800015f   Thumb Code     0  startup_stm32f10x_hd.o(.text)
    TIM1_CC_IRQHandler                       0x0800015f   Thumb Code     0  startup_stm32f10x_hd.o(.text)
    TIM1_TRG_COM_IRQHandler                  0x0800015f   Thumb Code     0  startup_stm32f10x_hd.o(.text)
    TIM1_UP_IRQHandler                       0x0800015f   Thumb Code     0  startup_stm32f10x_hd.o(.text)
    TIM6_IRQHandler                          0x0800015f   Thumb Code     0  startup_stm32f10x_hd.o(.text)
    TIM7_IRQHandler                          0x0800015f   Thumb Code     0  startup_stm32f10x_hd.o(.text)
    TIM8_BRK_IRQHandler                      0x0800015f   Thumb Code     0  startup_stm32f10x_hd.o(.text)
    TIM8_CC_IRQHandler                       0x0800015f   Thumb Code     0  startup_stm32f10x_hd.o(.text)
    TIM8_TRG_COM_IRQHandler                  0x0800015f   Thumb Code     0  startup_stm32f10x_hd.o(.text)
    TIM8_UP_IRQHandler                       0x0800015f   Thumb Code     0  startup_stm32f10x_hd.o(.text)
    UART4_IRQHandler                         0x0800015f   Thumb Code     0  startup_stm32f10x_hd.o(.text)
    UART5_IRQHandler                         0x0800015f   Thumb Code     0  startup_stm32f10x_hd.o(.text)
    USART3_IRQHandler                        0x0800015f   Thumb Code     0  startup_stm32f10x_hd.o(.text)
    USBWakeUp_IRQHandler                     0x0800015f   Thumb Code     0  startup_stm32f10x_hd.o(.text)
    USB_HP_CAN1_TX_IRQHandler                0x0800015f   Thumb Code     0  startup_stm32f10x_hd.o(.text)
    USB_LP_CAN1_RX0_IRQHandler               0x0800015f   Thumb Code     0  startup_stm32f10x_hd.o(.text)
    WWDG_IRQHandler                          0x0800015f   Thumb Code     0  startup_stm32f10x_hd.o(.text)
    __aeabi_fadd                             0x08000169   Thumb Code   164  fadd.o(.text)
    __aeabi_fsub                             0x0800020d   Thumb Code     6  fadd.o(.text)
    __aeabi_frsub                            0x08000213   Thumb Code     6  fadd.o(.text)
    __aeabi_fmul                             0x08000219   Thumb Code   100  fmul.o(.text)
    __aeabi_dadd                             0x0800027d   Thumb Code   322  dadd.o(.text)
    __aeabi_dsub                             0x080003bf   Thumb Code     6  dadd.o(.text)
    __aeabi_drsub                            0x080003c5   Thumb Code     6  dadd.o(.text)
    __aeabi_dmul                             0x080003cb   Thumb Code   228  dmul.o(.text)
    __aeabi_ddiv                             0x080004af   Thumb Code   222  ddiv.o(.text)
    __aeabi_i2d                              0x0800058d   Thumb Code    34  dflti.o(.text)
    __aeabi_ui2d                             0x080005af   Thumb Code    26  dfltui.o(.text)
    __aeabi_f2uiz                            0x080005c9   Thumb Code    40  ffixui.o(.text)
    __aeabi_d2uiz                            0x080005f1   Thumb Code    50  dfixui.o(.text)
    __aeabi_f2d                              0x08000623   Thumb Code    38  f2d.o(.text)
    __aeabi_cdcmpeq                          0x08000649   Thumb Code     0  cdcmple.o(.text)
    __aeabi_cdcmple                          0x08000649   Thumb Code    48  cdcmple.o(.text)
    __aeabi_cdrcmple                         0x08000679   Thumb Code    48  cdrcmple.o(.text)
    __aeabi_d2f                              0x080006a9   Thumb Code    56  d2f.o(.text)
    __aeabi_cfrcmple                         0x080006e1   Thumb Code    20  cfrcmple.o(.text)
    __aeabi_llsl                             0x080006f5   Thumb Code    30  llshl.o(.text)
    _ll_shift_l                              0x080006f5   Thumb Code     0  llshl.o(.text)
    __aeabi_llsr                             0x08000713   Thumb Code    32  llushr.o(.text)
    _ll_ushift_r                             0x08000713   Thumb Code     0  llushr.o(.text)
    __aeabi_lasr                             0x08000733   Thumb Code    36  llsshr.o(.text)
    _ll_sshift_r                             0x08000733   Thumb Code     0  llsshr.o(.text)
    __I$use$fp                               0x08000757   Thumb Code     0  iusefp.o(.text)
    _float_round                             0x08000757   Thumb Code    18  fepilogue.o(.text)
    _float_epilogue                          0x08000769   Thumb Code    92  fepilogue.o(.text)
    _double_round                            0x080007c5   Thumb Code    30  depilogue.o(.text)
    _double_epilogue                         0x080007e3   Thumb Code   156  depilogue.o(.text)
    __scatterload                            0x08000881   Thumb Code    28  init.o(.text)
    __scatterload_rt2                        0x08000881   Thumb Code     0  init.o(.text)
    __decompress                             0x080008a5   Thumb Code     0  __dczerorl2.o(.text)
    __decompress1                            0x080008a5   Thumb Code    86  __dczerorl2.o(.text)
    ADC_Cmd                                  0x080008fb   Thumb Code    22  stm32f10x_adc.o(i.ADC_Cmd)
    ADC_DMACmd                               0x08000911   Thumb Code    22  stm32f10x_adc.o(i.ADC_DMACmd)
    ADC_DeInit                               0x08000929   Thumb Code    78  stm32f10x_adc.o(i.ADC_DeInit)
    ADC_GetCalibrationStatus                 0x08000985   Thumb Code    20  stm32f10x_adc.o(i.ADC_GetCalibrationStatus)
    ADC_GetResetCalibrationStatus            0x08000999   Thumb Code    20  stm32f10x_adc.o(i.ADC_GetResetCalibrationStatus)
    ADC_Init                                 0x080009ad   Thumb Code    70  stm32f10x_adc.o(i.ADC_Init)
    ADC_RegularChannelConfig                 0x080009fd   Thumb Code   184  stm32f10x_adc.o(i.ADC_RegularChannelConfig)
    ADC_ResetCalibration                     0x08000ab5   Thumb Code    10  stm32f10x_adc.o(i.ADC_ResetCalibration)
    ADC_SoftwareStartConvCmd                 0x08000abf   Thumb Code    22  stm32f10x_adc.o(i.ADC_SoftwareStartConvCmd)
    ADC_StartCalibration                     0x08000ad5   Thumb Code    10  stm32f10x_adc.o(i.ADC_StartCalibration)
    Alarm_ON2                                0x08000be1   Thumb Code    94  flash.o(i.Alarm_ON2)
    Average_Current                          0x08000c5d   Thumb Code   264  ina.o(i.Average_Current)
    BKP_DeInit                               0x08000d79   Thumb Code    16  stm32f10x_bkp.o(i.BKP_DeInit)
    BKP_ReadBackupRegister                   0x08000d89   Thumb Code    24  stm32f10x_bkp.o(i.BKP_ReadBackupRegister)
    BKP_WriteBackupRegister                  0x08000da5   Thumb Code    22  stm32f10x_bkp.o(i.BKP_WriteBackupRegister)
    BusFault_Handler                         0x08000dc1   Thumb Code     4  stm32f10x_it.o(i.BusFault_Handler)
    DMA_ClearFlag                            0x08001029   Thumb Code    18  stm32f10x_dma.o(i.DMA_ClearFlag)
    DMA_ClearITPendingBit                    0x08001045   Thumb Code    18  stm32f10x_dma.o(i.DMA_ClearITPendingBit)
    DMA_Cmd                                  0x08001061   Thumb Code    24  stm32f10x_dma.o(i.DMA_Cmd)
    DMA_DeInit                               0x08001079   Thumb Code   324  stm32f10x_dma.o(i.DMA_DeInit)
    DMA_GetCurrDataCounter                   0x080011c5   Thumb Code     8  stm32f10x_dma.o(i.DMA_GetCurrDataCounter)
    DMA_GetITStatus                          0x080011cd   Thumb Code    36  stm32f10x_dma.o(i.DMA_GetITStatus)
    DMA_ITConfig                             0x080011f9   Thumb Code    18  stm32f10x_dma.o(i.DMA_ITConfig)
    DMA_Init                                 0x0800120b   Thumb Code    60  stm32f10x_dma.o(i.DMA_Init)
    DMA_usart1_Send                          0x08001249   Thumb Code    72  usart.o(i.DMA_usart1_Send)
    DebugMon_Handler                         0x08001299   Thumb Code     2  stm32f10x_it.o(i.DebugMon_Handler)
    EXTI3_IRQHandler                         0x0800129d   Thumb Code    60  exti.o(i.EXTI3_IRQHandler)
    EXTI4_IRQHandler                         0x080012ed   Thumb Code   108  exti.o(i.EXTI4_IRQHandler)
    EXTI9_5_IRQHandler                       0x0800137d   Thumb Code    18  exti.o(i.EXTI9_5_IRQHandler)
    EXTI_ClearITPendingBit                   0x08001391   Thumb Code     6  stm32f10x_exti.o(i.EXTI_ClearITPendingBit)
    EXTI_GetITStatus                         0x0800139d   Thumb Code    34  stm32f10x_exti.o(i.EXTI_GetITStatus)
    EXTI_Init                                0x080013c5   Thumb Code   142  stm32f10x_exti.o(i.EXTI_Init)
    FLASH_ErasePage                          0x080014e1   Thumb Code    72  stm32f10x_flash.o(i.FLASH_ErasePage)
    FLASH_GetBank1Status                     0x0800152d   Thumb Code    48  stm32f10x_flash.o(i.FLASH_GetBank1Status)
    FLASH_Lock                               0x08001561   Thumb Code    14  stm32f10x_flash.o(i.FLASH_Lock)
    FLASH_ProgramHalfWord                    0x08001575   Thumb Code    60  stm32f10x_flash.o(i.FLASH_ProgramHalfWord)
    FLASH_Unlock                             0x080015b5   Thumb Code    12  stm32f10x_flash.o(i.FLASH_Unlock)
    FLASH_WaitForLastOperation               0x080015cd   Thumb Code    38  stm32f10x_flash.o(i.FLASH_WaitForLastOperation)
    File_Lock_down                           0x080015f5   Thumb Code   290  flash.o(i.File_Lock_down)
    File_Lock_up                             0x0800172d   Thumb Code   254  flash.o(i.File_Lock_up)
    GPIO_EXTILineConfig                      0x080018c5   Thumb Code    60  stm32f10x_gpio.o(i.GPIO_EXTILineConfig)
    GPIO_Init                                0x08001905   Thumb Code   278  stm32f10x_gpio.o(i.GPIO_Init)
    GPIO_PinRemapConfig                      0x08001a1d   Thumb Code   138  stm32f10x_gpio.o(i.GPIO_PinRemapConfig)
    Get_Current                              0x08001abd   Thumb Code    36  ina.o(i.Get_Current)
    Get_adc                                  0x08001aed   Thumb Code   492  adc.o(i.Get_adc)
    HardFault_Handler                        0x08001cf9   Thumb Code     4  stm32f10x_it.o(i.HardFault_Handler)
    INA220_Init                              0x08001ec1   Thumb Code   162  ina.o(i.INA220_Init)
    INA220_ReadOneWord                       0x08001f7d   Thumb Code    76  ina.o(i.INA220_ReadOneWord)
    INA220_WriteOneWord                      0x08001fc9   Thumb Code    60  ina.o(i.INA220_WriteOneWord)
    INA_ReadCurrent                          0x08002005   Thumb Code    52  ina.o(i.INA_ReadCurrent)
    MemManage_Handler                        0x0800207b   Thumb Code     4  stm32f10x_it.o(i.MemManage_Handler)
    NMI_Handler                              0x0800207f   Thumb Code     2  stm32f10x_it.o(i.NMI_Handler)
    NVIC_Init                                0x08002081   Thumb Code   100  misc.o(i.NVIC_Init)
    NVIC_PriorityGroupConfig                 0x080020f1   Thumb Code    10  misc.o(i.NVIC_PriorityGroupConfig)
    PD_Check                                 0x08002105   Thumb Code   390  timer.o(i.PD_Check)
    PVD_IRQHandler                           0x080022a9   Thumb Code    54  pvd.o(i.PVD_IRQHandler)
    PWR_BackupAccessCmd                      0x080022e5   Thumb Code     6  stm32f10x_pwr.o(i.PWR_BackupAccessCmd)
    Parameters                               0x080022f1   Thumb Code   282  usart.o(i.Parameters)
    PendSV_Handler                           0x08002421   Thumb Code     2  stm32f10x_it.o(i.PendSV_Handler)
    RCC_ADCCLKConfig                         0x08002495   Thumb Code    18  stm32f10x_rcc.o(i.RCC_ADCCLKConfig)
    RCC_AHBPeriphClockCmd                    0x080024ad   Thumb Code    26  stm32f10x_rcc.o(i.RCC_AHBPeriphClockCmd)
    RCC_APB1PeriphClockCmd                   0x080024cd   Thumb Code    26  stm32f10x_rcc.o(i.RCC_APB1PeriphClockCmd)
    RCC_APB2PeriphClockCmd                   0x080024ed   Thumb Code    26  stm32f10x_rcc.o(i.RCC_APB2PeriphClockCmd)
    RCC_APB2PeriphResetCmd                   0x0800250d   Thumb Code    26  stm32f10x_rcc.o(i.RCC_APB2PeriphResetCmd)
    RCC_BackupResetCmd                       0x0800252d   Thumb Code     6  stm32f10x_rcc.o(i.RCC_BackupResetCmd)
    RCC_GetClocksFreq                        0x08002539   Thumb Code   192  stm32f10x_rcc.o(i.RCC_GetClocksFreq)
    RCC_GetFlagStatus                        0x0800260d   Thumb Code    56  stm32f10x_rcc.o(i.RCC_GetFlagStatus)
    RCC_LSEConfig                            0x08002649   Thumb Code    46  stm32f10x_rcc.o(i.RCC_LSEConfig)
    RCC_RTCCLKCmd                            0x0800267d   Thumb Code     6  stm32f10x_rcc.o(i.RCC_RTCCLKCmd)
    RCC_RTCCLKConfig                         0x08002689   Thumb Code    12  stm32f10x_rcc.o(i.RCC_RTCCLKConfig)
    RTC_ClearITPendingBit                    0x08002699   Thumb Code    12  stm32f10x_rtc.o(i.RTC_ClearITPendingBit)
    RTC_EnterConfigMode                      0x080026a9   Thumb Code    14  stm32f10x_rtc.o(i.RTC_EnterConfigMode)
    RTC_ExitConfigMode                       0x080026bd   Thumb Code    16  stm32f10x_rtc.o(i.RTC_ExitConfigMode)
    RTC_Get                                  0x080026d1   Thumb Code   246  rtc.o(i.RTC_Get)
    RTC_GetCounter                           0x080027d9   Thumb Code    16  stm32f10x_rtc.o(i.RTC_GetCounter)
    RTC_GetITStatus                          0x080027ed   Thumb Code    32  stm32f10x_rtc.o(i.RTC_GetITStatus)
    RTC_Get_Week                             0x08002811   Thumb Code   116  rtc.o(i.RTC_Get_Week)
    RTC_IRQHandler                           0x08002889   Thumb Code    44  rtc.o(i.RTC_IRQHandler)
    RTC_ITConfig                             0x080028b5   Thumb Code    26  stm32f10x_rtc.o(i.RTC_ITConfig)
    RTC_Init                                 0x080028d5   Thumb Code   222  rtc.o(i.RTC_Init)
    RTC_Set                                  0x080029bd   Thumb Code   186  rtc.o(i.RTC_Set)
    RTC_SetAlarm                             0x08002a89   Thumb Code    24  stm32f10x_rtc.o(i.RTC_SetAlarm)
    RTC_SetCounter                           0x08002aa5   Thumb Code    24  stm32f10x_rtc.o(i.RTC_SetCounter)
    RTC_SetPrescaler                         0x08002ac1   Thumb Code    26  stm32f10x_rtc.o(i.RTC_SetPrescaler)
    RTC_WaitForLastTask                      0x08002ae1   Thumb Code    16  stm32f10x_rtc.o(i.RTC_WaitForLastTask)
    RTC_WaitForSynchro                       0x08002af5   Thumb Code    30  stm32f10x_rtc.o(i.RTC_WaitForSynchro)
    Read_Err_History                         0x08002b19   Thumb Code    66  usart.o(i.Read_Err_History)
    Read_Flash_Word                          0x08002b61   Thumb Code    20  flash.o(i.Read_Flash_Word)
    SDA_IN                                   0x08002b75   Thumb Code    24  ina.o(i.SDA_IN)
    SDA_OUT                                  0x08002b95   Thumb Code    24  ina.o(i.SDA_OUT)
    STMFLASH_Read                            0x08002bb5   Thumb Code    34  flash.o(i.STMFLASH_Read)
    STMFLASH_ReadHalfWord                    0x08002bd7   Thumb Code     6  flash.o(i.STMFLASH_ReadHalfWord)
    STMFLASH_Write                           0x08002bdd   Thumb Code   222  flash.o(i.STMFLASH_Write)
    STMFLASH_Write_NoCheck                   0x08002cc5   Thumb Code    38  flash.o(i.STMFLASH_Write_NoCheck)
    SVC_Handler                              0x08002ceb   Thumb Code     2  stm32f10x_it.o(i.SVC_Handler)
    Send_Err                                 0x08002ced   Thumb Code    44  usart.o(i.Send_Err)
    Send_ErrSave                             0x08002d1d   Thumb Code   232  usart.o(i.Send_ErrSave)
    Send_PC_Err_History                      0x08002e0d   Thumb Code   260  usart.o(i.Send_PC_Err_History)
    Send_Status                              0x08002f1d   Thumb Code   468  usart.o(i.Send_Status)
    Set_LD_Volt                              0x080031f1   Thumb Code   204  power_convert.o(i.Set_LD_Volt)
    Set_PWM                                  0x080032dd   Thumb Code    66  timer.o(i.Set_PWM)
    SysTick_CLKSourceConfig                  0x08003351   Thumb Code    40  misc.o(i.SysTick_CLKSourceConfig)
    SysTick_Handler                          0x08003379   Thumb Code     2  stm32f10x_it.o(i.SysTick_Handler)
    SystemInit                               0x0800337d   Thumb Code    78  system_stm32f10x.o(i.SystemInit)
    TIM2_IRQHandler                          0x080033dd   Thumb Code   194  timer.o(i.TIM2_IRQHandler)
    TIM3_IRQHandler                          0x080034c5   Thumb Code   158  timer.o(i.TIM3_IRQHandler)
    TIM4_IRQHandler                          0x08003589   Thumb Code   128  timer.o(i.TIM4_IRQHandler)
    TIM5_IRQHandler                          0x0800361d   Thumb Code   164  timer.o(i.TIM5_IRQHandler)
    TIM_ARRPreloadConfig                     0x080036e1   Thumb Code    24  stm32f10x_tim.o(i.TIM_ARRPreloadConfig)
    TIM_ClearITPendingBit                    0x080036f9   Thumb Code     6  stm32f10x_tim.o(i.TIM_ClearITPendingBit)
    TIM_Cmd                                  0x080036ff   Thumb Code    24  stm32f10x_tim.o(i.TIM_Cmd)
    TIM_CtrlPWMOutputs                       0x08003717   Thumb Code    30  stm32f10x_tim.o(i.TIM_CtrlPWMOutputs)
    TIM_GetITStatus                          0x08003735   Thumb Code    34  stm32f10x_tim.o(i.TIM_GetITStatus)
    TIM_ITConfig                             0x08003757   Thumb Code    18  stm32f10x_tim.o(i.TIM_ITConfig)
    TIM_OC4Init                              0x08003769   Thumb Code   114  stm32f10x_tim.o(i.TIM_OC4Init)
    TIM_OC4PreloadConfig                     0x080037e5   Thumb Code    26  stm32f10x_tim.o(i.TIM_OC4PreloadConfig)
    TIM_TimeBaseInit                         0x08003801   Thumb Code   122  stm32f10x_tim.o(i.TIM_TimeBaseInit)
    TLC5620_Set_DA                           0x08003919   Thumb Code   112  tlc5620.o(i.TLC5620_Set_DA)
    USART1_IRQHandler                        0x08003add   Thumb Code    94  usart.o(i.USART1_IRQHandler)
    USART2_IRQHandler                        0x08003b49   Thumb Code   220  usart2.o(i.USART2_IRQHandler)
    USART_ClearFlag                          0x08003c35   Thumb Code    18  stm32f10x_usart.o(i.USART_ClearFlag)
    USART_ClearITPendingBit                  0x08003c47   Thumb Code    30  stm32f10x_usart.o(i.USART_ClearITPendingBit)
    USART_Cmd                                0x08003c65   Thumb Code    24  stm32f10x_usart.o(i.USART_Cmd)
    USART_DMACmd                             0x08003c7d   Thumb Code    18  stm32f10x_usart.o(i.USART_DMACmd)
    USART_GetFlagStatus                      0x08003c8f   Thumb Code    26  stm32f10x_usart.o(i.USART_GetFlagStatus)
    USART_GetITStatus                        0x08003ca9   Thumb Code    84  stm32f10x_usart.o(i.USART_GetITStatus)
    USART_ITConfig                           0x08003cfd   Thumb Code    74  stm32f10x_usart.o(i.USART_ITConfig)
    USART_Init                               0x08003d49   Thumb Code   210  stm32f10x_usart.o(i.USART_Init)
    USART_ReceiveData                        0x08003e21   Thumb Code    10  stm32f10x_usart.o(i.USART_ReceiveData)
    UsageFault_Handler                       0x08003e2b   Thumb Code     4  stm32f10x_it.o(i.UsageFault_Handler)
    Write_Err_eeprom                         0x08003e31   Thumb Code   102  usart.o(i.Write_Err_eeprom)
    Write_Flash_Word                         0x08003ea1   Thumb Code    16  flash.o(i.Write_Flash_Word)
    __scatterload_copy                       0x08003eb1   Thumb Code    14  handlers.o(i.__scatterload_copy)
    __scatterload_null                       0x08003ebf   Thumb Code     2  handlers.o(i.__scatterload_null)
    __scatterload_zeroinit                   0x08003ec1   Thumb Code    14  handlers.o(i.__scatterload_zeroinit)
    adc_init                                 0x08003ed1   Thumb Code   384  adc.o(i.adc_init)
    clean_Err_eeprom                         0x08004069   Thumb Code    50  usart.o(i.clean_Err_eeprom)
    com_app                                  0x080040a5   Thumb Code  1924  usart.o(i.com_app)
    crc16                                    0x0800487d   Thumb Code    48  flash.o(i.crc16)
    delay_init                               0x080048b5   Thumb Code    50  delay.o(i.delay_init)
    delay_ms                                 0x080048f9   Thumb Code    72  delay.o(i.delay_ms)
    delay_us                                 0x08004945   Thumb Code    72  delay.o(i.delay_us)
    exti_init                                0x08004991   Thumb Code   204  exti.o(i.exti_init)
    get_crc                                  0x08004a5d   Thumb Code    54  usart.o(i.get_crc)
    get_secod_count                          0x08004a95   Thumb Code   156  rtc.o(i.get_secod_count)
    load_para                                0x08004c6d   Thumb Code  1130  flash.o(i.load_para)
    lock_action                              0x080050e9   Thumb Code    94  rtc.o(i.lock_action)
    main                                     0x08005165   Thumb Code    96  main.o(i.main)
    power_on_lock_action                     0x080051cd   Thumb Code   362  rtc.o(i.power_on_lock_action)
    timer_init                               0x0800545d   Thumb Code   482  timer.o(i.timer_init)
    tlc5620_init                             0x08005655   Thumb Code    54  tlc5620.o(i.tlc5620_init)
    usart1_init                              0x08005695   Thumb Code   372  usart.o(i.usart1_init)
    Res_Tab                                  0x0800581c   Data         142  adc.o(.constdata)
    auchCRCHi                                0x080058f4   Data         256  flash.o(.constdata)
    auchCRCLo                                0x080059f4   Data         256  flash.o(.constdata)
    Region$$Table$$Base                      0x08005af4   Number         0  anon$$obj.o(Region$$Table)
    Region$$Table$$Limit                     0x08005b14   Number         0  anon$$obj.o(Region$$Table)
    WorkMode                                 0x20000000   Data           1  main.o(.data)
    receive_flag                             0x20000001   Data           1  main.o(.data)
    Tx_Buf                                   0x20000002   Data         255  usart.o(.data)
    Change_external_1                        0x20000102   Data           4  usart.o(.data)
    Err_addr                                 0x20000107   Data           1  usart.o(.data)
    internal_laser_flag                      0x20000108   Data           1  usart.o(.data)
    falling_flag                             0x20000126   Data           1  exti.o(.data)
    err_flag                                 0x20000128   Data           1  timer.o(.data)
    PD1_Err_Flag                             0x20000129   Data           1  timer.o(.data)
    PD2_Err_Flag                             0x2000012a   Data           1  timer.o(.data)
    drive_tab                                0x20000154   Data          16  ina.o(.data)
    drive_num                                0x20000164   Data           1  ina.o(.data)
    USART2_RX_STA                            0x20000166   Data           2  usart2.o(.data)
    USART2_Receive                           0x20000168   Data           1  usart2.o(.data)
    PAGE                                     0x20000169   Data          13  usart2.o(.data)
    REST                                     0x20000176   Data           7  usart2.o(.data)
    SN_WRITE                                 0x2000017d   Data          56  usart2.o(.data)
    SN_POWER                                 0x200001b5   Data          49  usart2.o(.data)
    ALARM_WRITE                              0x200001e6   Data          49  usart2.o(.data)
    LOCK_day                                 0x20000217   Data          50  usart2.o(.data)
    PdCode1_2                                0x20000249   Data          14  usart2.o(.data)
    QbhCode3                                 0x20000257   Data          15  usart2.o(.data)
    TCode4_7                                 0x20000266   Data          13  usart2.o(.data)
    CCode8_13                                0x20000273   Data          13  usart2.o(.data)
    FwCode14                                 0x20000280   Data          14  usart2.o(.data)
    StopCode15                               0x2000028e   Data          16  usart2.o(.data)
    numberCode16                             0x2000029e   Data          17  usart2.o(.data)
    PD_continuity17                          0x200002af   Data          21  usart2.o(.data)
    lock                                     0x200002c4   Data          12  usart2.o(.data)
    ALARM_WRITE00                            0x200002d0   Data          50  usart2.o(.data)
    ALARM_WRITE03                            0x20000302   Data          54  usart2.o(.data)
    ALARM_WRITE0E                            0x20000338   Data          55  usart2.o(.data)
    ALARM_WRITE0F                            0x2000036f   Data          55  usart2.o(.data)
    num                                      0x200003ac   Data           4  pvd.o(.data)
    SystemCoreClock                          0x200003b0   Data           4  system_stm32f10x.o(.data)
    AHBPrescTable                            0x200003b4   Data          16  system_stm32f10x.o(.data)
    info_1                                   0x200003d8   Data         116  main.o(.bss)
    frmFmt_1                                 0x2000044c   Data         264  main.o(.bss)
    calendar                                 0x20000fb4   Data          14  rtc.o(.bss)
    drive                                    0x20000fc2   Data          16  ina.o(.bss)
    Average_I                                0x20000fd2   Data          16  ina.o(.bss)
    STMFLASH_BUF                             0x20001302   Data        2048  flash.o(.bss)
    USART2_RX_BUF                            0x20001b02   Data          10  usart2.o(.bss)
    __initial_sp                             0x20001f10   Data           0  startup_stm32f10x_hd.o(STACK)



==============================================================================

Memory Map of the image

  Image Entry point : 0x08000131

  Load Region LR_IROM1 (Base: 0x08000000, Size: 0x00005eec, Max: 0x00040000, ABSOLUTE, COMPRESSED[0x00005c38])

    Execution Region ER_IROM1 (Base: 0x08000000, Size: 0x00005b14, Max: 0x00040000, ABSOLUTE)

    Base Addr    Size         Type   Attr      Idx    E Section Name        Object

    0x08000000   0x00000130   Data   RO          883    RESET               startup_stm32f10x_hd.o
    0x08000130   0x00000000   Code   RO         3120  * .ARM.Collect$$$$00000000  mc_w.l(entry.o)
    0x08000130   0x00000004   Code   RO         3151    .ARM.Collect$$$$00000001  mc_w.l(entry2.o)
    0x08000134   0x00000004   Code   RO         3154    .ARM.Collect$$$$00000004  mc_w.l(entry5.o)
    0x08000138   0x00000000   Code   RO         3156    .ARM.Collect$$$$00000008  mc_w.l(entry7b.o)
    0x08000138   0x00000000   Code   RO         3158    .ARM.Collect$$$$0000000A  mc_w.l(entry8b.o)
    0x08000138   0x00000008   Code   RO         3159    .ARM.Collect$$$$0000000B  mc_w.l(entry9a.o)
    0x08000140   0x00000000   Code   RO         3161    .ARM.Collect$$$$0000000D  mc_w.l(entry10a.o)
    0x08000140   0x00000000   Code   RO         3163    .ARM.Collect$$$$0000000F  mc_w.l(entry11a.o)
    0x08000140   0x00000004   Code   RO         3152    .ARM.Collect$$$$00002712  mc_w.l(entry2.o)
    0x08000144   0x00000024   Code   RO          884    .text               startup_stm32f10x_hd.o
    0x08000168   0x000000b0   Code   RO         3123    .text               mf_w.l(fadd.o)
    0x08000218   0x00000064   Code   RO         3125    .text               mf_w.l(fmul.o)
    0x0800027c   0x0000014e   Code   RO         3127    .text               mf_w.l(dadd.o)
    0x080003ca   0x000000e4   Code   RO         3129    .text               mf_w.l(dmul.o)
    0x080004ae   0x000000de   Code   RO         3131    .text               mf_w.l(ddiv.o)
    0x0800058c   0x00000022   Code   RO         3133    .text               mf_w.l(dflti.o)
    0x080005ae   0x0000001a   Code   RO         3135    .text               mf_w.l(dfltui.o)
    0x080005c8   0x00000028   Code   RO         3137    .text               mf_w.l(ffixui.o)
    0x080005f0   0x00000032   Code   RO         3139    .text               mf_w.l(dfixui.o)
    0x08000622   0x00000026   Code   RO         3141    .text               mf_w.l(f2d.o)
    0x08000648   0x00000030   Code   RO         3143    .text               mf_w.l(cdcmple.o)
    0x08000678   0x00000030   Code   RO         3145    .text               mf_w.l(cdrcmple.o)
    0x080006a8   0x00000038   Code   RO         3147    .text               mf_w.l(d2f.o)
    0x080006e0   0x00000014   Code   RO         3149    .text               mf_w.l(cfrcmple.o)
    0x080006f4   0x0000001e   Code   RO         3165    .text               mc_w.l(llshl.o)
    0x08000712   0x00000020   Code   RO         3167    .text               mc_w.l(llushr.o)
    0x08000732   0x00000024   Code   RO         3169    .text               mc_w.l(llsshr.o)
    0x08000756   0x00000000   Code   RO         3171    .text               mc_w.l(iusefp.o)
    0x08000756   0x0000006e   Code   RO         3172    .text               mf_w.l(fepilogue.o)
    0x080007c4   0x000000ba   Code   RO         3174    .text               mf_w.l(depilogue.o)
    0x0800087e   0x00000002   PAD
    0x08000880   0x00000024   Code   RO         3176    .text               mc_w.l(init.o)
    0x080008a4   0x00000056   Code   RO         3186    .text               mc_w.l(__dczerorl2.o)
    0x080008fa   0x00000016   Code   RO         1010    i.ADC_Cmd           stm32f10x_adc.o
    0x08000910   0x00000016   Code   RO         1011    i.ADC_DMACmd        stm32f10x_adc.o
    0x08000926   0x00000002   PAD
    0x08000928   0x0000005c   Code   RO         1012    i.ADC_DeInit        stm32f10x_adc.o
    0x08000984   0x00000014   Code   RO         1018    i.ADC_GetCalibrationStatus  stm32f10x_adc.o
    0x08000998   0x00000014   Code   RO         1024    i.ADC_GetResetCalibrationStatus  stm32f10x_adc.o
    0x080009ac   0x00000050   Code   RO         1028    i.ADC_Init          stm32f10x_adc.o
    0x080009fc   0x000000b8   Code   RO         1032    i.ADC_RegularChannelConfig  stm32f10x_adc.o
    0x08000ab4   0x0000000a   Code   RO         1033    i.ADC_ResetCalibration  stm32f10x_adc.o
    0x08000abe   0x00000016   Code   RO         1035    i.ADC_SoftwareStartConvCmd  stm32f10x_adc.o
    0x08000ad4   0x0000000a   Code   RO         1037    i.ADC_StartCalibration  stm32f10x_adc.o
    0x08000ade   0x00000002   PAD
    0x08000ae0   0x00000090   Code   RO          454    i.Alarm_ON          timer.o
    0x08000b70   0x00000070   Code   RO          817    i.Alarm_ON1         pvd.o
    0x08000be0   0x0000007c   Code   RO          699    i.Alarm_ON2         flash.o
    0x08000c5c   0x0000011c   Code   RO          595    i.Average_Current   ina.o
    0x08000d78   0x00000010   Code   RO         1228    i.BKP_DeInit        stm32f10x_bkp.o
    0x08000d88   0x0000001c   Code   RO         1233    i.BKP_ReadBackupRegister  stm32f10x_bkp.o
    0x08000da4   0x0000001c   Code   RO         1237    i.BKP_WriteBackupRegister  stm32f10x_bkp.o
    0x08000dc0   0x00000004   Code   RO          100    i.BusFault_Handler  stm32f10x_it.o
    0x08000dc4   0x00000048   Code   RO          455    i.Check_Alarm       timer.o
    0x08000e0c   0x0000021c   Code   RO          456    i.Current_Check     timer.o
    0x08001028   0x0000001c   Code   RO         1382    i.DMA_ClearFlag     stm32f10x_dma.o
    0x08001044   0x0000001c   Code   RO         1383    i.DMA_ClearITPendingBit  stm32f10x_dma.o
    0x08001060   0x00000018   Code   RO         1384    i.DMA_Cmd           stm32f10x_dma.o
    0x08001078   0x0000014c   Code   RO         1385    i.DMA_DeInit        stm32f10x_dma.o
    0x080011c4   0x00000008   Code   RO         1386    i.DMA_GetCurrDataCounter  stm32f10x_dma.o
    0x080011cc   0x0000002c   Code   RO         1388    i.DMA_GetITStatus   stm32f10x_dma.o
    0x080011f8   0x00000012   Code   RO         1389    i.DMA_ITConfig      stm32f10x_dma.o
    0x0800120a   0x0000003c   Code   RO         1390    i.DMA_Init          stm32f10x_dma.o
    0x08001246   0x00000002   PAD
    0x08001248   0x00000050   Code   RO          227    i.DMA_usart1_Send   usart.o
    0x08001298   0x00000002   Code   RO          101    i.DebugMon_Handler  stm32f10x_it.o
    0x0800129a   0x00000002   PAD
    0x0800129c   0x00000050   Code   RO          420    i.EXTI3_IRQHandler  exti.o
    0x080012ec   0x00000090   Code   RO          421    i.EXTI4_IRQHandler  exti.o
    0x0800137c   0x00000012   Code   RO          422    i.EXTI9_5_IRQHandler  exti.o
    0x0800138e   0x00000002   PAD
    0x08001390   0x0000000c   Code   RO         1455    i.EXTI_ClearITPendingBit  stm32f10x_exti.o
    0x0800139c   0x00000028   Code   RO         1459    i.EXTI_GetITStatus  stm32f10x_exti.o
    0x080013c4   0x00000094   Code   RO         1460    i.EXTI_Init         stm32f10x_exti.o
    0x08001458   0x00000088   Code   RO          457    i.ExtMode_Update    timer.o
    0x080014e0   0x0000004c   Code   RO         1513    i.FLASH_ErasePage   stm32f10x_flash.o
    0x0800152c   0x00000034   Code   RO         1514    i.FLASH_GetBank1Status  stm32f10x_flash.o
    0x08001560   0x00000014   Code   RO         1523    i.FLASH_Lock        stm32f10x_flash.o
    0x08001574   0x00000040   Code   RO         1526    i.FLASH_ProgramHalfWord  stm32f10x_flash.o
    0x080015b4   0x00000018   Code   RO         1531    i.FLASH_Unlock      stm32f10x_flash.o
    0x080015cc   0x00000026   Code   RO         1535    i.FLASH_WaitForLastOperation  stm32f10x_flash.o
    0x080015f2   0x00000002   PAD
    0x080015f4   0x00000138   Code   RO          700    i.File_Lock_down    flash.o
    0x0800172c   0x00000108   Code   RO          701    i.File_Lock_up      flash.o
    0x08001834   0x00000090   Code   RO          458    i.Flow_Check        timer.o
    0x080018c4   0x00000040   Code   RO         1685    i.GPIO_EXTILineConfig  stm32f10x_gpio.o
    0x08001904   0x00000116   Code   RO         1688    i.GPIO_Init         stm32f10x_gpio.o
    0x08001a1a   0x00000002   PAD
    0x08001a1c   0x00000090   Code   RO         1690    i.GPIO_PinRemapConfig  stm32f10x_gpio.o
    0x08001aac   0x00000010   Code   RO          459    i.GetInfo           timer.o
    0x08001abc   0x00000030   Code   RO          596    i.Get_Current       ina.o
    0x08001aec   0x0000020c   Code   RO          200    i.Get_adc           adc.o
    0x08001cf8   0x00000004   Code   RO          102    i.HardFault_Handler  stm32f10x_it.o
    0x08001cfc   0x00000034   Code   RO          597    i.IIC_Ack           ina.o
    0x08001d30   0x0000000c   Code   RO          598    i.IIC_Delay         ina.o
    0x08001d3c   0x00000034   Code   RO          599    i.IIC_NAck          ina.o
    0x08001d70   0x00000054   Code   RO          600    i.IIC_Read_Byte     ina.o
    0x08001dc4   0x0000004c   Code   RO          601    i.IIC_Send_Byte     ina.o
    0x08001e10   0x00000034   Code   RO          602    i.IIC_Start         ina.o
    0x08001e44   0x00000030   Code   RO          603    i.IIC_Stop          ina.o
    0x08001e74   0x0000004c   Code   RO          604    i.IIC_Wait_Ack      ina.o
    0x08001ec0   0x000000bc   Code   RO          605    i.INA220_Init       ina.o
    0x08001f7c   0x0000004c   Code   RO          606    i.INA220_ReadOneWord  ina.o
    0x08001fc8   0x0000003c   Code   RO          607    i.INA220_WriteOneWord  ina.o
    0x08002004   0x0000003c   Code   RO          608    i.INA_ReadCurrent   ina.o
    0x08002040   0x0000003a   Code   RO          351    i.Is_Leap_Year      rtc.o
    0x0800207a   0x00000004   Code   RO          103    i.MemManage_Handler  stm32f10x_it.o
    0x0800207e   0x00000002   Code   RO          104    i.NMI_Handler       stm32f10x_it.o
    0x08002080   0x00000070   Code   RO          952    i.NVIC_Init         misc.o
    0x080020f0   0x00000014   Code   RO          953    i.NVIC_PriorityGroupConfig  misc.o
    0x08002104   0x000001a4   Code   RO          460    i.PD_Check          timer.o
    0x080022a8   0x0000003c   Code   RO          818    i.PVD_IRQHandler    pvd.o
    0x080022e4   0x0000000c   Code   RO         2042    i.PWR_BackupAccessCmd  stm32f10x_pwr.o
    0x080022f0   0x00000130   Code   RO          228    i.Parameters        usart.o
    0x08002420   0x00000002   Code   RO          105    i.PendSV_Handler    stm32f10x_it.o
    0x08002422   0x00000002   PAD
    0x08002424   0x00000070   Code   RO          461    i.QBH_Check         timer.o
    0x08002494   0x00000018   Code   RO         2102    i.RCC_ADCCLKConfig  stm32f10x_rcc.o
    0x080024ac   0x00000020   Code   RO         2103    i.RCC_AHBPeriphClockCmd  stm32f10x_rcc.o
    0x080024cc   0x00000020   Code   RO         2104    i.RCC_APB1PeriphClockCmd  stm32f10x_rcc.o
    0x080024ec   0x00000020   Code   RO         2106    i.RCC_APB2PeriphClockCmd  stm32f10x_rcc.o
    0x0800250c   0x00000020   Code   RO         2107    i.RCC_APB2PeriphResetCmd  stm32f10x_rcc.o
    0x0800252c   0x0000000c   Code   RO         2109    i.RCC_BackupResetCmd  stm32f10x_rcc.o
    0x08002538   0x000000d4   Code   RO         2114    i.RCC_GetClocksFreq  stm32f10x_rcc.o
    0x0800260c   0x0000003c   Code   RO         2115    i.RCC_GetFlagStatus  stm32f10x_rcc.o
    0x08002648   0x00000034   Code   RO         2122    i.RCC_LSEConfig     stm32f10x_rcc.o
    0x0800267c   0x0000000c   Code   RO         2129    i.RCC_RTCCLKCmd     stm32f10x_rcc.o
    0x08002688   0x00000010   Code   RO         2130    i.RCC_RTCCLKConfig  stm32f10x_rcc.o
    0x08002698   0x00000010   Code   RO         3031    i.RTC_ClearITPendingBit  stm32f10x_rtc.o
    0x080026a8   0x00000014   Code   RO         3032    i.RTC_EnterConfigMode  stm32f10x_rtc.o
    0x080026bc   0x00000014   Code   RO         3033    i.RTC_ExitConfigMode  stm32f10x_rtc.o
    0x080026d0   0x00000108   Code   RO          352    i.RTC_Get           rtc.o
    0x080027d8   0x00000014   Code   RO         3034    i.RTC_GetCounter    stm32f10x_rtc.o
    0x080027ec   0x00000024   Code   RO         3037    i.RTC_GetITStatus   stm32f10x_rtc.o
    0x08002810   0x00000078   Code   RO          353    i.RTC_Get_Week      rtc.o
    0x08002888   0x0000002c   Code   RO          354    i.RTC_IRQHandler    rtc.o
    0x080028b4   0x00000020   Code   RO         3038    i.RTC_ITConfig      stm32f10x_rtc.o
    0x080028d4   0x000000e8   Code   RO          355    i.RTC_Init          rtc.o
    0x080029bc   0x000000cc   Code   RO          356    i.RTC_Set           rtc.o
    0x08002a88   0x0000001c   Code   RO         3039    i.RTC_SetAlarm      stm32f10x_rtc.o
    0x08002aa4   0x0000001c   Code   RO         3040    i.RTC_SetCounter    stm32f10x_rtc.o
    0x08002ac0   0x00000020   Code   RO         3041    i.RTC_SetPrescaler  stm32f10x_rtc.o
    0x08002ae0   0x00000014   Code   RO         3042    i.RTC_WaitForLastTask  stm32f10x_rtc.o
    0x08002af4   0x00000024   Code   RO         3043    i.RTC_WaitForSynchro  stm32f10x_rtc.o
    0x08002b18   0x00000048   Code   RO          229    i.Read_Err_History  usart.o
    0x08002b60   0x00000014   Code   RO          702    i.Read_Flash_Word   flash.o
    0x08002b74   0x00000020   Code   RO          610    i.SDA_IN            ina.o
    0x08002b94   0x00000020   Code   RO          611    i.SDA_OUT           ina.o
    0x08002bb4   0x00000022   Code   RO          703    i.STMFLASH_Read     flash.o
    0x08002bd6   0x00000006   Code   RO          704    i.STMFLASH_ReadHalfWord  flash.o
    0x08002bdc   0x000000e8   Code   RO          705    i.STMFLASH_Write    flash.o
    0x08002cc4   0x00000026   Code   RO          706    i.STMFLASH_Write_NoCheck  flash.o
    0x08002cea   0x00000002   Code   RO          106    i.SVC_Handler       stm32f10x_it.o
    0x08002cec   0x00000030   Code   RO          230    i.Send_Err          usart.o
    0x08002d1c   0x000000f0   Code   RO          231    i.Send_ErrSave      usart.o
    0x08002e0c   0x00000110   Code   RO          232    i.Send_PC_Err_History  usart.o
    0x08002f1c   0x000001ec   Code   RO          235    i.Send_Status       usart.o
    0x08003108   0x00000008   Code   RO          899    i.SetSysClock       system_stm32f10x.o
    0x08003110   0x000000e0   Code   RO          900    i.SetSysClockTo72   system_stm32f10x.o
    0x080031f0   0x000000ec   Code   RO          583    i.Set_LD_Volt       power_convert.o
    0x080032dc   0x0000004c   Code   RO          462    i.Set_PWM           timer.o
    0x08003328   0x00000028   Code   RO          463    i.Stop_Check        timer.o
    0x08003350   0x00000028   Code   RO          956    i.SysTick_CLKSourceConfig  misc.o
    0x08003378   0x00000002   Code   RO          107    i.SysTick_Handler   stm32f10x_it.o
    0x0800337a   0x00000002   PAD
    0x0800337c   0x00000060   Code   RO          902    i.SystemInit        system_stm32f10x.o
    0x080033dc   0x000000e8   Code   RO          465    i.TIM2_IRQHandler   timer.o
    0x080034c4   0x000000c4   Code   RO          466    i.TIM3_IRQHandler   timer.o
    0x08003588   0x00000094   Code   RO          467    i.TIM4_IRQHandler   timer.o
    0x0800361c   0x000000c4   Code   RO          468    i.TIM5_IRQHandler   timer.o
    0x080036e0   0x00000018   Code   RO         2306    i.TIM_ARRPreloadConfig  stm32f10x_tim.o
    0x080036f8   0x00000006   Code   RO         2313    i.TIM_ClearITPendingBit  stm32f10x_tim.o
    0x080036fe   0x00000018   Code   RO         2318    i.TIM_Cmd           stm32f10x_tim.o
    0x08003716   0x0000001e   Code   RO         2320    i.TIM_CtrlPWMOutputs  stm32f10x_tim.o
    0x08003734   0x00000022   Code   RO         2339    i.TIM_GetITStatus   stm32f10x_tim.o
    0x08003756   0x00000012   Code   RO         2343    i.TIM_ITConfig      stm32f10x_tim.o
    0x08003768   0x0000007c   Code   RO         2362    i.TIM_OC4Init       stm32f10x_tim.o
    0x080037e4   0x0000001a   Code   RO         2364    i.TIM_OC4PreloadConfig  stm32f10x_tim.o
    0x080037fe   0x00000002   PAD
    0x08003800   0x000000a4   Code   RO         2389    i.TIM_TimeBaseInit  stm32f10x_tim.o
    0x080038a4   0x00000028   Code   RO          163    i.TLC5620SendAddr   tlc5620.o
    0x080038cc   0x0000002c   Code   RO          164    i.TLC5620SendBit    tlc5620.o
    0x080038f8   0x0000001e   Code   RO          165    i.TLC5620SendByte   tlc5620.o
    0x08003916   0x00000002   PAD
    0x08003918   0x00000084   Code   RO          166    i.TLC5620_Set_DA    tlc5620.o
    0x0800399c   0x00000140   Code   RO          469    i.Temp_Check        timer.o
    0x08003adc   0x0000006c   Code   RO          237    i.USART1_IRQHandler  usart.o
    0x08003b48   0x000000ec   Code   RO          779    i.USART2_IRQHandler  usart2.o
    0x08003c34   0x00000012   Code   RO         2850    i.USART_ClearFlag   stm32f10x_usart.o
    0x08003c46   0x0000001e   Code   RO         2851    i.USART_ClearITPendingBit  stm32f10x_usart.o
    0x08003c64   0x00000018   Code   RO         2854    i.USART_Cmd         stm32f10x_usart.o
    0x08003c7c   0x00000012   Code   RO         2855    i.USART_DMACmd      stm32f10x_usart.o
    0x08003c8e   0x0000001a   Code   RO         2857    i.USART_GetFlagStatus  stm32f10x_usart.o
    0x08003ca8   0x00000054   Code   RO         2858    i.USART_GetITStatus  stm32f10x_usart.o
    0x08003cfc   0x0000004a   Code   RO         2860    i.USART_ITConfig    stm32f10x_usart.o
    0x08003d46   0x00000002   PAD
    0x08003d48   0x000000d8   Code   RO         2861    i.USART_Init        stm32f10x_usart.o
    0x08003e20   0x0000000a   Code   RO         2868    i.USART_ReceiveData  stm32f10x_usart.o
    0x08003e2a   0x00000004   Code   RO          108    i.UsageFault_Handler  stm32f10x_it.o
    0x08003e2e   0x00000002   PAD
    0x08003e30   0x00000070   Code   RO          239    i.Write_Err_eeprom  usart.o
    0x08003ea0   0x00000010   Code   RO          707    i.Write_Flash_Word  flash.o
    0x08003eb0   0x0000000e   Code   RO         3180    i.__scatterload_copy  mc_w.l(handlers.o)
    0x08003ebe   0x00000002   Code   RO         3181    i.__scatterload_null  mc_w.l(handlers.o)
    0x08003ec0   0x0000000e   Code   RO         3182    i.__scatterload_zeroinit  mc_w.l(handlers.o)
    0x08003ece   0x00000002   PAD
    0x08003ed0   0x00000198   Code   RO          201    i.adc_init          adc.o
    0x08004068   0x0000003c   Code   RO          240    i.clean_Err_eeprom  usart.o
    0x080040a4   0x000007d8   Code   RO          241    i.com_app           usart.o
    0x0800487c   0x00000038   Code   RO          708    i.crc16             flash.o
    0x080048b4   0x00000044   Code   RO          557    i.delay_init        delay.o
    0x080048f8   0x0000004c   Code   RO          558    i.delay_ms          delay.o
    0x08004944   0x0000004c   Code   RO          559    i.delay_us          delay.o
    0x08004990   0x000000cc   Code   RO          423    i.exti_init         exti.o
    0x08004a5c   0x00000036   Code   RO          243    i.get_crc           usart.o
    0x08004a92   0x00000002   PAD
    0x08004a94   0x000000ac   Code   RO          357    i.get_secod_count   rtc.o
    0x08004b40   0x0000012c   Code   RO            2    i.gpio_init         main.o
    0x08004c6c   0x0000047c   Code   RO          709    i.load_para         flash.o
    0x080050e8   0x0000007c   Code   RO          358    i.lock_action       rtc.o
    0x08005164   0x00000068   Code   RO            3    i.main              main.o
    0x080051cc   0x000001ac   Code   RO          359    i.power_on_lock_action  rtc.o
    0x08005378   0x000000e4   Code   RO          202    i.temp_calcuate     adc.o
    0x0800545c   0x000001f8   Code   RO          470    i.timer_init        timer.o
    0x08005654   0x00000040   Code   RO          167    i.tlc5620_init      tlc5620.o
    0x08005694   0x00000188   Code   RO          244    i.usart1_init       usart.o
    0x0800581c   0x0000008e   Data   RO          204    .constdata          adc.o
    0x080058aa   0x00000002   PAD
    0x080058ac   0x0000000a   Data   RO          246    .constdata          usart.o
    0x080058b6   0x00000002   PAD
    0x080058b8   0x0000003c   Data   RO          361    .constdata          rtc.o
    0x080058f4   0x00000200   Data   RO          711    .constdata          flash.o
    0x08005af4   0x00000020   Data   RO         3178    Region$$Table       anon$$obj.o


    Execution Region RW_IRAM1 (Base: 0x20000000, Size: 0x00001f10, Max: 0x0000c000, ABSOLUTE, COMPRESSED[0x00000124])

    Base Addr    Size         Type   Attr      Idx    E Section Name        Object

    0x20000000   0x00000002   Data   RW            5    .data               main.o
    0x20000002   0x0000010a   Data   RW          247    .data               usart.o
    0x2000010c   0x0000001a   Data   RW          362    .data               rtc.o
    0x20000126   0x00000001   Data   RW          424    .data               exti.o
    0x20000127   0x00000001   PAD
    0x20000128   0x00000023   Data   RW          471    .data               timer.o
    0x2000014b   0x00000001   PAD
    0x2000014c   0x00000004   Data   RW          560    .data               delay.o
    0x20000150   0x00000015   Data   RW          613    .data               ina.o
    0x20000165   0x00000001   PAD
    0x20000166   0x00000245   Data   RW          782    .data               usart2.o
    0x200003ab   0x00000001   PAD
    0x200003ac   0x00000004   Data   RW          820    .data               pvd.o
    0x200003b0   0x00000014   Data   RW          903    .data               system_stm32f10x.o
    0x200003c4   0x00000014   Data   RW         2134    .data               stm32f10x_rcc.o
    0x200003d8   0x0000017c   Zero   RW            4    .bss                main.o
    0x20000554   0x00000960   Zero   RW          203    .bss                adc.o
    0x20000eb4   0x000000ff   Zero   RW          245    .bss                usart.o
    0x20000fb3   0x00000001   PAD
    0x20000fb4   0x0000000e   Zero   RW          360    .bss                rtc.o
    0x20000fc2   0x00000340   Zero   RW          612    .bss                ina.o
    0x20001302   0x00000800   Zero   RW          710    .bss                flash.o
    0x20001b02   0x0000000a   Zero   RW          781    .bss                usart2.o
    0x20001b0c   0x00000004   PAD
    0x20001b10   0x00000400   Zero   RW          881    STACK               startup_stm32f10x_hd.o


==============================================================================

Image component sizes


      Code (inc. data)   RO Data    RW Data    ZI Data      Debug   Object Name

      1160         76        142          0       2400       2759   adc.o
       220         26          0          4          0       1515   delay.o
       446         56          0          1          0       2150   exti.o
      2250        126        512          0       2048       7437   flash.o
      1232        142          0         21        832       8620   ina.o
       404         58          0          2        380     307548   main.o
       172         22          0          0          0     235797   misc.o
       236         32          0          0          0        570   power_convert.o
       172         30          0          4          0       1035   pvd.o
      1646        162         60         26         14      13744   rtc.o
        36          8        304          0       1024        796   startup_stm32f10x_hd.o
       482         24          0          0          0       7286   stm32f10x_adc.o
        72         10          0          0          0       2440   stm32f10x_bkp.o
       542         36          0          0          0       5696   stm32f10x_dma.o
       200         18          0          0          0       1868   stm32f10x_exti.o
       274         30          0          0          0       3058   stm32f10x_flash.o
       486         10          0          0          0       3160   stm32f10x_gpio.o
        26          0          0          0          0       3542   stm32f10x_it.o
        12          6          0          0          0        458   stm32f10x_pwr.o
       516         76          0         20          0       8114   stm32f10x_rcc.o
       288         52          0          0          0       5071   stm32f10x_rtc.o
       450         52          0          0          0       5363   stm32f10x_tim.o
       500          6          0          0          0       6783   stm32f10x_usart.o
       328         28          0         20          0       2005   system_stm32f10x.o
      3296        324          0         35          0       9451   timer.o
       310         42          0          0          0       2420   tlc5620.o
      4242        310         10        266        255      16628   usart.o
       236         16          0        581         10       2801   usart2.o

    ----------------------------------------------------------------------
     20262       1778       1064        984       6968     668115   Object Totals
         0          0         32          0          0          0   (incl. Generated)
        28          0          4          4          5          0   (incl. Padding)

    ----------------------------------------------------------------------

      Code (inc. data)   RO Data    RW Data    ZI Data      Debug   Library Member Name

        86          0          0          0          0          0   __dczerorl2.o
         0          0          0          0          0          0   entry.o
         0          0          0          0          0          0   entry10a.o
         0          0          0          0          0          0   entry11a.o
         8          4          0          0          0          0   entry2.o
         4          0          0          0          0          0   entry5.o
         0          0          0          0          0          0   entry7b.o
         0          0          0          0          0          0   entry8b.o
         8          4          0          0          0          0   entry9a.o
        30          0          0          0          0          0   handlers.o
        36          8          0          0          0         68   init.o
         0          0          0          0          0          0   iusefp.o
        30          0          0          0          0         68   llshl.o
        36          0          0          0          0         68   llsshr.o
        32          0          0          0          0         68   llushr.o
        48          0          0          0          0         68   cdcmple.o
        48          0          0          0          0         68   cdrcmple.o
        20          0          0          0          0         68   cfrcmple.o
        56          0          0          0          0         88   d2f.o
       334          0          0          0          0        148   dadd.o
       222          0          0          0          0        100   ddiv.o
       186          0          0          0          0        176   depilogue.o
        50          0          0          0          0         76   dfixui.o
        34          0          0          0          0         76   dflti.o
        26          0          0          0          0         76   dfltui.o
       228          0          0          0          0         96   dmul.o
        38          0          0          0          0         68   f2d.o
       176          0          0          0          0        140   fadd.o
       110          0          0          0          0        168   fepilogue.o
        40          0          0          0          0         68   ffixui.o
       100          0          0          0          0         76   fmul.o

    ----------------------------------------------------------------------
      1990         16          0          0          0       1832   Library Totals
         4          0          0          0          0          0   (incl. Padding)

    ----------------------------------------------------------------------

      Code (inc. data)   RO Data    RW Data    ZI Data      Debug   Library Name

       270         16          0          0          0        272   mc_w.l
      1716          0          0          0          0       1560   mf_w.l

    ----------------------------------------------------------------------
      1990         16          0          0          0       1832   Library Totals

    ----------------------------------------------------------------------

==============================================================================


      Code (inc. data)   RO Data    RW Data    ZI Data      Debug   

     22252       1794       1064        984       6968     660455   Grand Totals
     22252       1794       1064        292       6968     660455   ELF Image Totals (compressed)
     22252       1794       1064        292          0          0   ROM Totals

==============================================================================

    Total RO  Size (Code + RO Data)                23316 (  22.77kB)
    Total RW  Size (RW Data + ZI Data)              7952 (   7.77kB)
    Total ROM Size (Code + RO Data + RW Data)      23608 (  23.05kB)

==============================================================================

