Component: ARM Compiler 5.06 update 4 (build 422) Tool: armlink [4d35d2]

==============================================================================

Section Cross References

    main.o(i.IWDG_Config) refers to stm32f10x_iwdg.o(i.IWDG_WriteAccessCmd) for IWDG_WriteAccessCmd
    main.o(i.IWDG_Config) refers to stm32f10x_iwdg.o(i.IWDG_SetPrescaler) for IWDG_SetPrescaler
    main.o(i.IWDG_Config) refers to stm32f10x_iwdg.o(i.IWDG_SetReload) for IWDG_SetReload
    main.o(i.IWDG_Config) refers to stm32f10x_iwdg.o(i.IWDG_ReloadCounter) for IWDG_ReloadCounter
    main.o(i.IWDG_Config) refers to stm32f10x_iwdg.o(i.IWDG_Enable) for IWDG_Enable
    main.o(i.gpio_init) refers to stm32f10x_rcc.o(i.RCC_APB2PeriphClockCmd) for RCC_APB2PeriphClockCmd
    main.o(i.gpio_init) refers to stm32f10x_gpio.o(i.GPIO_PinRemapConfig) for GPIO_PinRemapConfig
    main.o(i.gpio_init) refers to stm32f10x_gpio.o(i.GPIO_Init) for GPIO_Init
    main.o(i.gpio_init) refers to delay.o(i.delay_ms) for delay_ms
    main.o(i.main) refers to misc.o(i.NVIC_PriorityGroupConfig) for NVIC_PriorityGroupConfig
    main.o(i.main) refers to delay.o(i.delay_init) for delay_init
    main.o(i.main) refers to main.o(i.gpio_init) for gpio_init
    main.o(i.main) refers to usart.o(i.usart1_init) for usart1_init
    main.o(i.main) refers to tlc5620.o(i.tlc5620_init) for tlc5620_init
    main.o(i.main) refers to flash.o(i.load_para) for load_para
    main.o(i.main) refers to rtc.o(i.RTC_Init) for RTC_Init
    main.o(i.main) refers to adc.o(i.adc_init) for adc_init
    main.o(i.main) refers to delay.o(i.delay_ms) for delay_ms
    main.o(i.main) refers to ina.o(i.INA220_Init) for INA220_Init
    main.o(i.main) refers to timer.o(i.timer_init) for timer_init
    main.o(i.main) refers to exti.o(i.exti_init) for exti_init
    main.o(i.main) refers to rtc.o(i.power_on_lock_action) for power_on_lock_action
    main.o(i.main) refers to flash.o(i.Read_Flash_Word) for Read_Flash_Word
    main.o(i.main) refers to stm32f10x_tim.o(i.TIM_ITConfig) for TIM_ITConfig
    tlc5620.o(i.TLC5620SendAddr) refers to tlc5620.o(i.TLC5620SendBit) for TLC5620SendBit
    tlc5620.o(i.TLC5620SendByte) refers to tlc5620.o(i.TLC5620SendBit) for TLC5620SendBit
    tlc5620.o(i.TLC5620_Set_DA) refers to f2d.o(.text) for __aeabi_f2d
    tlc5620.o(i.TLC5620_Set_DA) refers to ddiv.o(.text) for __aeabi_ddiv
    tlc5620.o(i.TLC5620_Set_DA) refers to dmul.o(.text) for __aeabi_dmul
    tlc5620.o(i.TLC5620_Set_DA) refers to dadd.o(.text) for __aeabi_dsub
    tlc5620.o(i.TLC5620_Set_DA) refers to dfixui.o(.text) for __aeabi_d2uiz
    tlc5620.o(i.TLC5620_Set_DA) refers to tlc5620.o(i.TLC5620SendAddr) for TLC5620SendAddr
    tlc5620.o(i.TLC5620_Set_DA) refers to tlc5620.o(i.TLC5620SendByte) for TLC5620SendByte
    tlc5620.o(i.tlc5620_init) refers to stm32f10x_rcc.o(i.RCC_APB2PeriphClockCmd) for RCC_APB2PeriphClockCmd
    tlc5620.o(i.tlc5620_init) refers to stm32f10x_gpio.o(i.GPIO_Init) for GPIO_Init
    adc.o(i.Get_adc) refers to dfltui.o(.text) for __aeabi_ui2d
    adc.o(i.Get_adc) refers to dmul.o(.text) for __aeabi_dmul
    adc.o(i.Get_adc) refers to ddiv.o(.text) for __aeabi_ddiv
    adc.o(i.Get_adc) refers to dfixui.o(.text) for __aeabi_d2uiz
    adc.o(i.Get_adc) refers to d2f.o(.text) for __aeabi_d2f
    adc.o(i.Get_adc) refers to adc.o(i.temp_calcuate) for temp_calcuate
    adc.o(i.Get_adc) refers to adc.o(.bss) for AD_Value
    adc.o(i.Get_adc) refers to main.o(.bss) for info_1
    adc.o(i.Get_adc) refers to main.o(.data) for WorkMode
    adc.o(i.adc_init) refers to stm32f10x_rcc.o(i.RCC_APB2PeriphClockCmd) for RCC_APB2PeriphClockCmd
    adc.o(i.adc_init) refers to stm32f10x_rcc.o(i.RCC_AHBPeriphClockCmd) for RCC_AHBPeriphClockCmd
    adc.o(i.adc_init) refers to stm32f10x_rcc.o(i.RCC_ADCCLKConfig) for RCC_ADCCLKConfig
    adc.o(i.adc_init) refers to stm32f10x_gpio.o(i.GPIO_Init) for GPIO_Init
    adc.o(i.adc_init) refers to stm32f10x_dma.o(i.DMA_DeInit) for DMA_DeInit
    adc.o(i.adc_init) refers to stm32f10x_dma.o(i.DMA_Init) for DMA_Init
    adc.o(i.adc_init) refers to stm32f10x_dma.o(i.DMA_Cmd) for DMA_Cmd
    adc.o(i.adc_init) refers to stm32f10x_adc.o(i.ADC_DeInit) for ADC_DeInit
    adc.o(i.adc_init) refers to stm32f10x_adc.o(i.ADC_Init) for ADC_Init
    adc.o(i.adc_init) refers to stm32f10x_adc.o(i.ADC_RegularChannelConfig) for ADC_RegularChannelConfig
    adc.o(i.adc_init) refers to stm32f10x_adc.o(i.ADC_DMACmd) for ADC_DMACmd
    adc.o(i.adc_init) refers to stm32f10x_adc.o(i.ADC_Cmd) for ADC_Cmd
    adc.o(i.adc_init) refers to stm32f10x_adc.o(i.ADC_ResetCalibration) for ADC_ResetCalibration
    adc.o(i.adc_init) refers to stm32f10x_adc.o(i.ADC_GetResetCalibrationStatus) for ADC_GetResetCalibrationStatus
    adc.o(i.adc_init) refers to stm32f10x_adc.o(i.ADC_StartCalibration) for ADC_StartCalibration
    adc.o(i.adc_init) refers to stm32f10x_adc.o(i.ADC_GetCalibrationStatus) for ADC_GetCalibrationStatus
[...]
    HARDWARE\usart.c                         0x00000000   Number         0  usart.o ABSOLUTE
    HARDWARE\usart2.c                        0x00000000   Number         0  usart2.o ABSOLUTE
    USER\main.c                              0x00000000   Number         0  main.o ABSOLUTE
    USER\stm32f10x_it.c                      0x00000000   Number         0  stm32f10x_it.o ABSOLUTE
    cdcmple.s                                0x00000000   Number         0  cdcmple.o ABSOLUTE
    cdrcmple.s                               0x00000000   Number         0  cdrcmple.o ABSOLUTE
    cfrcmple.s                               0x00000000   Number         0  cfrcmple.o ABSOLUTE
    dc.s                                     0x00000000   Number         0  dc.o ABSOLUTE
    handlers.s                               0x00000000   Number         0  handlers.o ABSOLUTE
    init.s                                   0x00000000   Number         0  init.o ABSOLUTE
    RESET                                    0x08000000   Section      304  startup_stm32f10x_hd.o(RESET)
    .ARM.Collect$$$$00000000                 0x08000130   Section        0  entry.o(.ARM.Collect$$$$00000000)
    .ARM.Collect$$$$00000001                 0x08000130   Section        4  entry2.o(.ARM.Collect$$$$00000001)
    .ARM.Collect$$$$00000004                 0x08000134   Section        4  entry5.o(.ARM.Collect$$$$00000004)
    .ARM.Collect$$$$00000008                 0x08000138   Section        0  entry7b.o(.ARM.Collect$$$$00000008)
    .ARM.Collect$$$$0000000A                 0x08000138   Section        0  entry8b.o(.ARM.Collect$$$$0000000A)
    .ARM.Collect$$$$0000000B                 0x08000138   Section        8  entry9a.o(.ARM.Collect$$$$0000000B)
    .ARM.Collect$$$$0000000D                 0x08000140   Section        0  entry10a.o(.ARM.Collect$$$$0000000D)
    .ARM.Collect$$$$0000000F                 0x08000140   Section        0  entry11a.o(.ARM.Collect$$$$0000000F)
    .ARM.Collect$$$$00002712                 0x08000140   Section        4  entry2.o(.ARM.Collect$$$$00002712)
    __lit__00000000                          0x08000140   Data           4  entry2.o(.ARM.Collect$$$$00002712)
    .text                                    0x08000144   Section       36  startup_stm32f10x_hd.o(.text)
    .text                                    0x08000168   Section        0  rand.o(.text)
    .text                                    0x0800018c   Section        0  fadd.o(.text)
    .text                                    0x0800023c   Section        0  fmul.o(.text)
    .text                                    0x080002a0   Section        0  dadd.o(.text)
    .text                                    0x080003ee   Section        0  dmul.o(.text)
    .text                                    0x080004d2   Section        0  ddiv.o(.text)
    .text                                    0x080005b0   Section        0  dflti.o(.text)
    .text                                    0x080005d2   Section        0  dfltui.o(.text)
    .text                                    0x080005ec   Section        0  ffixui.o(.text)
    .text                                    0x08000614   Section        0  dfixui.o(.text)
    .text                                    0x08000646   Section        0  f2d.o(.text)
    .text                                    0x0800066c   Section       48  cdcmple.o(.text)
    .text                                    0x0800069c   Section       48  cdrcmple.o(.text)
    .text                                    0x080006cc   Section        0  d2f.o(.text)
    .text                                    0x08000704   Section       20  cfrcmple.o(.text)
    .text                                    0x08000718   Section        0  llshl.o(.text)
    .text                                    0x08000736   Section        0  llushr.o(.text)
    .text                                    0x08000756   Section        0  llsshr.o(.text)
    .text                                    0x0800077a   Section        0  fepilogue.o(.text)
    .text                                    0x0800077a   Section        0  iusefp.o(.text)
    .text                                    0x080007e8   Section        0  depilogue.o(.text)
    .text                                    0x080008a4   Section       36  init.o(.text)
    .text                                    0x080008c8   Section        0  __dczerorl2.o(.text)
    i.ADC_Cmd                                0x0800091e   Section        0  stm32f10x_adc.o(i.ADC_Cmd)
    i.ADC_DMACmd                             0x08000934   Section        0  stm32f10x_adc.o(i.ADC_DMACmd)
    i.ADC_DeInit                             0x0800094c   Section        0  stm32f10x_adc.o(i.ADC_DeInit)
    i.ADC_GetCalibrationStatus               0x080009a8   Section        0  stm32f10x_adc.o(i.ADC_GetCalibrationStatus)
    i.ADC_GetResetCalibrationStatus          0x080009bc   Section        0  stm32f10x_adc.o(i.ADC_GetResetCalibrationStatus)
    i.ADC_Init                               0x080009d0   Section        0  stm32f10x_adc.o(i.ADC_Init)
    i.ADC_RegularChannelConfig               0x08000a20   Section        0  stm32f10x_adc.o(i.ADC_RegularChannelConfig)
    i.ADC_ResetCalibration                   0x08000ad8   Section        0  stm32f10x_adc.o(i.ADC_ResetCalibration)
    i.ADC_SoftwareStartConvCmd               0x08000ae2   Section        0  stm32f10x_adc.o(i.ADC_SoftwareStartConvCmd)
    i.ADC_StartCalibration                   0x08000af8   Section        0  stm32f10x_adc.o(i.ADC_StartCalibration)
    i.Alarm_ON                               0x08000b04   Section        0  timer.o(i.Alarm_ON)
    Alarm_ON                                 0x08000b05   Thumb Code   116  timer.o(i.Alarm_ON)
    i.Alarm_ON1                              0x08000b9c   Section        0  pvd.o(i.Alarm_ON1)
    Alarm_ON1                                0x08000b9d   Thumb Code    96  pvd.o(i.Alarm_ON1)
    i.Alarm_ON2                              0x08000c14   Section        0  flash.o(i.Alarm_ON2)
    i.Average_Current                        0x08000c98   Section        0  ina.o(i.Average_Current)
    i.BKP_DeInit                             0x08000dec   Section        0  stm32f10x_bkp.o(i.BKP_DeInit)
    i.BKP_ReadBackupRegister                 0x08000dfc   Section        0  stm32f10x_bkp.o(i.BKP_ReadBackupRegister)
    i.BKP_WriteBackupRegister                0x08000e18   Section        0  stm32f10x_bkp.o(i.BKP_WriteBackupRegister)
    i.BusFault_Handler                       0x08000e34   Section        0  stm32f10x_it.o(i.BusFault_Handler)
    i.Check_Alarm                            0x08000e38   Section        0  timer.o(i.Check_Alarm)
    Check_Alarm                              0x08000e39   Thumb Code    72  timer.o(i.Check_Alarm)
    i.Current_Check                          0x08000e80   Section        0  timer.o(i.Current_Check)
    Current_Check                            0x08000e81   Thumb Code   532  timer.o(i.Current_Check)
    i.DMA_ClearFlag                          0x080010bc   Section        0  stm32f10x_dma.o(i.DMA_ClearFlag)
    i.DMA_ClearITPendingBit                  0x080010d8   Section        0  stm32f10x_dma.o(i.DMA_ClearITPendingBit)
    i.DMA_Cmd                                0x080010f4   Section        0  stm32f10x_dma.o(i.DMA_Cmd)
    i.DMA_DeInit                             0x0800110c   Section        0  stm32f10x_dma.o(i.DMA_DeInit)
    i.DMA_GetCurrDataCounter                 0x08001258   Section        0  stm32f10x_dma.o(i.DMA_GetCurrDataCounter)
    i.DMA_GetITStatus                        0x08001260   Section        0  stm32f10x_dma.o(i.DMA_GetITStatus)
    i.DMA_ITConfig                           0x0800128c   Section        0  stm32f10x_dma.o(i.DMA_ITConfig)
    i.DMA_Init                               0x0800129e   Section        0  stm32f10x_dma.o(i.DMA_Init)
    i.DMA_usart1_Send                        0x080012dc   Section        0  usart.o(i.DMA_usart1_Send)
    i.DebugMon_Handler                       0x0800132c   Section        0  stm32f10x_it.o(i.DebugMon_Handler)
    i.EXTI2_IRQHandler                       0x08001330   Section        0  exti.o(i.EXTI2_IRQHandler)
    i.EXTI3_IRQHandler                       0x08001360   Section        0  exti.o(i.EXTI3_IRQHandler)
    i.EXTI4_IRQHandler                       0x080013b0   Section        0  exti.o(i.EXTI4_IRQHandler)
    i.EXTI9_5_IRQHandler                     0x08001448   Section        0  exti.o(i.EXTI9_5_IRQHandler)
    i.EXTI_ClearITPendingBit                 0x0800145c   Section        0  stm32f10x_exti.o(i.EXTI_ClearITPendingBit)
    i.EXTI_GetITStatus                       0x08001468   Section        0  stm32f10x_exti.o(i.EXTI_GetITStatus)
    i.EXTI_Init                              0x08001490   Section        0  stm32f10x_exti.o(i.EXTI_Init)
    i.ExtMode_Update                         0x08001524   Section        0  timer.o(i.ExtMode_Update)
    ExtMode_Update                           0x08001525   Thumb Code   128  timer.o(i.ExtMode_Update)
    i.FLASH_ErasePage                        0x080015ac   Section        0  stm32f10x_flash.o(i.FLASH_ErasePage)
    i.FLASH_GetBank1Status                   0x080015f8   Section        0  stm32f10x_flash.o(i.FLASH_GetBank1Status)
    i.FLASH_Lock                             0x0800162c   Section        0  stm32f10x_flash.o(i.FLASH_Lock)
    i.FLASH_ProgramHalfWord                  0x08001640   Section        0  stm32f10x_flash.o(i.FLASH_ProgramHalfWord)
    i.FLASH_Unlock                           0x08001680   Section        0  stm32f10x_flash.o(i.FLASH_Unlock)
    i.FLASH_WaitForLastOperation             0x08001698   Section        0  stm32f10x_flash.o(i.FLASH_WaitForLastOperation)
    i.File_Lock_down                         0x080016c0   Section        0  flash.o(i.File_Lock_down)
    i.File_Lock_up                           0x080017f8   Section        0  flash.o(i.File_Lock_up)
    i.Flow_Check                             0x08001900   Section        0  timer.o(i.Flow_Check)
    Flow_Check                               0x08001901   Thumb Code   132  timer.o(i.Flow_Check)
    i.GPIO_EXTILineConfig                    0x08001994   Section        0  stm32f10x_gpio.o(i.GPIO_EXTILineConfig)
    i.GPIO_Init                              0x080019d4   Section        0  stm32f10x_gpio.o(i.GPIO_Init)
    i.GPIO_PinRemapConfig                    0x08001aec   Section        0  stm32f10x_gpio.o(i.GPIO_PinRemapConfig)
    i.GetInfo                                0x08001b7c   Section        0  timer.o(i.GetInfo)
    GetInfo                                  0x08001b7d   Thumb Code    16  timer.o(i.GetInfo)
    i.Get_Current                            0x08001b8c   Section        0  ina.o(i.Get_Current)
    i.Get_adc                                0x08001bbc   Section        0  adc.o(i.Get_adc)
    i.HardFault_Handler                      0x08001dc8   Section        0  stm32f10x_it.o(i.HardFault_Handler)
    i.IIC_Ack                                0x08001dcc   Section        0  ina.o(i.IIC_Ack)
    IIC_Ack                                  0x08001dcd   Thumb Code    44  ina.o(i.IIC_Ack)
    i.IIC_Delay                              0x08001e00   Section        0  ina.o(i.IIC_Delay)
    IIC_Delay                                0x08001e01   Thumb Code    12  ina.o(i.IIC_Delay)
    i.IIC_NAck                               0x08001e0c   Section        0  ina.o(i.IIC_NAck)
    IIC_NAck                                 0x08001e0d   Thumb Code    44  ina.o(i.IIC_NAck)
    i.IIC_Read_Byte                          0x08001e40   Section        0  ina.o(i.IIC_Read_Byte)
    IIC_Read_Byte                            0x08001e41   Thumb Code    76  ina.o(i.IIC_Read_Byte)
    i.IIC_Send_Byte                          0x08001e94   Section        0  ina.o(i.IIC_Send_Byte)
    IIC_Send_Byte                            0x08001e95   Thumb Code    66  ina.o(i.IIC_Send_Byte)
    i.IIC_Start                              0x08001ee0   Section        0  ina.o(i.IIC_Start)
    IIC_Start                                0x08001ee1   Thumb Code    42  ina.o(i.IIC_Start)
    i.IIC_Stop                               0x08001f14   Section        0  ina.o(i.IIC_Stop)
    IIC_Stop                                 0x08001f15   Thumb Code    40  ina.o(i.IIC_Stop)
    i.IIC_Wait_Ack                           0x08001f44   Section        0  ina.o(i.IIC_Wait_Ack)
    IIC_Wait_Ack                             0x08001f45   Thumb Code    68  ina.o(i.IIC_Wait_Ack)
    i.INA220_Init                            0x08001f90   Section        0  ina.o(i.INA220_Init)
    i.INA220_ReadOneWord                     0x0800204c   Section        0  ina.o(i.INA220_ReadOneWord)
    i.INA220_WriteOneWord                    0x08002098   Section        0  ina.o(i.INA220_WriteOneWord)
    i.INA_ReadCurrent                        0x080020d4   Section        0  ina.o(i.INA_ReadCurrent)
    i.Is_Leap_Year                           0x08002130   Section        0  rtc.o(i.Is_Leap_Year)
    Is_Leap_Year                             0x08002131   Thumb Code    58  rtc.o(i.Is_Leap_Year)
    i.MemManage_Handler                      0x0800216a   Section        0  stm32f10x_it.o(i.MemManage_Handler)
    i.NMI_Handler                            0x0800216e   Section        0  stm32f10x_it.o(i.NMI_Handler)
    i.NVIC_Init                              0x08002170   Section        0  misc.o(i.NVIC_Init)
    i.NVIC_PriorityGroupConfig               0x080021e0   Section        0  misc.o(i.NVIC_PriorityGroupConfig)
    i.PD_Check                               0x080021f4   Section        0  timer.o(i.PD_Check)
    i.PVD_IRQHandler                         0x08002398   Section        0  pvd.o(i.PVD_IRQHandler)
    i.PWR_BackupAccessCmd                    0x080023d4   Section        0  stm32f10x_pwr.o(i.PWR_BackupAccessCmd)
    i.Parameters                             0x080023e0   Section        0  usart.o(i.Parameters)
    i.PendSV_Handler                         0x08002510   Section        0  stm32f10x_it.o(i.PendSV_Handler)
    i.QBH_Check                              0x08002514   Section        0  timer.o(i.QBH_Check)
    QBH_Check                                0x08002515   Thumb Code   102  timer.o(i.QBH_Check)
    i.RCC_ADCCLKConfig                       0x0800258c   Section        0  stm32f10x_rcc.o(i.RCC_ADCCLKConfig)
    i.RCC_AHBPeriphClockCmd                  0x080025a4   Section        0  stm32f10x_rcc.o(i.RCC_AHBPeriphClockCmd)
    i.RCC_APB1PeriphClockCmd                 0x080025c4   Section        0  stm32f10x_rcc.o(i.RCC_APB1PeriphClockCmd)
    i.RCC_APB2PeriphClockCmd                 0x080025e4   Section        0  stm32f10x_rcc.o(i.RCC_APB2PeriphClockCmd)
    i.RCC_APB2PeriphResetCmd                 0x08002604   Section        0  stm32f10x_rcc.o(i.RCC_APB2PeriphResetCmd)
    i.RCC_BackupResetCmd                     0x08002624   Section        0  stm32f10x_rcc.o(i.RCC_BackupResetCmd)
    i.RCC_GetClocksFreq                      0x08002630   Section        0  stm32f10x_rcc.o(i.RCC_GetClocksFreq)
    i.RCC_GetFlagStatus                      0x08002704   Section        0  stm32f10x_rcc.o(i.RCC_GetFlagStatus)
    i.RCC_LSEConfig                          0x08002740   Section        0  stm32f10x_rcc.o(i.RCC_LSEConfig)
    i.RCC_RTCCLKCmd                          0x08002774   Section        0  stm32f10x_rcc.o(i.RCC_RTCCLKCmd)
    i.RCC_RTCCLKConfig                       0x08002780   Section        0  stm32f10x_rcc.o(i.RCC_RTCCLKConfig)
    i.RTC_ClearITPendingBit                  0x08002790   Section        0  stm32f10x_rtc.o(i.RTC_ClearITPendingBit)
    i.RTC_EnterConfigMode                    0x080027a0   Section        0  stm32f10x_rtc.o(i.RTC_EnterConfigMode)
    i.RTC_ExitConfigMode                     0x080027b4   Section        0  stm32f10x_rtc.o(i.RTC_ExitConfigMode)
    i.RTC_Get                                0x080027c8   Section        0  rtc.o(i.RTC_Get)
    i.RTC_GetCounter                         0x080028d0   Section        0  stm32f10x_rtc.o(i.RTC_GetCounter)
    i.RTC_GetITStatus                        0x080028e4   Section        0  stm32f10x_rtc.o(i.RTC_GetITStatus)
    i.RTC_Get_Week                           0x08002908   Section        0  rtc.o(i.RTC_Get_Week)
    i.RTC_IRQHandler                         0x08002980   Section        0  rtc.o(i.RTC_IRQHandler)
    i.RTC_ITConfig                           0x080029ac   Section        0  stm32f10x_rtc.o(i.RTC_ITConfig)
    i.RTC_Init                               0x080029cc   Section        0  rtc.o(i.RTC_Init)
    i.RTC_Set                                0x08002ab4   Section        0  rtc.o(i.RTC_Set)
    i.RTC_SetAlarm                           0x08002b80   Section        0  stm32f10x_rtc.o(i.RTC_SetAlarm)
    i.RTC_SetCounter                         0x08002b9c   Section        0  stm32f10x_rtc.o(i.RTC_SetCounter)
    i.RTC_SetPrescaler                       0x08002bb8   Section        0  stm32f10x_rtc.o(i.RTC_SetPrescaler)
    i.RTC_WaitForLastTask                    0x08002bd8   Section        0  stm32f10x_rtc.o(i.RTC_WaitForLastTask)
    i.RTC_WaitForSynchro                     0x08002bec   Section        0  stm32f10x_rtc.o(i.RTC_WaitForSynchro)
    i.Read_Err_History                       0x08002c10   Section        0  usart.o(i.Read_Err_History)
    i.Read_Flash_Word                        0x08002c58   Section        0  flash.o(i.Read_Flash_Word)
    i.ResponseLaserOff                       0x08002c6c   Section        0  usart.o(i.ResponseLaserOff)
    ResponseLaserOff                         0x08002c6d   Thumb Code    40  usart.o(i.ResponseLaserOff)
    i.ResponseLaserOn                        0x08002c98   Section        0  usart.o(i.ResponseLaserOn)
    ResponseLaserOn                          0x08002c99   Thumb Code    40  usart.o(i.ResponseLaserOn)
    i.SDA_IN                                 0x08002cc4   Section        0  ina.o(i.SDA_IN)
    i.SDA_OUT                                0x08002ce4   Section        0  ina.o(i.SDA_OUT)
    i.STMFLASH_Read                          0x08002d04   Section        0  flash.o(i.STMFLASH_Read)
    i.STMFLASH_ReadHalfWord                  0x08002d26   Section        0  flash.o(i.STMFLASH_ReadHalfWord)
    i.STMFLASH_Write                         0x08002d2c   Section        0  flash.o(i.STMFLASH_Write)
    i.STMFLASH_Write_NoCheck                 0x08002e14   Section        0  flash.o(i.STMFLASH_Write_NoCheck)
    i.SVC_Handler                            0x08002e3a   Section        0  stm32f10x_it.o(i.SVC_Handler)
    i.Send_Err                               0x08002e3c   Section        0  usart.o(i.Send_Err)
    i.Send_ErrSave                           0x08002e6c   Section        0  usart.o(i.Send_ErrSave)
    i.Send_PC_Err_History                    0x08002f5c   Section        0  usart.o(i.Send_PC_Err_History)
    i.Send_Status                            0x0800306c   Section        0  usart.o(i.Send_Status)
    i.SetSysClock                            0x08003258   Section        0  system_stm32f10x.o(i.SetSysClock)
    SetSysClock                              0x08003259   Thumb Code     8  system_stm32f10x.o(i.SetSysClock)
    i.SetSysClockTo72                        0x08003260   Section        0  system_stm32f10x.o(i.SetSysClockTo72)
    SetSysClockTo72                          0x08003261   Thumb Code   214  system_stm32f10x.o(i.SetSysClockTo72)
    i.Set_LD_Volt                            0x08003340   Section        0  power_convert.o(i.Set_LD_Volt)
    i.Set_PWM                                0x0800347c   Section        0  timer.o(i.Set_PWM)
    i.Stop_Check                             0x080034c8   Section        0  timer.o(i.Stop_Check)
    Stop_Check                               0x080034c9   Thumb Code    36  timer.o(i.Stop_Check)
    i.SysTick_CLKSourceConfig                0x080034f0   Section        0  misc.o(i.SysTick_CLKSourceConfig)
    i.SysTick_Handler                        0x08003518   Section        0  stm32f10x_it.o(i.SysTick_Handler)
    i.SystemInit                             0x0800351c   Section        0  system_stm32f10x.o(i.SystemInit)
    i.TIM2_IRQHandler                        0x0800357c   Section        0  timer.o(i.TIM2_IRQHandler)
    i.TIM3_IRQHandler                        0x08003664   Section        0  timer.o(i.TIM3_IRQHandler)
    i.TIM5_IRQHandler                        0x08003738   Section        0  timer.o(i.TIM5_IRQHandler)
    i.TIM_ARRPreloadConfig                   0x080037fc   Section        0  stm32f10x_tim.o(i.TIM_ARRPreloadConfig)
    i.TIM_ClearITPendingBit                  0x08003814   Section        0  stm32f10x_tim.o(i.TIM_ClearITPendingBit)
    i.TIM_Cmd                                0x0800381a   Section        0  stm32f10x_tim.o(i.TIM_Cmd)
    i.TIM_CtrlPWMOutputs                     0x08003832   Section        0  stm32f10x_tim.o(i.TIM_CtrlPWMOutputs)
    i.TIM_GetITStatus                        0x08003850   Section        0  stm32f10x_tim.o(i.TIM_GetITStatus)
    i.TIM_ITConfig                           0x08003872   Section        0  stm32f10x_tim.o(i.TIM_ITConfig)
    i.TIM_OC4Init                            0x08003884   Section        0  stm32f10x_tim.o(i.TIM_OC4Init)
    i.TIM_OC4PreloadConfig                   0x08003900   Section        0  stm32f10x_tim.o(i.TIM_OC4PreloadConfig)
    i.TIM_TimeBaseInit                       0x0800391c   Section        0  stm32f10x_tim.o(i.TIM_TimeBaseInit)
    i.TLC5620SendAddr                        0x080039c0   Section        0  tlc5620.o(i.TLC5620SendAddr)
    TLC5620SendAddr                          0x080039c1   Thumb Code    40  tlc5620.o(i.TLC5620SendAddr)
    i.TLC5620SendBit                         0x080039e8   Section        0  tlc5620.o(i.TLC5620SendBit)
    TLC5620SendBit                           0x080039e9   Thumb Code    32  tlc5620.o(i.TLC5620SendBit)
    i.TLC5620SendByte                        0x08003a14   Section        0  tlc5620.o(i.TLC5620SendByte)
    TLC5620SendByte                          0x08003a15   Thumb Code    30  tlc5620.o(i.TLC5620SendByte)
    i.TLC5620_Set_DA                         0x08003a34   Section        0  tlc5620.o(i.TLC5620_Set_DA)
    i.Temp_Check                             0x08003ab8   Section        0  timer.o(i.Temp_Check)
    Temp_Check                               0x08003ab9   Thumb Code   300  timer.o(i.Temp_Check)
    i.USART1_IRQHandler                      0x08003bf8   Section        0  usart.o(i.USART1_IRQHandler)
    i.USART2_IRQHandler                      0x08003c64   Section        0  usart2.o(i.USART2_IRQHandler)
    i.USART_ClearFlag                        0x08003d50   Section        0  stm32f10x_usart.o(i.USART_ClearFlag)
    i.USART_ClearITPendingBit                0x08003d62   Section        0  stm32f10x_usart.o(i.USART_ClearITPendingBit)
    i.USART_Cmd                              0x08003d80   Section        0  stm32f10x_usart.o(i.USART_Cmd)
    i.USART_DMACmd                           0x08003d98   Section        0  stm32f10x_usart.o(i.USART_DMACmd)
    i.USART_GetFlagStatus                    0x08003daa   Section        0  stm32f10x_usart.o(i.USART_GetFlagStatus)
    i.USART_GetITStatus                      0x08003dc4   Section        0  stm32f10x_usart.o(i.USART_GetITStatus)
    i.USART_ITConfig                         0x08003e18   Section        0  stm32f10x_usart.o(i.USART_ITConfig)
    i.USART_Init                             0x08003e64   Section        0  stm32f10x_usart.o(i.USART_Init)
    i.USART_ReceiveData                      0x08003f3c   Section        0  stm32f10x_usart.o(i.USART_ReceiveData)
    i.UsageFault_Handler                     0x08003f46   Section        0  stm32f10x_it.o(i.UsageFault_Handler)
    i.Write_Err_eeprom                       0x08003f4c   Section        0  usart.o(i.Write_Err_eeprom)
    i.Write_Flash_Word                       0x08003fbc   Section        0  flash.o(i.Write_Flash_Word)
    i.__scatterload_copy                     0x08003fcc   Section       14  handlers.o(i.__scatterload_copy)
    i.__scatterload_null                     0x08003fda   Section        2  handlers.o(i.__scatterload_null)
    i.__scatterload_zeroinit                 0x08003fdc   Section       14  handlers.o(i.__scatterload_zeroinit)
    i.adc_init                               0x08003fec   Section        0  adc.o(i.adc_init)
    i.clean_Err_eeprom                       0x080041a0   Section        0  usart.o(i.clean_Err_eeprom)
    i.com_app                                0x080041dc   Section        0  usart.o(i.com_app)
    i.crc16                                  0x08004dc4   Section        0  flash.o(i.crc16)
    i.delay_init                             0x08004dfc   Section        0  delay.o(i.delay_init)
    i.delay_ms                               0x08004e40   Section        0  delay.o(i.delay_ms)
    i.delay_us                               0x08004e8c   Section        0  delay.o(i.delay_us)
    i.exti_init                              0x08004ed8   Section        0  exti.o(i.exti_init)
    i.get_crc                                0x08004fe4   Section        0  usart.o(i.get_crc)
    i.get_secod_count                        0x0800501c   Section        0  rtc.o(i.get_secod_count)
    i.gpio_init                              0x080050c8   Section        0  main.o(i.gpio_init)
    gpio_init                                0x080050c9   Thumb Code   270  main.o(i.gpio_init)
    i.load_para                              0x08005208   Section        0  flash.o(i.load_para)
    i.lock_action                            0x08005690   Section        0  rtc.o(i.lock_action)
    i.main                                   0x0800570c   Section        0  main.o(i.main)
    i.power_on_lock_action                   0x08005774   Section        0  rtc.o(i.power_on_lock_action)
    i.temp_calcuate                          0x08005920   Section        0  adc.o(i.temp_calcuate)
    temp_calcuate                            0x08005921   Thumb Code   208  adc.o(i.temp_calcuate)
    i.timer_init                             0x08005a04   Section        0  timer.o(i.timer_init)
    i.tlc5620_init                           0x08005ba4   Section        0  tlc5620.o(i.tlc5620_init)
    i.usart1_init                            0x08005be4   Section        0  usart.o(i.usart1_init)
    .constdata                               0x08005d6c   Section      142  adc.o(.constdata)
    .constdata                               0x08005dfc   Section       10  usart.o(.constdata)
    .constdata                               0x08005e08   Section       60  rtc.o(.constdata)
    time_now                                 0x08005e08   Data          12  rtc.o(.constdata)
    table_week                               0x08005e14   Data          12  rtc.o(.constdata)
    mon_table                                0x08005e20   Data          12  rtc.o(.constdata)
    LockTime_Tab                             0x08005e2c   Data          24  rtc.o(.constdata)
    .constdata                               0x08005e44   Section      512  flash.o(.constdata)
    .data                                    0x20000000   Section        3  main.o(.data)
    .data                                    0x20000004   Section      266  usart.o(.data)
    cmdStatus_1                              0x20000108   Data           1  usart.o(.data)
    prev                                     0x2000010b   Data           1  usart.o(.data)
    temp                                     0x2000010c   Data           1  usart.o(.data)
    Login_key                                0x2000010d   Data           1  usart.o(.data)
    .data                                    0x20000110   Section       26  rtc.o(.data)
    daycnt                                   0x20000110   Data           2  rtc.o(.data)
    i                                        0x20000112   Data           1  rtc.o(.data)
    im                                       0x20000113   Data           1  rtc.o(.data)
    time_now_count                           0x20000114   Data           4  rtc.o(.data)
    lockttimeall                             0x20000118   Data           4  rtc.o(.data)
    lock_type                                0x2000011c   Data           2  rtc.o(.data)
    lock_year                                0x2000011e   Data           2  rtc.o(.data)
    lock_month                               0x20000120   Data           2  rtc.o(.data)
    lock_day                                 0x20000122   Data           2  rtc.o(.data)
    lock_hour                                0x20000124   Data           2  rtc.o(.data)
    lock_min                                 0x20000126   Data           2  rtc.o(.data)
    lock_sec                                 0x20000128   Data           2  rtc.o(.data)
    .data                                    0x2000012a   Section        1  exti.o(.data)
    .data                                    0x2000012c   Section       31  timer.o(.data)
    PD1_Code                                 0x20000130   Data           2  timer.o(.data)
    PD2_Code                                 0x20000132   Data           2  timer.o(.data)
    times                                    0x20000134   Data           1  timer.o(.data)
    QBH_50time                               0x20000135   Data           1  timer.o(.data)
    times                                    0x20000136   Data           2  timer.o(.data)
    WatterFLAG                               0x20000138   Data           2  timer.o(.data)
    T1_Code                                  0x2000013a   Data           1  timer.o(.data)
    T2_Code                                  0x2000013b   Data           1  timer.o(.data)
    T3_Code                                  0x2000013c   Data           1  timer.o(.data)
    T4_Code                                  0x2000013d   Data           1  timer.o(.data)
    Cover1Code                               0x2000013e   Data           1  timer.o(.data)
    Cover2Code                               0x2000013f   Data           1  timer.o(.data)
    Cover3Code                               0x20000140   Data           1  timer.o(.data)
    Cover4Code                               0x20000141   Data           1  timer.o(.data)
    Cover5Code                               0x20000142   Data           1  timer.o(.data)
    Cover6Code                               0x20000143   Data           1  timer.o(.data)
    flag_0                                   0x20000144   Data           1  timer.o(.data)
    flag                                     0x20000145   Data           1  timer.o(.data)
    isAlarm                                  0x20000146   Data           1  timer.o(.data)
    time_count                               0x20000147   Data           1  timer.o(.data)
    times                                    0x20000148   Data           1  timer.o(.data)
    Arm_times                                0x20000149   Data           1  timer.o(.data)
    Lock_times                               0x2000014a   Data           1  timer.o(.data)
    .data                                    0x2000014c   Section        4  delay.o(.data)
    fac_us                                   0x2000014c   Data           1  delay.o(.data)
    fac_ms                                   0x2000014e   Data           2  delay.o(.data)
    .data                                    0x20000150   Section       21  ina.o(.data)
    GPIO_InitStructure_IIC                   0x20000150   Data           4  ina.o(.data)
    .data                                    0x20000166   Section      581  usart2.o(.data)
    Res                                      0x200003a6   Data           1  usart2.o(.data)
    err_flag_1                               0x200003a7   Data           1  usart2.o(.data)
    Surplus_days_1                           0x200003a8   Data           2  usart2.o(.data)
    times1                                   0x200003aa   Data           1  usart2.o(.data)
    .data                                    0x200003ac   Section        4  pvd.o(.data)
    .data                                    0x200003b0   Section       20  system_stm32f10x.o(.data)
    .data                                    0x200003c4   Section       20  stm32f10x_rcc.o(.data)
    APBAHBPrescTable                         0x200003c4   Data          16  stm32f10x_rcc.o(.data)
    ADCPrescTable                            0x200003d4   Data           4  stm32f10x_rcc.o(.data)
    .data                                    0x200003d8   Section        4  rand.o(.data)
    _rand_state                              0x200003d8   Data           4  rand.o(.data)
    .bss                                     0x200003dc   Section      380  main.o(.bss)
    .bss                                     0x20000558   Section     2400  adc.o(.bss)
    AD_Value                                 0x20000558   Data        2400  adc.o(.bss)
    .bss                                     0x20000eb8   Section      255  usart.o(.bss)
    Rx_Buf                                   0x20000eb8   Data         255  usart.o(.bss)
    .bss                                     0x20000fb8   Section       14  rtc.o(.bss)
    .bss                                     0x20000fc6   Section     1648  ina.o(.bss)
    Currents                                 0x20000ff6   Data        1600  ina.o(.bss)
    .bss                                     0x20001636   Section     2048  flash.o(.bss)
    .bss                                     0x20001e36   Section       10  usart2.o(.bss)
    STACK                                    0x20001e40   Section     1024  startup_stm32f10x_hd.o(STACK)

    Global Symbols

    Symbol Name                              Value     Ov Type        Size  Object(Section)

    BuildAttributes$$THM_ISAv4$P$D$K$B$S$PE$A:L22UL41UL21$X:L11$S22US41US21$IEEE1$IW$USESV6$~STKCKD$USESV7$~SHL$OTIME$ROPI$EBA8$MICROLIB$REQ8$PRES8$EABIv2 0x00000000   Number         0  anon$$obj.o ABSOLUTE
    __ARM_use_no_argv                        0x00000000   Number         0  main.o ABSOLUTE
    __cpp_initialize__aeabi_                  - Undefined Weak Reference
    __cxa_finalize                            - Undefined Weak Reference
    _clock_init                               - Undefined Weak Reference
    _microlib_exit                            - Undefined Weak Reference
    __Vectors_Size                           0x00000130   Number         0  startup_stm32f10x_hd.o ABSOLUTE
    __Vectors                                0x08000000   Data           4  startup_stm32f10x_hd.o(RESET)
    __Vectors_End                            0x08000130   Data           0  startup_stm32f10x_hd.o(RESET)
    __main                                   0x08000131   Thumb Code     0  entry.o(.ARM.Collect$$$$00000000)
    _main_stk                                0x08000131   Thumb Code     0  entry2.o(.ARM.Collect$$$$00000001)
    _main_scatterload                        0x08000135   Thumb Code     0  entry5.o(.ARM.Collect$$$$00000004)
    __main_after_scatterload                 0x08000139   Thumb Code     0  entry5.o(.ARM.Collect$$$$00000004)
    _main_clock                              0x08000139   Thumb Code     0  entry7b.o(.ARM.Collect$$$$00000008)
    _main_cpp_init                           0x08000139   Thumb Code     0  entry8b.o(.ARM.Collect$$$$0000000A)
    _main_init                               0x08000139   Thumb Code     0  entry9a.o(.ARM.Collect$$$$0000000B)
    __rt_final_cpp                           0x08000141   Thumb Code     0  entry10a.o(.ARM.Collect$$$$0000000D)
    __rt_final_exit                          0x08000141   Thumb Code     0  entry11a.o(.ARM.Collect$$$$0000000F)
    Reset_Handler                            0x08000145   Thumb Code     8  startup_stm32f10x_hd.o(.text)
    ADC1_2_IRQHandler                        0x0800015f   Thumb Code     0  startup_stm32f10x_hd.o(.text)
    ADC3_IRQHandler                          0x0800015f   Thumb Code     0  startup_stm32f10x_hd.o(.text)
    CAN1_RX1_IRQHandler                      0x0800015f   Thumb Code     0  startup_stm32f10x_hd.o(.text)
    CAN1_SCE_IRQHandler                      0x0800015f   Thumb Code     0  startup_stm32f10x_hd.o(.text)
    DMA1_Channel1_IRQHandler                 0x0800015f   Thumb Code     0  startup_stm32f10x_hd.o(.text)
    DMA1_Channel2_IRQHandler                 0x0800015f   Thumb Code     0  startup_stm32f10x_hd.o(.text)
    DMA1_Channel3_IRQHandler                 0x0800015f   Thumb Code     0  startup_stm32f10x_hd.o(.text)
    DMA1_Channel4_IRQHandler                 0x0800015f   Thumb Code     0  startup_stm32f10x_hd.o(.text)
    DMA1_Channel5_IRQHandler                 0x0800015f   Thumb Code     0  startup_stm32f10x_hd.o(.text)
    DMA1_Channel6_IRQHandler                 0x0800015f   Thumb Code     0  startup_stm32f10x_hd.o(.text)
    DMA1_Channel7_IRQHandler                 0x0800015f   Thumb Code     0  startup_stm32f10x_hd.o(.text)
    DMA2_Channel1_IRQHandler                 0x0800015f   Thumb Code     0  startup_stm32f10x_hd.o(.text)
    DMA2_Channel2_IRQHandler                 0x0800015f   Thumb Code     0  startup_stm32f10x_hd.o(.text)
    DMA2_Channel3_IRQHandler                 0x0800015f   Thumb Code     0  startup_stm32f10x_hd.o(.text)
    DMA2_Channel4_5_IRQHandler               0x0800015f   Thumb Code     0  startup_stm32f10x_hd.o(.text)
    EXTI0_IRQHandler                         0x0800015f   Thumb Code     0  startup_stm32f10x_hd.o(.text)
    EXTI15_10_IRQHandler                     0x0800015f   Thumb Code     0  startup_stm32f10x_hd.o(.text)
    EXTI1_IRQHandler                         0x0800015f   Thumb Code     0  startup_stm32f10x_hd.o(.text)
    FLASH_IRQHandler                         0x0800015f   Thumb Code     0  startup_stm32f10x_hd.o(.text)
    FSMC_IRQHandler                          0x0800015f   Thumb Code     0  startup_stm32f10x_hd.o(.text)
    I2C1_ER_IRQHandler                       0x0800015f   Thumb Code     0  startup_stm32f10x_hd.o(.text)
    I2C1_EV_IRQHandler                       0x0800015f   Thumb Code     0  startup_stm32f10x_hd.o(.text)
    I2C2_ER_IRQHandler                       0x0800015f   Thumb Code     0  startup_stm32f10x_hd.o(.text)
    I2C2_EV_IRQHandler                       0x0800015f   Thumb Code     0  startup_stm32f10x_hd.o(.text)
    RCC_IRQHandler                           0x0800015f   Thumb Code     0  startup_stm32f10x_hd.o(.text)
    RTCAlarm_IRQHandler                      0x0800015f   Thumb Code     0  startup_stm32f10x_hd.o(.text)
    SDIO_IRQHandler                          0x0800015f   Thumb Code     0  startup_stm32f10x_hd.o(.text)
    SPI1_IRQHandler                          0x0800015f   Thumb Code     0  startup_stm32f10x_hd.o(.text)
    SPI2_IRQHandler                          0x0800015f   Thumb Code     0  startup_stm32f10x_hd.o(.text)
    SPI3_IRQHandler                          0x0800015f   Thumb Code     0  startup_stm32f10x_hd.o(.text)
    TAMPER_IRQHandler                        0x0800015f   Thumb Code     0  startup_stm32f10x_hd.o(.text)
    TIM1_BRK_IRQHandler                      0x0800015f   Thumb Code     0  startup_stm32f10x_hd.o(.text)
    TIM1_CC_IRQHandler                       0x0800015f   Thumb Code     0  startup_stm32f10x_hd.o(.text)
    TIM1_TRG_COM_IRQHandler                  0x0800015f   Thumb Code     0  startup_stm32f10x_hd.o(.text)
    TIM1_UP_IRQHandler                       0x0800015f   Thumb Code     0  startup_stm32f10x_hd.o(.text)
    TIM4_IRQHandler                          0x0800015f   Thumb Code     0  startup_stm32f10x_hd.o(.text)
    TIM6_IRQHandler                          0x0800015f   Thumb Code     0  startup_stm32f10x_hd.o(.text)
    TIM7_IRQHandler                          0x0800015f   Thumb Code     0  startup_stm32f10x_hd.o(.text)
    TIM8_BRK_IRQHandler                      0x0800015f   Thumb Code     0  startup_stm32f10x_hd.o(.text)
    TIM8_CC_IRQHandler                       0x0800015f   Thumb Code     0  startup_stm32f10x_hd.o(.text)
    TIM8_TRG_COM_IRQHandler                  0x0800015f   Thumb Code     0  startup_stm32f10x_hd.o(.text)
    TIM8_UP_IRQHandler                       0x0800015f   Thumb Code     0  startup_stm32f10x_hd.o(.text)
    UART4_IRQHandler                         0x0800015f   Thumb Code     0  startup_stm32f10x_hd.o(.text)
    UART5_IRQHandler                         0x0800015f   Thumb Code     0  startup_stm32f10x_hd.o(.text)
    USART3_IRQHandler                        0x0800015f   Thumb Code     0  startup_stm32f10x_hd.o(.text)
    USBWakeUp_IRQHandler                     0x0800015f   Thumb Code     0  startup_stm32f10x_hd.o(.text)
    USB_HP_CAN1_TX_IRQHandler                0x0800015f   Thumb Code     0  startup_stm32f10x_hd.o(.text)
    USB_LP_CAN1_RX0_IRQHandler               0x0800015f   Thumb Code     0  startup_stm32f10x_hd.o(.text)
    WWDG_IRQHandler                          0x0800015f   Thumb Code     0  startup_stm32f10x_hd.o(.text)
    rand                                     0x08000169   Thumb Code    20  rand.o(.text)
    srand                                    0x0800017d   Thumb Code     6  rand.o(.text)
    __aeabi_fadd                             0x0800018d   Thumb Code   164  fadd.o(.text)
    __aeabi_fsub                             0x08000231   Thumb Code     6  fadd.o(.text)
    __aeabi_frsub                            0x08000237   Thumb Code     6  fadd.o(.text)
    __aeabi_fmul                             0x0800023d   Thumb Code   100  fmul.o(.text)
    __aeabi_dadd                             0x080002a1   Thumb Code   322  dadd.o(.text)
    __aeabi_dsub                             0x080003e3   Thumb Code     6  dadd.o(.text)
    __aeabi_drsub                            0x080003e9   Thumb Code     6  dadd.o(.text)
    __aeabi_dmul                             0x080003ef   Thumb Code   228  dmul.o(.text)
    __aeabi_ddiv                             0x080004d3   Thumb Code   222  ddiv.o(.text)
    __aeabi_i2d                              0x080005b1   Thumb Code    34  dflti.o(.text)
    __aeabi_ui2d                             0x080005d3   Thumb Code    26  dfltui.o(.text)
    __aeabi_f2uiz                            0x080005ed   Thumb Code    40  ffixui.o(.text)
    __aeabi_d2uiz                            0x08000615   Thumb Code    50  dfixui.o(.text)
    __aeabi_f2d                              0x08000647   Thumb Code    38  f2d.o(.text)
    __aeabi_cdcmpeq                          0x0800066d   Thumb Code     0  cdcmple.o(.text)
    __aeabi_cdcmple                          0x0800066d   Thumb Code    48  cdcmple.o(.text)
    __aeabi_cdrcmple                         0x0800069d   Thumb Code    48  cdrcmple.o(.text)
    __aeabi_d2f                              0x080006cd   Thumb Code    56  d2f.o(.text)
    __aeabi_cfrcmple                         0x08000705   Thumb Code    20  cfrcmple.o(.text)
    __aeabi_llsl                             0x08000719   Thumb Code    30  llshl.o(.text)
    _ll_shift_l                              0x08000719   Thumb Code     0  llshl.o(.text)
    __aeabi_llsr                             0x08000737   Thumb Code    32  llushr.o(.text)
    _ll_ushift_r                             0x08000737   Thumb Code     0  llushr.o(.text)
    __aeabi_lasr                             0x08000757   Thumb Code    36  llsshr.o(.text)
    _ll_sshift_r                             0x08000757   Thumb Code     0  llsshr.o(.text)
    __I$use$fp                               0x0800077b   Thumb Code     0  iusefp.o(.text)
    _float_round                             0x0800077b   Thumb Code    18  fepilogue.o(.text)
    _float_epilogue                          0x0800078d   Thumb Code    92  fepilogue.o(.text)
    _double_round                            0x080007e9   Thumb Code    30  depilogue.o(.text)
    _double_epilogue                         0x08000807   Thumb Code   156  depilogue.o(.text)
    __scatterload                            0x080008a5   Thumb Code    28  init.o(.text)
    __scatterload_rt2                        0x080008a5   Thumb Code     0  init.o(.text)
    __decompress                             0x080008c9   Thumb Code     0  __dczerorl2.o(.text)
    __decompress1                            0x080008c9   Thumb Code    86  __dczerorl2.o(.text)
    ADC_Cmd                                  0x0800091f   Thumb Code    22  stm32f10x_adc.o(i.ADC_Cmd)
    ADC_DMACmd                               0x08000935   Thumb Code    22  stm32f10x_adc.o(i.ADC_DMACmd)
    ADC_DeInit                               0x0800094d   Thumb Code    78  stm32f10x_adc.o(i.ADC_DeInit)
    ADC_GetCalibrationStatus                 0x080009a9   Thumb Code    20  stm32f10x_adc.o(i.ADC_GetCalibrationStatus)
    ADC_GetResetCalibrationStatus            0x080009bd   Thumb Code    20  stm32f10x_adc.o(i.ADC_GetResetCalibrationStatus)
    ADC_Init                                 0x080009d1   Thumb Code    70  stm32f10x_adc.o(i.ADC_Init)
    ADC_RegularChannelConfig                 0x08000a21   Thumb Code   184  stm32f10x_adc.o(i.ADC_RegularChannelConfig)
    ADC_ResetCalibration                     0x08000ad9   Thumb Code    10  stm32f10x_adc.o(i.ADC_ResetCalibration)
    ADC_SoftwareStartConvCmd                 0x08000ae3   Thumb Code    22  stm32f10x_adc.o(i.ADC_SoftwareStartConvCmd)
    ADC_StartCalibration                     0x08000af9   Thumb Code    10  stm32f10x_adc.o(i.ADC_StartCalibration)
    Alarm_ON2                                0x08000c15   Thumb Code   102  flash.o(i.Alarm_ON2)
    Average_Current                          0x08000c99   Thumb Code   312  ina.o(i.Average_Current)
    BKP_DeInit                               0x08000ded   Thumb Code    16  stm32f10x_bkp.o(i.BKP_DeInit)
    BKP_ReadBackupRegister                   0x08000dfd   Thumb Code    24  stm32f10x_bkp.o(i.BKP_ReadBackupRegister)
    BKP_WriteBackupRegister                  0x08000e19   Thumb Code    22  stm32f10x_bkp.o(i.BKP_WriteBackupRegister)
    BusFault_Handler                         0x08000e35   Thumb Code     4  stm32f10x_it.o(i.BusFault_Handler)
    DMA_ClearFlag                            0x080010bd   Thumb Code    18  stm32f10x_dma.o(i.DMA_ClearFlag)
    DMA_ClearITPendingBit                    0x080010d9   Thumb Code    18  stm32f10x_dma.o(i.DMA_ClearITPendingBit)
    DMA_Cmd                                  0x080010f5   Thumb Code    24  stm32f10x_dma.o(i.DMA_Cmd)
    DMA_DeInit                               0x0800110d   Thumb Code   324  stm32f10x_dma.o(i.DMA_DeInit)
    DMA_GetCurrDataCounter                   0x08001259   Thumb Code     8  stm32f10x_dma.o(i.DMA_GetCurrDataCounter)
    DMA_GetITStatus                          0x08001261   Thumb Code    36  stm32f10x_dma.o(i.DMA_GetITStatus)
    DMA_ITConfig                             0x0800128d   Thumb Code    18  stm32f10x_dma.o(i.DMA_ITConfig)
    DMA_Init                                 0x0800129f   Thumb Code    60  stm32f10x_dma.o(i.DMA_Init)
    DMA_usart1_Send                          0x080012dd   Thumb Code    72  usart.o(i.DMA_usart1_Send)
    DebugMon_Handler                         0x0800132d   Thumb Code     2  stm32f10x_it.o(i.DebugMon_Handler)
    EXTI2_IRQHandler                         0x08001331   Thumb Code    40  exti.o(i.EXTI2_IRQHandler)
    EXTI3_IRQHandler                         0x08001361   Thumb Code    60  exti.o(i.EXTI3_IRQHandler)
    EXTI4_IRQHandler                         0x080013b1   Thumb Code   116  exti.o(i.EXTI4_IRQHandler)
    EXTI9_5_IRQHandler                       0x08001449   Thumb Code    18  exti.o(i.EXTI9_5_IRQHandler)
    EXTI_ClearITPendingBit                   0x0800145d   Thumb Code     6  stm32f10x_exti.o(i.EXTI_ClearITPendingBit)
    EXTI_GetITStatus                         0x08001469   Thumb Code    34  stm32f10x_exti.o(i.EXTI_GetITStatus)
    EXTI_Init                                0x08001491   Thumb Code   142  stm32f10x_exti.o(i.EXTI_Init)
    FLASH_ErasePage                          0x080015ad   Thumb Code    72  stm32f10x_flash.o(i.FLASH_ErasePage)
    FLASH_GetBank1Status                     0x080015f9   Thumb Code    48  stm32f10x_flash.o(i.FLASH_GetBank1Status)
    FLASH_Lock                               0x0800162d   Thumb Code    14  stm32f10x_flash.o(i.FLASH_Lock)
    FLASH_ProgramHalfWord                    0x08001641   Thumb Code    60  stm32f10x_flash.o(i.FLASH_ProgramHalfWord)
    FLASH_Unlock                             0x08001681   Thumb Code    12  stm32f10x_flash.o(i.FLASH_Unlock)
    FLASH_WaitForLastOperation               0x08001699   Thumb Code    38  stm32f10x_flash.o(i.FLASH_WaitForLastOperation)
    File_Lock_down                           0x080016c1   Thumb Code   290  flash.o(i.File_Lock_down)
    File_Lock_up                             0x080017f9   Thumb Code   254  flash.o(i.File_Lock_up)
    GPIO_EXTILineConfig                      0x08001995   Thumb Code    60  stm32f10x_gpio.o(i.GPIO_EXTILineConfig)
    GPIO_Init                                0x080019d5   Thumb Code   278  stm32f10x_gpio.o(i.GPIO_Init)
    GPIO_PinRemapConfig                      0x08001aed   Thumb Code   138  stm32f10x_gpio.o(i.GPIO_PinRemapConfig)
    Get_Current                              0x08001b8d   Thumb Code    36  ina.o(i.Get_Current)
    Get_adc                                  0x08001bbd   Thumb Code   492  adc.o(i.Get_adc)
    HardFault_Handler                        0x08001dc9   Thumb Code     4  stm32f10x_it.o(i.HardFault_Handler)
    INA220_Init                              0x08001f91   Thumb Code   162  ina.o(i.INA220_Init)
    INA220_ReadOneWord                       0x0800204d   Thumb Code    76  ina.o(i.INA220_ReadOneWord)
    INA220_WriteOneWord                      0x08002099   Thumb Code    60  ina.o(i.INA220_WriteOneWord)
    INA_ReadCurrent                          0x080020d5   Thumb Code    74  ina.o(i.INA_ReadCurrent)
    MemManage_Handler                        0x0800216b   Thumb Code     4  stm32f10x_it.o(i.MemManage_Handler)
    NMI_Handler                              0x0800216f   Thumb Code     2  stm32f10x_it.o(i.NMI_Handler)
    NVIC_Init                                0x08002171   Thumb Code   100  misc.o(i.NVIC_Init)
    NVIC_PriorityGroupConfig                 0x080021e1   Thumb Code    10  misc.o(i.NVIC_PriorityGroupConfig)
    PD_Check                                 0x080021f5   Thumb Code   390  timer.o(i.PD_Check)
    PVD_IRQHandler                           0x08002399   Thumb Code    54  pvd.o(i.PVD_IRQHandler)
    PWR_BackupAccessCmd                      0x080023d5   Thumb Code     6  stm32f10x_pwr.o(i.PWR_BackupAccessCmd)
    Parameters                               0x080023e1   Thumb Code   282  usart.o(i.Parameters)
    PendSV_Handler                           0x08002511   Thumb Code     2  stm32f10x_it.o(i.PendSV_Handler)
    RCC_ADCCLKConfig                         0x0800258d   Thumb Code    18  stm32f10x_rcc.o(i.RCC_ADCCLKConfig)
    RCC_AHBPeriphClockCmd                    0x080025a5   Thumb Code    26  stm32f10x_rcc.o(i.RCC_AHBPeriphClockCmd)
    RCC_APB1PeriphClockCmd                   0x080025c5   Thumb Code    26  stm32f10x_rcc.o(i.RCC_APB1PeriphClockCmd)
    RCC_APB2PeriphClockCmd                   0x080025e5   Thumb Code    26  stm32f10x_rcc.o(i.RCC_APB2PeriphClockCmd)
    RCC_APB2PeriphResetCmd                   0x08002605   Thumb Code    26  stm32f10x_rcc.o(i.RCC_APB2PeriphResetCmd)
    RCC_BackupResetCmd                       0x08002625   Thumb Code     6  stm32f10x_rcc.o(i.RCC_BackupResetCmd)
    RCC_GetClocksFreq                        0x08002631   Thumb Code   192  stm32f10x_rcc.o(i.RCC_GetClocksFreq)
    RCC_GetFlagStatus                        0x08002705   Thumb Code    56  stm32f10x_rcc.o(i.RCC_GetFlagStatus)
    RCC_LSEConfig                            0x08002741   Thumb Code    46  stm32f10x_rcc.o(i.RCC_LSEConfig)
    RCC_RTCCLKCmd                            0x08002775   Thumb Code     6  stm32f10x_rcc.o(i.RCC_RTCCLKCmd)
    RCC_RTCCLKConfig                         0x08002781   Thumb Code    12  stm32f10x_rcc.o(i.RCC_RTCCLKConfig)
    RTC_ClearITPendingBit                    0x08002791   Thumb Code    12  stm32f10x_rtc.o(i.RTC_ClearITPendingBit)
    RTC_EnterConfigMode                      0x080027a1   Thumb Code    14  stm32f10x_rtc.o(i.RTC_EnterConfigMode)
    RTC_ExitConfigMode                       0x080027b5   Thumb Code    16  stm32f10x_rtc.o(i.RTC_ExitConfigMode)
    RTC_Get                                  0x080027c9   Thumb Code   246  rtc.o(i.RTC_Get)
    RTC_GetCounter                           0x080028d1   Thumb Code    16  stm32f10x_rtc.o(i.RTC_GetCounter)
    RTC_GetITStatus                          0x080028e5   Thumb Code    32  stm32f10x_rtc.o(i.RTC_GetITStatus)
    RTC_Get_Week                             0x08002909   Thumb Code   116  rtc.o(i.RTC_Get_Week)
    RTC_IRQHandler                           0x08002981   Thumb Code    44  rtc.o(i.RTC_IRQHandler)
    RTC_ITConfig                             0x080029ad   Thumb Code    26  stm32f10x_rtc.o(i.RTC_ITConfig)
    RTC_Init                                 0x080029cd   Thumb Code   222  rtc.o(i.RTC_Init)
    RTC_Set                                  0x08002ab5   Thumb Code   186  rtc.o(i.RTC_Set)
    RTC_SetAlarm                             0x08002b81   Thumb Code    24  stm32f10x_rtc.o(i.RTC_SetAlarm)
    RTC_SetCounter                           0x08002b9d   Thumb Code    24  stm32f10x_rtc.o(i.RTC_SetCounter)
    RTC_SetPrescaler                         0x08002bb9   Thumb Code    26  stm32f10x_rtc.o(i.RTC_SetPrescaler)
    RTC_WaitForLastTask                      0x08002bd9   Thumb Code    16  stm32f10x_rtc.o(i.RTC_WaitForLastTask)
    RTC_WaitForSynchro                       0x08002bed   Thumb Code    30  stm32f10x_rtc.o(i.RTC_WaitForSynchro)
    Read_Err_History                         0x08002c11   Thumb Code    66  usart.o(i.Read_Err_History)
    Read_Flash_Word                          0x08002c59   Thumb Code    20  flash.o(i.Read_Flash_Word)
    SDA_IN                                   0x08002cc5   Thumb Code    24  ina.o(i.SDA_IN)
    SDA_OUT                                  0x08002ce5   Thumb Code    24  ina.o(i.SDA_OUT)
    STMFLASH_Read                            0x08002d05   Thumb Code    34  flash.o(i.STMFLASH_Read)
    STMFLASH_ReadHalfWord                    0x08002d27   Thumb Code     6  flash.o(i.STMFLASH_ReadHalfWord)
    STMFLASH_Write                           0x08002d2d   Thumb Code   222  flash.o(i.STMFLASH_Write)
    STMFLASH_Write_NoCheck                   0x08002e15   Thumb Code    38  flash.o(i.STMFLASH_Write_NoCheck)
    SVC_Handler                              0x08002e3b   Thumb Code     2  stm32f10x_it.o(i.SVC_Handler)
    Send_Err                                 0x08002e3d   Thumb Code    44  usart.o(i.Send_Err)
    Send_ErrSave                             0x08002e6d   Thumb Code   232  usart.o(i.Send_ErrSave)
    Send_PC_Err_History                      0x08002f5d   Thumb Code   260  usart.o(i.Send_PC_Err_History)
    Send_Status                              0x0800306d   Thumb Code   470  usart.o(i.Send_Status)
    Set_LD_Volt                              0x08003341   Thumb Code   270  power_convert.o(i.Set_LD_Volt)
    Set_PWM                                  0x0800347d   Thumb Code    66  timer.o(i.Set_PWM)
    SysTick_CLKSourceConfig                  0x080034f1   Thumb Code    40  misc.o(i.SysTick_CLKSourceConfig)
    SysTick_Handler                          0x08003519   Thumb Code     2  stm32f10x_it.o(i.SysTick_Handler)
    SystemInit                               0x0800351d   Thumb Code    78  system_stm32f10x.o(i.SystemInit)
    TIM2_IRQHandler                          0x0800357d   Thumb Code   194  timer.o(i.TIM2_IRQHandler)
    TIM3_IRQHandler                          0x08003665   Thumb Code   174  timer.o(i.TIM3_IRQHandler)
    TIM5_IRQHandler                          0x08003739   Thumb Code   164  timer.o(i.TIM5_IRQHandler)
    TIM_ARRPreloadConfig                     0x080037fd   Thumb Code    24  stm32f10x_tim.o(i.TIM_ARRPreloadConfig)
    TIM_ClearITPendingBit                    0x08003815   Thumb Code     6  stm32f10x_tim.o(i.TIM_ClearITPendingBit)
    TIM_Cmd                                  0x0800381b   Thumb Code    24  stm32f10x_tim.o(i.TIM_Cmd)
    TIM_CtrlPWMOutputs                       0x08003833   Thumb Code    30  stm32f10x_tim.o(i.TIM_CtrlPWMOutputs)
    TIM_GetITStatus                          0x08003851   Thumb Code    34  stm32f10x_tim.o(i.TIM_GetITStatus)
    TIM_ITConfig                             0x08003873   Thumb Code    18  stm32f10x_tim.o(i.TIM_ITConfig)
    TIM_OC4Init                              0x08003885   Thumb Code   114  stm32f10x_tim.o(i.TIM_OC4Init)
    TIM_OC4PreloadConfig                     0x08003901   Thumb Code    26  stm32f10x_tim.o(i.TIM_OC4PreloadConfig)
    TIM_TimeBaseInit                         0x0800391d   Thumb Code   122  stm32f10x_tim.o(i.TIM_TimeBaseInit)
    TLC5620_Set_DA                           0x08003a35   Thumb Code   112  tlc5620.o(i.TLC5620_Set_DA)
    USART1_IRQHandler                        0x08003bf9   Thumb Code    94  usart.o(i.USART1_IRQHandler)
    USART2_IRQHandler                        0x08003c65   Thumb Code   220  usart2.o(i.USART2_IRQHandler)
    USART_ClearFlag                          0x08003d51   Thumb Code    18  stm32f10x_usart.o(i.USART_ClearFlag)
    USART_ClearITPendingBit                  0x08003d63   Thumb Code    30  stm32f10x_usart.o(i.USART_ClearITPendingBit)
    USART_Cmd                                0x08003d81   Thumb Code    24  stm32f10x_usart.o(i.USART_Cmd)
    USART_DMACmd                             0x08003d99   Thumb Code    18  stm32f10x_usart.o(i.USART_DMACmd)
    USART_GetFlagStatus                      0x08003dab   Thumb Code    26  stm32f10x_usart.o(i.USART_GetFlagStatus)
    USART_GetITStatus                        0x08003dc5   Thumb Code    84  stm32f10x_usart.o(i.USART_GetITStatus)
    USART_ITConfig                           0x08003e19   Thumb Code    74  stm32f10x_usart.o(i.USART_ITConfig)
    USART_Init                               0x08003e65   Thumb Code   210  stm32f10x_usart.o(i.USART_Init)
    USART_ReceiveData                        0x08003f3d   Thumb Code    10  stm32f10x_usart.o(i.USART_ReceiveData)
    UsageFault_Handler                       0x08003f47   Thumb Code     4  stm32f10x_it.o(i.UsageFault_Handler)
    Write_Err_eeprom                         0x08003f4d   Thumb Code   102  usart.o(i.Write_Err_eeprom)
    Write_Flash_Word                         0x08003fbd   Thumb Code    16  flash.o(i.Write_Flash_Word)
    __scatterload_copy                       0x08003fcd   Thumb Code    14  handlers.o(i.__scatterload_copy)
    __scatterload_null                       0x08003fdb   Thumb Code     2  handlers.o(i.__scatterload_null)
    __scatterload_zeroinit                   0x08003fdd   Thumb Code    14  handlers.o(i.__scatterload_zeroinit)
    adc_init                                 0x08003fed   Thumb Code   410  adc.o(i.adc_init)
    clean_Err_eeprom                         0x080041a1   Thumb Code    50  usart.o(i.clean_Err_eeprom)
    com_app                                  0x080041dd   Thumb Code  3030  usart.o(i.com_app)
    crc16                                    0x08004dc5   Thumb Code    48  flash.o(i.crc16)
    delay_init                               0x08004dfd   Thumb Code    50  delay.o(i.delay_init)
    delay_ms                                 0x08004e41   Thumb Code    72  delay.o(i.delay_ms)
    delay_us                                 0x08004e8d   Thumb Code    72  delay.o(i.delay_us)
    exti_init                                0x08004ed9   Thumb Code   268  exti.o(i.exti_init)
    get_crc                                  0x08004fe5   Thumb Code    54  usart.o(i.get_crc)
    get_secod_count                          0x0800501d   Thumb Code   156  rtc.o(i.get_secod_count)
    load_para                                0x08005209   Thumb Code  1138  flash.o(i.load_para)
    lock_action                              0x08005691   Thumb Code    94  rtc.o(i.lock_action)
    main                                     0x0800570d   Thumb Code    96  main.o(i.main)
    power_on_lock_action                     0x08005775   Thumb Code   362  rtc.o(i.power_on_lock_action)
    timer_init                               0x08005a05   Thumb Code   400  timer.o(i.timer_init)
    tlc5620_init                             0x08005ba5   Thumb Code    54  tlc5620.o(i.tlc5620_init)
    usart1_init                              0x08005be5   Thumb Code   372  usart.o(i.usart1_init)
    Res_Tab                                  0x08005d6c   Data         142  adc.o(.constdata)
    auchCRCHi                                0x08005e44   Data         256  flash.o(.constdata)
    auchCRCLo                                0x08005f44   Data         256  flash.o(.constdata)
    Region$$Table$$Base                      0x08006044   Number         0  anon$$obj.o(Region$$Table)
    Region$$Table$$Limit                     0x08006064   Number         0  anon$$obj.o(Region$$Table)
    WorkMode                                 0x20000000   Data           1  main.o(.data)
    receive_flag                             0x20000001   Data           1  main.o(.data)
    random                                   0x20000002   Data           1  main.o(.data)
    Tx_Buf                                   0x20000004   Data         255  usart.o(.data)
    Change_external_1                        0x20000104   Data           4  usart.o(.data)
    Err_addr                                 0x20000109   Data           1  usart.o(.data)
    internal_laser_flag                      0x2000010a   Data           1  usart.o(.data)
    falling_flag                             0x2000012a   Data           1  exti.o(.data)
    err_flag                                 0x2000012c   Data           1  timer.o(.data)
    PD1_Err_Flag                             0x2000012d   Data           1  timer.o(.data)
    PD2_Err_Flag                             0x2000012e   Data           1  timer.o(.data)
    drive_tab                                0x20000154   Data          16  ina.o(.data)
    drive_num                                0x20000164   Data           1  ina.o(.data)
    USART2_RX_STA                            0x20000166   Data           2  usart2.o(.data)
    USART2_Receive                           0x20000168   Data           1  usart2.o(.data)
    PAGE                                     0x20000169   Data          13  usart2.o(.data)
    REST                                     0x20000176   Data           7  usart2.o(.data)
    SN_WRITE                                 0x2000017d   Data          56  usart2.o(.data)
    SN_POWER                                 0x200001b5   Data          49  usart2.o(.data)
    ALARM_WRITE                              0x200001e6   Data          49  usart2.o(.data)
    LOCK_day                                 0x20000217   Data          50  usart2.o(.data)
    PdCode1_2                                0x20000249   Data          14  usart2.o(.data)
    QbhCode3                                 0x20000257   Data          15  usart2.o(.data)
    TCode4_7                                 0x20000266   Data          13  usart2.o(.data)
    CCode8_13                                0x20000273   Data          13  usart2.o(.data)
    FwCode14                                 0x20000280   Data          14  usart2.o(.data)
    StopCode15                               0x2000028e   Data          16  usart2.o(.data)
    numberCode16                             0x2000029e   Data          17  usart2.o(.data)
    PD_continuity17                          0x200002af   Data          21  usart2.o(.data)
    lock                                     0x200002c4   Data          12  usart2.o(.data)
    ALARM_WRITE00                            0x200002d0   Data          50  usart2.o(.data)
    ALARM_WRITE03                            0x20000302   Data          54  usart2.o(.data)
    ALARM_WRITE0E                            0x20000338   Data          55  usart2.o(.data)
    ALARM_WRITE0F                            0x2000036f   Data          55  usart2.o(.data)
    num                                      0x200003ac   Data           4  pvd.o(.data)
    SystemCoreClock                          0x200003b0   Data           4  system_stm32f10x.o(.data)
    AHBPrescTable                            0x200003b4   Data          16  system_stm32f10x.o(.data)
    info_1                                   0x200003dc   Data         116  main.o(.bss)
    frmFmt_1                                 0x20000450   Data         264  main.o(.bss)
    calendar                                 0x20000fb8   Data          14  rtc.o(.bss)
    drive                                    0x20000fc6   Data          16  ina.o(.bss)
    Average_I                                0x20000fd6   Data          32  ina.o(.bss)
    STMFLASH_BUF                             0x20001636   Data        2048  flash.o(.bss)
    USART2_RX_BUF                            0x20001e36   Data          10  usart2.o(.bss)
    __initial_sp                             0x20002240   Data           0  startup_stm32f10x_hd.o(STACK)



==============================================================================

Memory Map of the image

  Image Entry point : 0x08000131

  Load Region LR_IROM1 (Base: 0x08000000, Size: 0x00006440, Max: 0x00040000, ABSOLUTE, COMPRESSED[0x00006188])

    Execution Region ER_IROM1 (Base: 0x08000000, Size: 0x00006064, Max: 0x00040000, ABSOLUTE)

    Base Addr    Size         Type   Attr      Idx    E Section Name        Object

    0x08000000   0x00000130   Data   RO          858    RESET               startup_stm32f10x_hd.o
    0x08000130   0x00000000   Code   RO         3095  * .ARM.Collect$$$$00000000  mc_w.l(entry.o)
    0x08000130   0x00000004   Code   RO         3129    .ARM.Collect$$$$00000001  mc_w.l(entry2.o)
    0x08000134   0x00000004   Code   RO         3132    .ARM.Collect$$$$00000004  mc_w.l(entry5.o)
    0x08000138   0x00000000   Code   RO         3134    .ARM.Collect$$$$00000008  mc_w.l(entry7b.o)
    0x08000138   0x00000000   Code   RO         3136    .ARM.Collect$$$$0000000A  mc_w.l(entry8b.o)
    0x08000138   0x00000008   Code   RO         3137    .ARM.Collect$$$$0000000B  mc_w.l(entry9a.o)
    0x08000140   0x00000000   Code   RO         3139    .ARM.Collect$$$$0000000D  mc_w.l(entry10a.o)
    0x08000140   0x00000000   Code   RO         3141    .ARM.Collect$$$$0000000F  mc_w.l(entry11a.o)
    0x08000140   0x00000004   Code   RO         3130    .ARM.Collect$$$$00002712  mc_w.l(entry2.o)
    0x08000144   0x00000024   Code   RO          859    .text               startup_stm32f10x_hd.o
    0x08000168   0x00000024   Code   RO         3098    .text               mc_w.l(rand.o)
    0x0800018c   0x000000b0   Code   RO         3101    .text               mf_w.l(fadd.o)
    0x0800023c   0x00000064   Code   RO         3103    .text               mf_w.l(fmul.o)
    0x080002a0   0x0000014e   Code   RO         3105    .text               mf_w.l(dadd.o)
    0x080003ee   0x000000e4   Code   RO         3107    .text               mf_w.l(dmul.o)
    0x080004d2   0x000000de   Code   RO         3109    .text               mf_w.l(ddiv.o)
    0x080005b0   0x00000022   Code   RO         3111    .text               mf_w.l(dflti.o)
    0x080005d2   0x0000001a   Code   RO         3113    .text               mf_w.l(dfltui.o)
    0x080005ec   0x00000028   Code   RO         3115    .text               mf_w.l(ffixui.o)
    0x08000614   0x00000032   Code   RO         3117    .text               mf_w.l(dfixui.o)
    0x08000646   0x00000026   Code   RO         3119    .text               mf_w.l(f2d.o)
    0x0800066c   0x00000030   Code   RO         3121    .text               mf_w.l(cdcmple.o)
    0x0800069c   0x00000030   Code   RO         3123    .text               mf_w.l(cdrcmple.o)
    0x080006cc   0x00000038   Code   RO         3125    .text               mf_w.l(d2f.o)
    0x08000704   0x00000014   Code   RO         3127    .text               mf_w.l(cfrcmple.o)
    0x08000718   0x0000001e   Code   RO         3143    .text               mc_w.l(llshl.o)
    0x08000736   0x00000020   Code   RO         3145    .text               mc_w.l(llushr.o)
    0x08000756   0x00000024   Code   RO         3147    .text               mc_w.l(llsshr.o)
    0x0800077a   0x00000000   Code   RO         3149    .text               mc_w.l(iusefp.o)
    0x0800077a   0x0000006e   Code   RO         3150    .text               mf_w.l(fepilogue.o)
    0x080007e8   0x000000ba   Code   RO         3152    .text               mf_w.l(depilogue.o)
    0x080008a2   0x00000002   PAD
    0x080008a4   0x00000024   Code   RO         3154    .text               mc_w.l(init.o)
    0x080008c8   0x00000056   Code   RO         3164    .text               mc_w.l(__dczerorl2.o)
    0x0800091e   0x00000016   Code   RO          985    i.ADC_Cmd           stm32f10x_adc.o
    0x08000934   0x00000016   Code   RO          986    i.ADC_DMACmd        stm32f10x_adc.o
    0x0800094a   0x00000002   PAD
    0x0800094c   0x0000005c   Code   RO          987    i.ADC_DeInit        stm32f10x_adc.o
    0x080009a8   0x00000014   Code   RO          993    i.ADC_GetCalibrationStatus  stm32f10x_adc.o
    0x080009bc   0x00000014   Code   RO          999    i.ADC_GetResetCalibrationStatus  stm32f10x_adc.o
    0x080009d0   0x00000050   Code   RO         1003    i.ADC_Init          stm32f10x_adc.o
    0x08000a20   0x000000b8   Code   RO         1007    i.ADC_RegularChannelConfig  stm32f10x_adc.o
    0x08000ad8   0x0000000a   Code   RO         1008    i.ADC_ResetCalibration  stm32f10x_adc.o
    0x08000ae2   0x00000016   Code   RO         1010    i.ADC_SoftwareStartConvCmd  stm32f10x_adc.o
    0x08000af8   0x0000000a   Code   RO         1012    i.ADC_StartCalibration  stm32f10x_adc.o
    0x08000b02   0x00000002   PAD
    0x08000b04   0x00000098   Code   RO          473    i.Alarm_ON          timer.o
    0x08000b9c   0x00000078   Code   RO          830    i.Alarm_ON1         pvd.o
    0x08000c14   0x00000084   Code   RO          712    i.Alarm_ON2         flash.o
    0x08000c98   0x00000154   Code   RO          608    i.Average_Current   ina.o
    0x08000dec   0x00000010   Code   RO         1203    i.BKP_DeInit        stm32f10x_bkp.o
    0x08000dfc   0x0000001c   Code   RO         1208    i.BKP_ReadBackupRegister  stm32f10x_bkp.o
    0x08000e18   0x0000001c   Code   RO         1212    i.BKP_WriteBackupRegister  stm32f10x_bkp.o
    0x08000e34   0x00000004   Code   RO          103    i.BusFault_Handler  stm32f10x_it.o
    0x08000e38   0x00000048   Code   RO          474    i.Check_Alarm       timer.o
    0x08000e80   0x0000023c   Code   RO          475    i.Current_Check     timer.o
    0x080010bc   0x0000001c   Code   RO         1357    i.DMA_ClearFlag     stm32f10x_dma.o
    0x080010d8   0x0000001c   Code   RO         1358    i.DMA_ClearITPendingBit  stm32f10x_dma.o
    0x080010f4   0x00000018   Code   RO         1359    i.DMA_Cmd           stm32f10x_dma.o
    0x0800110c   0x0000014c   Code   RO         1360    i.DMA_DeInit        stm32f10x_dma.o
    0x08001258   0x00000008   Code   RO         1361    i.DMA_GetCurrDataCounter  stm32f10x_dma.o
    0x08001260   0x0000002c   Code   RO         1363    i.DMA_GetITStatus   stm32f10x_dma.o
    0x0800128c   0x00000012   Code   RO         1364    i.DMA_ITConfig      stm32f10x_dma.o
    0x0800129e   0x0000003c   Code   RO         1365    i.DMA_Init          stm32f10x_dma.o
    0x080012da   0x00000002   PAD
    0x080012dc   0x00000050   Code   RO          230    i.DMA_usart1_Send   usart.o
    0x0800132c   0x00000002   Code   RO          104    i.DebugMon_Handler  stm32f10x_it.o
    0x0800132e   0x00000002   PAD
    0x08001330   0x00000030   Code   RO          433    i.EXTI2_IRQHandler  exti.o
    0x08001360   0x00000050   Code   RO          434    i.EXTI3_IRQHandler  exti.o
    0x080013b0   0x00000098   Code   RO          435    i.EXTI4_IRQHandler  exti.o
    0x08001448   0x00000012   Code   RO          436    i.EXTI9_5_IRQHandler  exti.o
    0x0800145a   0x00000002   PAD
    0x0800145c   0x0000000c   Code   RO         1430    i.EXTI_ClearITPendingBit  stm32f10x_exti.o
    0x08001468   0x00000028   Code   RO         1434    i.EXTI_GetITStatus  stm32f10x_exti.o
    0x08001490   0x00000094   Code   RO         1435    i.EXTI_Init         stm32f10x_exti.o
    0x08001524   0x00000088   Code   RO          476    i.ExtMode_Update    timer.o
    0x080015ac   0x0000004c   Code   RO         1488    i.FLASH_ErasePage   stm32f10x_flash.o
    0x080015f8   0x00000034   Code   RO         1489    i.FLASH_GetBank1Status  stm32f10x_flash.o
    0x0800162c   0x00000014   Code   RO         1498    i.FLASH_Lock        stm32f10x_flash.o
    0x08001640   0x00000040   Code   RO         1501    i.FLASH_ProgramHalfWord  stm32f10x_flash.o
    0x08001680   0x00000018   Code   RO         1506    i.FLASH_Unlock      stm32f10x_flash.o
    0x08001698   0x00000026   Code   RO         1510    i.FLASH_WaitForLastOperation  stm32f10x_flash.o
    0x080016be   0x00000002   PAD
    0x080016c0   0x00000138   Code   RO          713    i.File_Lock_down    flash.o
    0x080017f8   0x00000108   Code   RO          714    i.File_Lock_up      flash.o
    0x08001900   0x00000094   Code   RO          477    i.Flow_Check        timer.o
    0x08001994   0x00000040   Code   RO         1660    i.GPIO_EXTILineConfig  stm32f10x_gpio.o
    0x080019d4   0x00000116   Code   RO         1663    i.GPIO_Init         stm32f10x_gpio.o
    0x08001aea   0x00000002   PAD
    0x08001aec   0x00000090   Code   RO         1665    i.GPIO_PinRemapConfig  stm32f10x_gpio.o
    0x08001b7c   0x00000010   Code   RO          478    i.GetInfo           timer.o
    0x08001b8c   0x00000030   Code   RO          609    i.Get_Current       ina.o
    0x08001bbc   0x0000020c   Code   RO          203    i.Get_adc           adc.o
    0x08001dc8   0x00000004   Code   RO          105    i.HardFault_Handler  stm32f10x_it.o
    0x08001dcc   0x00000034   Code   RO          610    i.IIC_Ack           ina.o
    0x08001e00   0x0000000c   Code   RO          611    i.IIC_Delay         ina.o
    0x08001e0c   0x00000034   Code   RO          612    i.IIC_NAck          ina.o
    0x08001e40   0x00000054   Code   RO          613    i.IIC_Read_Byte     ina.o
    0x08001e94   0x0000004c   Code   RO          614    i.IIC_Send_Byte     ina.o
    0x08001ee0   0x00000034   Code   RO          615    i.IIC_Start         ina.o
    0x08001f14   0x00000030   Code   RO          616    i.IIC_Stop          ina.o
    0x08001f44   0x0000004c   Code   RO          617    i.IIC_Wait_Ack      ina.o
    0x08001f90   0x000000bc   Code   RO          618    i.INA220_Init       ina.o
    0x0800204c   0x0000004c   Code   RO          619    i.INA220_ReadOneWord  ina.o
    0x08002098   0x0000003c   Code   RO          620    i.INA220_WriteOneWord  ina.o
    0x080020d4   0x0000005c   Code   RO          621    i.INA_ReadCurrent   ina.o
    0x08002130   0x0000003a   Code   RO          364    i.Is_Leap_Year      rtc.o
    0x0800216a   0x00000004   Code   RO          106    i.MemManage_Handler  stm32f10x_it.o
    0x0800216e   0x00000002   Code   RO          107    i.NMI_Handler       stm32f10x_it.o
    0x08002170   0x00000070   Code   RO          927    i.NVIC_Init         misc.o
    0x080021e0   0x00000014   Code   RO          928    i.NVIC_PriorityGroupConfig  misc.o
    0x080021f4   0x000001a4   Code   RO          479    i.PD_Check          timer.o
    0x08002398   0x0000003c   Code   RO          831    i.PVD_IRQHandler    pvd.o
    0x080023d4   0x0000000c   Code   RO         2017    i.PWR_BackupAccessCmd  stm32f10x_pwr.o
    0x080023e0   0x00000130   Code   RO          231    i.Parameters        usart.o
    0x08002510   0x00000002   Code   RO          108    i.PendSV_Handler    stm32f10x_it.o
    0x08002512   0x00000002   PAD
    0x08002514   0x00000078   Code   RO          480    i.QBH_Check         timer.o
    0x0800258c   0x00000018   Code   RO         2077    i.RCC_ADCCLKConfig  stm32f10x_rcc.o
    0x080025a4   0x00000020   Code   RO         2078    i.RCC_AHBPeriphClockCmd  stm32f10x_rcc.o
    0x080025c4   0x00000020   Code   RO         2079    i.RCC_APB1PeriphClockCmd  stm32f10x_rcc.o
    0x080025e4   0x00000020   Code   RO         2081    i.RCC_APB2PeriphClockCmd  stm32f10x_rcc.o
    0x08002604   0x00000020   Code   RO         2082    i.RCC_APB2PeriphResetCmd  stm32f10x_rcc.o
    0x08002624   0x0000000c   Code   RO         2084    i.RCC_BackupResetCmd  stm32f10x_rcc.o
    0x08002630   0x000000d4   Code   RO         2089    i.RCC_GetClocksFreq  stm32f10x_rcc.o
    0x08002704   0x0000003c   Code   RO         2090    i.RCC_GetFlagStatus  stm32f10x_rcc.o
    0x08002740   0x00000034   Code   RO         2097    i.RCC_LSEConfig     stm32f10x_rcc.o
    0x08002774   0x0000000c   Code   RO         2104    i.RCC_RTCCLKCmd     stm32f10x_rcc.o
    0x08002780   0x00000010   Code   RO         2105    i.RCC_RTCCLKConfig  stm32f10x_rcc.o
    0x08002790   0x00000010   Code   RO         3006    i.RTC_ClearITPendingBit  stm32f10x_rtc.o
    0x080027a0   0x00000014   Code   RO         3007    i.RTC_EnterConfigMode  stm32f10x_rtc.o
    0x080027b4   0x00000014   Code   RO         3008    i.RTC_ExitConfigMode  stm32f10x_rtc.o
    0x080027c8   0x00000108   Code   RO          365    i.RTC_Get           rtc.o
    0x080028d0   0x00000014   Code   RO         3009    i.RTC_GetCounter    stm32f10x_rtc.o
    0x080028e4   0x00000024   Code   RO         3012    i.RTC_GetITStatus   stm32f10x_rtc.o
    0x08002908   0x00000078   Code   RO          366    i.RTC_Get_Week      rtc.o
    0x08002980   0x0000002c   Code   RO          367    i.RTC_IRQHandler    rtc.o
    0x080029ac   0x00000020   Code   RO         3013    i.RTC_ITConfig      stm32f10x_rtc.o
    0x080029cc   0x000000e8   Code   RO          368    i.RTC_Init          rtc.o
    0x08002ab4   0x000000cc   Code   RO          369    i.RTC_Set           rtc.o
    0x08002b80   0x0000001c   Code   RO         3014    i.RTC_SetAlarm      stm32f10x_rtc.o
    0x08002b9c   0x0000001c   Code   RO         3015    i.RTC_SetCounter    stm32f10x_rtc.o
    0x08002bb8   0x00000020   Code   RO         3016    i.RTC_SetPrescaler  stm32f10x_rtc.o
    0x08002bd8   0x00000014   Code   RO         3017    i.RTC_WaitForLastTask  stm32f10x_rtc.o
    0x08002bec   0x00000024   Code   RO         3018    i.RTC_WaitForSynchro  stm32f10x_rtc.o
    0x08002c10   0x00000048   Code   RO          232    i.Read_Err_History  usart.o
    0x08002c58   0x00000014   Code   RO          715    i.Read_Flash_Word   flash.o
    0x08002c6c   0x0000002c   Code   RO          233    i.ResponseLaserOff  usart.o
    0x08002c98   0x0000002c   Code   RO          234    i.ResponseLaserOn   usart.o
    0x08002cc4   0x00000020   Code   RO          623    i.SDA_IN            ina.o
    0x08002ce4   0x00000020   Code   RO          624    i.SDA_OUT           ina.o
    0x08002d04   0x00000022   Code   RO          716    i.STMFLASH_Read     flash.o
    0x08002d26   0x00000006   Code   RO          717    i.STMFLASH_ReadHalfWord  flash.o
    0x08002d2c   0x000000e8   Code   RO          718    i.STMFLASH_Write    flash.o
    0x08002e14   0x00000026   Code   RO          719    i.STMFLASH_Write_NoCheck  flash.o
    0x08002e3a   0x00000002   Code   RO          109    i.SVC_Handler       stm32f10x_it.o
    0x08002e3c   0x00000030   Code   RO          235    i.Send_Err          usart.o
    0x08002e6c   0x000000f0   Code   RO          236    i.Send_ErrSave      usart.o
    0x08002f5c   0x00000110   Code   RO          237    i.Send_PC_Err_History  usart.o
    0x0800306c   0x000001ec   Code   RO          240    i.Send_Status       usart.o
    0x08003258   0x00000008   Code   RO          874    i.SetSysClock       system_stm32f10x.o
    0x08003260   0x000000e0   Code   RO          875    i.SetSysClockTo72   system_stm32f10x.o
    0x08003340   0x0000013c   Code   RO          596    i.Set_LD_Volt       power_convert.o
    0x0800347c   0x0000004c   Code   RO          481    i.Set_PWM           timer.o
    0x080034c8   0x00000028   Code   RO          482    i.Stop_Check        timer.o
    0x080034f0   0x00000028   Code   RO          931    i.SysTick_CLKSourceConfig  misc.o
    0x08003518   0x00000002   Code   RO          110    i.SysTick_Handler   stm32f10x_it.o
    0x0800351a   0x00000002   PAD
    0x0800351c   0x00000060   Code   RO          877    i.SystemInit        system_stm32f10x.o
    0x0800357c   0x000000e8   Code   RO          484    i.TIM2_IRQHandler   timer.o
    0x08003664   0x000000d4   Code   RO          485    i.TIM3_IRQHandler   timer.o
    0x08003738   0x000000c4   Code   RO          486    i.TIM5_IRQHandler   timer.o
    0x080037fc   0x00000018   Code   RO         2281    i.TIM_ARRPreloadConfig  stm32f10x_tim.o
    0x08003814   0x00000006   Code   RO         2288    i.TIM_ClearITPendingBit  stm32f10x_tim.o
    0x0800381a   0x00000018   Code   RO         2293    i.TIM_Cmd           stm32f10x_tim.o
    0x08003832   0x0000001e   Code   RO         2295    i.TIM_CtrlPWMOutputs  stm32f10x_tim.o
    0x08003850   0x00000022   Code   RO         2314    i.TIM_GetITStatus   stm32f10x_tim.o
    0x08003872   0x00000012   Code   RO         2318    i.TIM_ITConfig      stm32f10x_tim.o
    0x08003884   0x0000007c   Code   RO         2337    i.TIM_OC4Init       stm32f10x_tim.o
    0x08003900   0x0000001a   Code   RO         2339    i.TIM_OC4PreloadConfig  stm32f10x_tim.o
    0x0800391a   0x00000002   PAD
    0x0800391c   0x000000a4   Code   RO         2364    i.TIM_TimeBaseInit  stm32f10x_tim.o
    0x080039c0   0x00000028   Code   RO          166    i.TLC5620SendAddr   tlc5620.o
    0x080039e8   0x0000002c   Code   RO          167    i.TLC5620SendBit    tlc5620.o
    0x08003a14   0x0000001e   Code   RO          168    i.TLC5620SendByte   tlc5620.o
    0x08003a32   0x00000002   PAD
    0x08003a34   0x00000084   Code   RO          169    i.TLC5620_Set_DA    tlc5620.o
    0x08003ab8   0x00000140   Code   RO          487    i.Temp_Check        timer.o
    0x08003bf8   0x0000006c   Code   RO          242    i.USART1_IRQHandler  usart.o
    0x08003c64   0x000000ec   Code   RO          792    i.USART2_IRQHandler  usart2.o
    0x08003d50   0x00000012   Code   RO         2825    i.USART_ClearFlag   stm32f10x_usart.o
    0x08003d62   0x0000001e   Code   RO         2826    i.USART_ClearITPendingBit  stm32f10x_usart.o
    0x08003d80   0x00000018   Code   RO         2829    i.USART_Cmd         stm32f10x_usart.o
    0x08003d98   0x00000012   Code   RO         2830    i.USART_DMACmd      stm32f10x_usart.o
    0x08003daa   0x0000001a   Code   RO         2832    i.USART_GetFlagStatus  stm32f10x_usart.o
    0x08003dc4   0x00000054   Code   RO         2833    i.USART_GetITStatus  stm32f10x_usart.o
    0x08003e18   0x0000004a   Code   RO         2835    i.USART_ITConfig    stm32f10x_usart.o
    0x08003e62   0x00000002   PAD
    0x08003e64   0x000000d8   Code   RO         2836    i.USART_Init        stm32f10x_usart.o
    0x08003f3c   0x0000000a   Code   RO         2843    i.USART_ReceiveData  stm32f10x_usart.o
    0x08003f46   0x00000004   Code   RO          111    i.UsageFault_Handler  stm32f10x_it.o
    0x08003f4a   0x00000002   PAD
    0x08003f4c   0x00000070   Code   RO          244    i.Write_Err_eeprom  usart.o
    0x08003fbc   0x00000010   Code   RO          720    i.Write_Flash_Word  flash.o
    0x08003fcc   0x0000000e   Code   RO         3158    i.__scatterload_copy  mc_w.l(handlers.o)
    0x08003fda   0x00000002   Code   RO         3159    i.__scatterload_null  mc_w.l(handlers.o)
    0x08003fdc   0x0000000e   Code   RO         3160    i.__scatterload_zeroinit  mc_w.l(handlers.o)
    0x08003fea   0x00000002   PAD
    0x08003fec   0x000001b4   Code   RO          204    i.adc_init          adc.o
    0x080041a0   0x0000003c   Code   RO          245    i.clean_Err_eeprom  usart.o
    0x080041dc   0x00000be8   Code   RO          246    i.com_app           usart.o
    0x08004dc4   0x00000038   Code   RO          721    i.crc16             flash.o
    0x08004dfc   0x00000044   Code   RO          570    i.delay_init        delay.o
    0x08004e40   0x0000004c   Code   RO          571    i.delay_ms          delay.o
    0x08004e8c   0x0000004c   Code   RO          572    i.delay_us          delay.o
    0x08004ed8   0x0000010c   Code   RO          437    i.exti_init         exti.o
    0x08004fe4   0x00000036   Code   RO          248    i.get_crc           usart.o
    0x0800501a   0x00000002   PAD
    0x0800501c   0x000000ac   Code   RO          370    i.get_secod_count   rtc.o
    0x080050c8   0x00000140   Code   RO            2    i.gpio_init         main.o
    0x08005208   0x00000488   Code   RO          722    i.load_para         flash.o
    0x08005690   0x0000007c   Code   RO          371    i.lock_action       rtc.o
    0x0800570c   0x00000068   Code   RO            3    i.main              main.o
    0x08005774   0x000001ac   Code   RO          372    i.power_on_lock_action  rtc.o
    0x08005920   0x000000e4   Code   RO          205    i.temp_calcuate     adc.o
    0x08005a04   0x000001a0   Code   RO          488    i.timer_init        timer.o
    0x08005ba4   0x00000040   Code   RO          170    i.tlc5620_init      tlc5620.o
    0x08005be4   0x00000188   Code   RO          249    i.usart1_init       usart.o
    0x08005d6c   0x0000008e   Data   RO          207    .constdata          adc.o
    0x08005dfa   0x00000002   PAD
    0x08005dfc   0x0000000a   Data   RO          251    .constdata          usart.o
    0x08005e06   0x00000002   PAD
    0x08005e08   0x0000003c   Data   RO          374    .constdata          rtc.o
    0x08005e44   0x00000200   Data   RO          724    .constdata          flash.o
    0x08006044   0x00000020   Data   RO         3156    Region$$Table       anon$$obj.o


    Execution Region RW_IRAM1 (Base: 0x20000000, Size: 0x00002240, Max: 0x0000c000, ABSOLUTE, COMPRESSED[0x00000124])

    Base Addr    Size         Type   Attr      Idx    E Section Name        Object

    0x20000000   0x00000003   Data   RW            5    .data               main.o
    0x20000003   0x00000001   PAD
    0x20000004   0x0000010a   Data   RW          252    .data               usart.o
    0x2000010e   0x00000002   PAD
    0x20000110   0x0000001a   Data   RW          375    .data               rtc.o
    0x2000012a   0x00000001   Data   RW          438    .data               exti.o
    0x2000012b   0x00000001   PAD
    0x2000012c   0x0000001f   Data   RW          489    .data               timer.o
    0x2000014b   0x00000001   PAD
    0x2000014c   0x00000004   Data   RW          573    .data               delay.o
    0x20000150   0x00000015   Data   RW          626    .data               ina.o
    0x20000165   0x00000001   PAD
    0x20000166   0x00000245   Data   RW          795    .data               usart2.o
    0x200003ab   0x00000001   PAD
    0x200003ac   0x00000004   Data   RW          833    .data               pvd.o
    0x200003b0   0x00000014   Data   RW          878    .data               system_stm32f10x.o
    0x200003c4   0x00000014   Data   RW         2109    .data               stm32f10x_rcc.o
    0x200003d8   0x00000004   Data   RW         3099    .data               mc_w.l(rand.o)
    0x200003dc   0x0000017c   Zero   RW            4    .bss                main.o
    0x20000558   0x00000960   Zero   RW          206    .bss                adc.o
    0x20000eb8   0x000000ff   Zero   RW          250    .bss                usart.o
    0x20000fb7   0x00000001   PAD
    0x20000fb8   0x0000000e   Zero   RW          373    .bss                rtc.o
    0x20000fc6   0x00000670   Zero   RW          625    .bss                ina.o
    0x20001636   0x00000800   Zero   RW          723    .bss                flash.o
    0x20001e36   0x0000000a   Zero   RW          794    .bss                usart2.o
    0x20001e40   0x00000400   Zero   RW          856    STACK               startup_stm32f10x_hd.o


==============================================================================

Image component sizes


      Code (inc. data)   RO Data    RW Data    ZI Data      Debug   Object Name

      1188         78        142          0       2400       2827   adc.o
       220         26          0          4          0       1583   delay.o
       566         64          0          1          0       2685   exti.o
      2270        132        512          0       2048       7765   flash.o
      1320        160          0         21       1648       8880   ina.o
       424         58          0          3        380     307795   main.o
       172         22          0          0          0     235865   misc.o
       316         46          0          0          0        590   power_convert.o
       180         30          0          4          0       1071   pvd.o
      1646        162         60         26         14      14091   rtc.o
        36          8        304          0       1024        796   startup_stm32f10x_hd.o
       482         24          0          0          0       7450   stm32f10x_adc.o
        72         10          0          0          0       2496   stm32f10x_bkp.o
       542         36          0          0          0       5800   stm32f10x_dma.o
       200         18          0          0          0       1912   stm32f10x_exti.o
       274         30          0          0          0       3162   stm32f10x_flash.o
       486         10          0          0          0       3224   stm32f10x_gpio.o
        26          0          0          0          0       3626   stm32f10x_it.o
        12          6          0          0          0        466   stm32f10x_pwr.o
       516         76          0         20          0       8254   stm32f10x_rcc.o
       288         52          0          0          0       5207   stm32f10x_rtc.o
       450         52          0          0          0       5483   stm32f10x_tim.o
       500          6          0          0          0       6943   stm32f10x_usart.o
       328         28          0         20          0       2045   system_stm32f10x.o
      3128        306          0         31          0       9097   timer.o
       310         42          0          0          0       2512   tlc5620.o
      5370        352         10        266        255      18199   usart.o
       236         16          0        581         10       2841   usart2.o

    ----------------------------------------------------------------------
     21586       1850       1064        984       7780     672665   Object Totals
         0          0         32          0          0          0   (incl. Generated)
        28          0          4          7          1          0   (incl. Padding)

    ----------------------------------------------------------------------

      Code (inc. data)   RO Data    RW Data    ZI Data      Debug   Library Member Name

        86          0          0          0          0          0   __dczerorl2.o
         0          0          0          0          0          0   entry.o
         0          0          0          0          0          0   entry10a.o
         0          0          0          0          0          0   entry11a.o
         8          4          0          0          0          0   entry2.o
         4          0          0          0          0          0   entry5.o
         0          0          0          0          0          0   entry7b.o
         0          0          0          0          0          0   entry8b.o
         8          4          0          0          0          0   entry9a.o
        30          0          0          0          0          0   handlers.o
        36          8          0          0          0         68   init.o
         0          0          0          0          0          0   iusefp.o
        30          0          0          0          0         68   llshl.o
        36          0          0          0          0         68   llsshr.o
        32          0          0          0          0         68   llushr.o
        36         10          0          4          0        136   rand.o
        48          0          0          0          0         68   cdcmple.o
        48          0          0          0          0         68   cdrcmple.o
        20          0          0          0          0         68   cfrcmple.o
        56          0          0          0          0         88   d2f.o
       334          0          0          0          0        148   dadd.o
       222          0          0          0          0        100   ddiv.o
       186          0          0          0          0        176   depilogue.o
        50          0          0          0          0         76   dfixui.o
        34          0          0          0          0         76   dflti.o
        26          0          0          0          0         76   dfltui.o
       228          0          0          0          0         96   dmul.o
        38          0          0          0          0         68   f2d.o
       176          0          0          0          0        140   fadd.o
       110          0          0          0          0        168   fepilogue.o
        40          0          0          0          0         68   ffixui.o
       100          0          0          0          0         76   fmul.o

    ----------------------------------------------------------------------
      2026         26          0          4          0       1968   Library Totals
         4          0          0          0          0          0   (incl. Padding)

    ----------------------------------------------------------------------

      Code (inc. data)   RO Data    RW Data    ZI Data      Debug   Library Name

       306         26          0          4          0        408   mc_w.l
      1716          0          0          0          0       1560   mf_w.l

    ----------------------------------------------------------------------
      2026         26          0          4          0       1968   Library Totals

    ----------------------------------------------------------------------

==============================================================================


      Code (inc. data)   RO Data    RW Data    ZI Data      Debug   

     23612       1876       1064        988       7780     664933   Grand Totals
     23612       1876       1064        292       7780     664933   ELF Image Totals (compressed)
     23612       1876       1064        292          0          0   ROM Totals

==============================================================================

    Total RO  Size (Code + RO Data)                24676 (  24.10kB)
    Total RW  Size (RW Data + ZI Data)              8768 (   8.56kB)
    Total ROM Size (Code + RO Data + RW Data)      24968 (  24.38kB)

==============================================================================

