<html>
<body>
<pre>
<h1>礦ision Build Log</h1>
<h2>Tool Versions:</h2>
IDE-Version: μVision V5.22.0.0
Copyright (C) 2016 ARM Ltd and ARM Germany GmbH. All rights reserved.
License Information: 1 1, 11, LIC=WHY30-B0AY7-DKBBN-Y94G7-B3KT1-N5MP9
 
Tool Versions:
Toolchain:       MDK-ARM Plus  Version: 5.22
Toolchain Path:  C:\Keil_v5\ARM\ARMCC\Bin
C Compiler:      Armcc.exe V5.06 update 4 (build 422)
Assembler:       Armasm.exe V5.06 update 4 (build 422)
Linker/Locator:  ArmLink.exe V5.06 update 4 (build 422)
Library Manager: ArmAr.exe V5.06 update 4 (build 422)
Hex Converter:   FromElf.exe V5.06 update 4 (build 422)
CPU DLL:         SARMCM3.DLL V5.22
Dialog DLL:      DCM.DLL V1.13.9.0
Target DLL:      UL2CM3.DLL V1.159.0.0
Dialog DLL:      TCM.DLL V1.21.0.0
 
<h2>Project:</h2>
E:\云平台\第一版软件\SM_KeyDay.V1.0.0\HC_ZCB001_V1.0.0.uvprojx
Project File Date:  11/09/2020

<h2>Output:</h2>
*** Using Compiler 'V5.06 update 4 (build 422)', folder: 'C:\Keil_v5\ARM\ARMCC\Bin'
Build target 'HC_ZCB001_V0.9'
compiling ina.c...
compiling usart.c...
HARDWARE\usart.c(531): warning:  #177-D: variable "Login_key"  was declared but never referenced
    static u8 Login_key=1; //每次开机登录一次
HARDWARE\usart.c: 1 warning, 0 errors
linking...
Program Size: Code=23612 RO-data=1064 RW-data=988 ZI-data=7780  
FromELF: creating hex file...
".\Output\HC_ZCB001_V3.01.hex" - 0 Error(s), 1 Warning(s).

<h2>Collection of Component include folders:</h2>
  E:\云平台\第一版软件\SM_KeyDay.V1.0.0\RTE\_HC_ZCB001_V0.9
  C:\Keil_v5\ARM\PACK\Keil\STM32F1xx_DFP\2.0.0\Device\Include

<h2>Collection of Component Files used:</h2>
Build Time Elapsed:  00:00:01
</pre>
</body>
</html>
