<html>
<body>
<pre>
<h1>礦ision Build Log</h1>
<h2>Tool Versions:</h2>
IDE-Version: μVision V5.14.2
Copyright (C) 2015 ARM Ltd and ARM Germany GmbH. All rights reserved.
License Information: Cortex-M3, Microsoft, LIC=KIVDY-IPFY6-D1APR-KR9C6-B1KV1-L4PPV
 
Tool Versions:
Toolchain:       MDK-ARM Professional  Version: 5.14.0.0
Toolchain Path:  C:\Keil_v5\ARM\ARMCC\Bin
C Compiler:      Armcc.exe V5.05 update 1 (build 106)
Assembler:       Armasm.exe V5.05 update 1 (build 106)
Linker/Locator:  ArmLink.exe V5.05 update 1 (build 106)
Library Manager: ArmAr.exe V5.05 update 1 (build 106)
Hex Converter:   FromElf.exe V5.05 update 1 (build 106)
CPU DLL:         SARMCM3.DLL V5.14.0.0
Dialog DLL:      DCM.DLL V1.13.1.0
Target DLL:      STLink\ST-LINKIII-KEIL_SWO.dll V2.0.14.0_KEIL
Dialog DLL:      TCM.DLL V1.14.4.0
 
<h2>Project:</h2>
D:\云平台\第一版软件\SM_KeyDay.V1.0.0\HC_ZCB001_V1.0.0.uvprojx
Project File Date:  09/22/2019

<h2>Output:</h2>
*** Using Compiler 'V5.05 update 1 (build 106)', folder: 'C:\Keil_v5\ARM\ARMCC\Bin'
Build target 'HC_ZCB001_V0.9'
compiling main.c...
USER\main.c(59): warning:  #177-D: function "IWDG_Config" was declared but never referenced
  static void IWDG_Config(uint8_t prv ,uint16_t rlv)
USER\main.c: 1 warning, 0 errors
compiling stm32f10x_it.c...
compiling tlc5620.c...
compiling adc.c...
compiling usart.c...
HARDWARE\usart.c(507): warning:  #177-D: variable "Login_key" was declared but never referenced
    static u8 Login_key=1; //每次开机登录一次
HARDWARE\usart.c: 1 warning, 0 errors
compiling rtc.c...
compiling exti.c...
compiling timer.c...
compiling delay.c...
compiling power_convert.c...
compiling ina.c...
compiling flash.c...
compiling usart2.c...
compiling pvd.c...
assembling startup_stm32f10x_hd.s...
compiling core_cm3.c...
compiling system_stm32f10x.c...
compiling misc.c...
compiling stm32f10x_adc.c...
compiling stm32f10x_bkp.c...
compiling stm32f10x_dac.c...
compiling stm32f10x_dma.c...
compiling stm32f10x_exti.c...
compiling stm32f10x_flash.c...
compiling stm32f10x_gpio.c...
compiling stm32f10x_i2c.c...
compiling stm32f10x_iwdg.c...
compiling stm32f10x_pwr.c...
compiling stm32f10x_rcc.c...
compiling stm32f10x_tim.c...
compiling stm32f10x_usart.c...
compiling stm32f10x_rtc.c...
linking...
Program Size: Code=23240 RO-data=1064 RW-data=988 ZI-data=6964  
FromELF: creating hex file...
".\Output\HC_ZCB001_V3.01.hex" - 0 Error(s), 2 Warning(s).

<h2>Collection of Component include folders:</h2>
  D:\云平台\第一版软件\SM_KeyDay.V1.0.0\RTE
  C:\Keil_v5\ARM\PACK\Keil\STM32F1xx_DFP\1.1.0\Device\Include

<h2>Collection of Component Files used:</h2>
</pre>
</body>
</html>
